I/Chaos   ( 4362): Shader => files/shaders/shader2.vs
F/libc    ( 4362): Fatal signal 11 (SIGSEGV), code 1, fault addr 0xfffffffc in tid 4362 (s.example.basic)
I/libc    ( 4362): Suppressing debuggerd output because prctl(PR_GET_DUMPABLE)==0
W/[SystemUI]ColorInversionHandler(  993): SettingNotFoundException
D/StatusBarKeyguardViewManager(  993): onConfigurationChanged() new Orientation : 2
D/StatusBarKeyguardViewManager(  993): adjustCameraSliderVisibility: shouldVisible = false, mGlanceViewNow = false
D/SplitWindow(  708): check instance of lgWin Window{381fca70 u0 SearchPanel}
V/ILGDrmService(  200): eDRM_IsDRMByHnd +++
V/ILGDrmService(  200): eDRM_IsDRMByHnd ---#2
I/Zygote  (  223): Process 4362 exited due to signal (11)
I/ActivityManager(  708): Process com.chaos.example.basic (pid 4362) has died
I/ActivityManager(  708): Start proc com.chaos.example.basic for activity com.chaos.example.basic/.ChaosActivity: pid=4379 uid=10094 gids={50094, 9997, 1028, 1015} abi=armeabi-v7a
I/PowerManagerExtJar( 1376): activity Resume: com.chaos.example.basic/com.chaos.example.basic.ChaosActivity
I/ImageWallpaper(  993): updateWallpaperLocked() mBackground = android.graphics.Bitmap@d84e2c6, width = 480, height = 854
I/[MALI][Gralloc](  169): usage: 0xf02, format: 1 stride: 480 vertical_stride: 854 size: 1639680
I/MaliEGL (  993): [Mali]window_type=1, is_framebuffer=0, errnum = 0
I/MaliEGL (  993): [Mali]surface->num_buffers=4, surface->num_frames=3, win_min_undequeued=1
I/MaliEGL (  993): [Mali]max_allowed_dequeued_buffers=3
I/[MALI][Gralloc](  169): usage: 0xf02, format: 1 stride: 864 vertical_stride: 480 size: 1658880
I/[SystemUI]NavigationThemeResource(  993): NavigationKey Color is changed(WHITE_WITH_SHADOW -> WHITE)
I/[SystemUI]NavigationThemeResource(  993):  BarMode=0, Theme=BLACK, LightBackground=false (Transparent)
I/[SystemUI]NavigationThemeResource(  993): , Keyguard show=false, IME shown=false, Panel expanded=false
D/PhoneStatusBar(  993): setSystemUiVisibility vis=0 mask=ffffffff oldVal=8600 newVal=0 diff=8600
I/[SystemUI]OperatorTextView(  993): Operator(100) is invalid
I/[SystemUI]OperatorTextView(  993): Operator(100) is invalid
I/[SystemUI]StatusBar.NetworkController(  993): refreshViews 1 connected={ } level=3 mobileLabel=PLAY wifiLabel= emergencyOnly=false
I/[SystemUI]Clock(  993): onReceive = android.intent.action.CONFIGURATION_CHANGED
I/[SystemUI]QSlide(  993): onReceive = android.intent.action.CONFIGURATION_CHANGED
E/libEGL  ( 4379): call to OpenGL ES API with no current context (logged once per thread)
I/Chaos   ( 4379): glVersion (onCreate): (null)
E/libEGL  ( 4379): call to OpenGL ES API with no current context (logged once per thread)
E/libEGL  ( 4379): call to OpenGL ES API with no current context (logged once per thread)
E/libEGL  ( 4379): call to OpenGL ES API with no current context (logged once per thread)
E/libEGL  ( 4379): call to OpenGL ES API with no current context (logged once per thread)
E/libEGL  ( 4379): call to OpenGL ES API with no current context (logged once per thread)
E/libEGL  ( 4379): call to OpenGL ES API with no current context (logged once per thread)
E/libEGL  ( 4379): call to OpenGL ES API with no current context (logged once per thread)
E/libEGL  ( 4379): call to OpenGL ES API with no current context (logged once per thread)
E/libEGL  ( 4379): call to OpenGL ES API with no current context (logged once per thread)
E/libEGL  ( 4379): call to OpenGL ES API with no current context (logged once per thread)
E/libEGL  ( 4379): call to OpenGL ES API with no current context (logged once per thread)
E/libEGL  ( 4379): call to OpenGL ES API with no current context (logged once per thread)
E/libEGL  ( 4379): call to OpenGL ES API with no current context (logged once per thread)
E/libEGL  ( 4379): call to OpenGL ES API with no current context (logged once per thread)
E/libEGL  ( 4379): call to OpenGL ES API with no current context (logged once per thread)
E/libEGL  ( 4379): call to OpenGL ES API with no current context (logged once per thread)
E/libEGL  ( 4379): call to OpenGL ES API with no current context (logged once per thread)
E/libEGL  ( 4379): call to OpenGL ES API with no current context (logged once per thread)
E/libEGL  ( 4379): call to OpenGL ES API with no current context (logged once per thread)
E/libEGL  ( 4379): call to OpenGL ES API with no current context (logged once per thread)
E/libEGL  ( 4379): call to OpenGL ES API with no current context (logged once per thread)
E/libEGL  ( 4379): call to OpenGL ES API with no current context (logged once per thread)
E/libEGL  ( 4379): call to OpenGL ES API with no current context (logged once per thread)
E/libEGL  ( 4379): call to OpenGL ES API with no current context (logged once per thread)
E/libEGL  ( 4379): call to OpenGL ES API with no current context (logged once per thread)
I/Chaos   ( 4379): shr0
I/Chaos   ( 4379): addShader 0, Shader_Pos
I/Chaos   ( 4379): addShader 1
I/Chaos   ( 4379): ShaderProgram
E/libEGL  ( 4379): call to OpenGL ES API with no current context (logged once per thread)
I/Chaos   ( 4379): ShaderProgram 2
I/Chaos   ( 4379): ShaderProgram 3
I/Chaos   ( 4379): ShaderProgram 3.5 vol1
I/Chaos   ( 4379): Shader => files/shaders/shader2.vs
F/libc    ( 4379): Fatal signal 11 (SIGSEGV), code 1, fault addr 0xfffffffc in tid 4379 (s.example.basic)
I/libc    ( 4379): Suppressing debuggerd output because prctl(PR_GET_DUMPABLE)==0
W/ResourcesManager(  993): Asset path '/system/framework/com.google.android.maps.jar' does not exist or contains no resources.
I/[SystemUI]BrightnessSlider(  993): onReceive = android.intent.action.CONFIGURATION_CHANGED
I/[SystemUI]VolumeSlider(  993): onReceive = android.intent.action.CONFIGURATION_CHANGED
I/[MALI][Gralloc](  169): usage: 0xf02, format: 1 stride: 80 vertical_stride: 480 size: 153600
I/MaliEGL (  993): [Mali]window_type=1, is_framebuffer=0, errnum = 0
I/MaliEGL (  993): [Mali]surface->num_buffers=4, surface->num_frames=3, win_min_undequeued=1
I/MaliEGL (  993): [Mali]max_allowed_dequeued_buffers=3
I/[MALI][Gralloc](  169): usage: 0xf02, format: 1 stride: 480 vertical_stride: 68 size: 130560
I/[MALI][Gralloc](  169): usage: 0xf02, format: 1 stride: 864 vertical_stride: 38 size: 131328
I/MaliEGL (  993): [Mali]window_type=1, is_framebuffer=0, errnum = 0
I/MaliEGL (  993): [Mali]surface->num_buffers=4, surface->num_frames=3, win_min_undequeued=1
I/MaliEGL (  993): [Mali]max_allowed_dequeued_buffers=3
I/[MALI][Gralloc](  169): usage: 0xf02, format: 1 stride: 48 vertical_stride: 854 size: 163968
I/Zygote  (  223): Process 4379 exited due to signal (11)
I/ActivityManager(  708): Process com.chaos.example.basic (pid 4379) has died
D/InputDispatcher(  708): Window went away: Window{15956c22 u0 SearchPanel}
V/ILGDrmService(  200): eDRM_IsDRMByHnd +++
V/ILGDrmService(  200): eDRM_IsDRMByHnd ---#2
I/ActivityManager(  708): Start proc com.chaos.example.basic for activity com.chaos.example.basic/.ChaosActivity: pid=4396 uid=10094 gids={50094, 9997, 1028, 1015} abi=armeabi-v7a
I/PowerManagerExtJar( 1376): activity Resume: com.chaos.example.basic/com.chaos.example.basic.ChaosActivity
I/art     (  223): Explicit concurrent mark sweep GC freed 707(30KB) AllocSpace objects, 0(0B) LOS objects, 50% free, 3MB/7MB, paused 318us total 20.879ms
I/art     (  223): Explicit concurrent mark sweep GC freed 7(240B) AllocSpace objects, 0(0B) LOS objects, 50% free, 3MB/7MB, paused 265us total 18.661ms
I/art     (  223): Explicit concurrent mark sweep GC freed 5(160B) AllocSpace objects, 0(0B) LOS objects, 50% free, 3MB/7MB, paused 272us total 18.693ms
E/libEGL  ( 4396): call to OpenGL ES API with no current context (logged once per thread)
I/Chaos   ( 4396): glVersion (onCreate): (null)
E/libEGL  ( 4396): call to OpenGL ES API with no current context (logged once per thread)
E/libEGL  ( 4396): call to OpenGL ES API with no current context (logged once per thread)
E/libEGL  ( 4396): call to OpenGL ES API with no current context (logged once per thread)
E/libEGL  ( 4396): call to OpenGL ES API with no current context (logged once per thread)
E/libEGL  ( 4396): call to OpenGL ES API with no current context (logged once per thread)
E/libEGL  ( 4396): call to OpenGL ES API with no current context (logged once per thread)
E/libEGL  ( 4396): call to OpenGL ES API with no current context (logged once per thread)
E/libEGL  ( 4396): call to OpenGL ES API with no current context (logged once per thread)
E/libEGL  ( 4396): call to OpenGL ES API with no current context (logged once per thread)
E/libEGL  ( 4396): call to OpenGL ES API with no current context (logged once per thread)
E/libEGL  ( 4396): call to OpenGL ES API with no current context (logged once per thread)
E/libEGL  ( 4396): call to OpenGL ES API with no current context (logged once per thread)
E/libEGL  ( 4396): call to OpenGL ES API with no current context (logged once per thread)
E/libEGL  ( 4396): call to OpenGL ES API with no current context (logged once per thread)
E/libEGL  ( 4396): call to OpenGL ES API with no current context (logged once per thread)
E/libEGL  ( 4396): call to OpenGL ES API with no current context (logged once per thread)
E/libEGL  ( 4396): call to OpenGL ES API with no current context (logged once per thread)
E/libEGL  ( 4396): call to OpenGL ES API with no current context (logged once per thread)
E/libEGL  ( 4396): call to OpenGL ES API with no current context (logged once per thread)
E/libEGL  ( 4396): call to OpenGL ES API with no current context (logged once per thread)
E/libEGL  ( 4396): call to OpenGL ES API with no current context (logged once per thread)
E/libEGL  ( 4396): call to OpenGL ES API with no current context (logged once per thread)
E/libEGL  ( 4396): call to OpenGL ES API with no current context (logged once per thread)
E/libEGL  ( 4396): call to OpenGL ES API with no current context (logged once per thread)
E/libEGL  ( 4396): call to OpenGL ES API with no current context (logged once per thread)
I/Chaos   ( 4396): shr0
I/Chaos   ( 4396): addShader 0, Shader_Pos
I/Chaos   ( 4396): addShader 1
I/Chaos   ( 4396): ShaderProgram
E/libEGL  ( 4396): call to OpenGL ES API with no current context (logged once per thread)
I/Chaos   ( 4396): ShaderProgram 2
I/Chaos   ( 4396): ShaderProgram 3
I/Chaos   ( 4396): ShaderProgram 3.5 vol1
I/Chaos   ( 4396): Shader => files/shaders/shader2.vs
F/libc    ( 4396): Fatal signal 11 (SIGSEGV), code 1, fault addr 0xfffffffc in tid 4396 (s.example.basic)
I/libc    ( 4396): Suppressing debuggerd output because prctl(PR_GET_DUMPABLE)==0
I/ImageWallpaper(  993): updateWallpaperLocked() mBackground = android.graphics.Bitmap@37bfcb7f, width = 480, height = 854
I/[MALI][Gralloc](  169): usage: 0xf02, format: 1 stride: 864 vertical_stride: 854 size: 2951424
I/MaliEGL (  993): [Mali]window_type=1, is_framebuffer=0, errnum = 0
I/MaliEGL (  993): [Mali]surface->num_buffers=4, surface->num_frames=3, win_min_undequeued=1
I/MaliEGL (  993): [Mali]max_allowed_dequeued_buffers=3
I/[MALI][Gralloc](  169): usage: 0xf02, format: 1 stride: 864 vertical_stride: 854 size: 2951424
D/LgeClockView(  993): java.util.GregorianCalendar[time=1486071341798,areFieldsSet=true,lenient=true,zone=Europe/Warsaw,firstDayOfWeek=2,minimalDaysInFirstWeek=4,ERA=1,YEAR=2017,MONTH=1,WEEK_OF_YEAR=5,WEEK_OF_MONTH=1,DAY_OF_MONTH=2,DAY_OF_YEAR=33,DAY_OF_WEEK=5,DAY_OF_WEEK_IN_MONTH=1,AM_PM=1,HOUR=10,HOUR_OF_DAY=22,MINUTE=35,SECOND=41,MILLISECOND=798,ZONE_OFFSET=3600000,DST_OFFSET=0]
D/LgeClockView(  993): java.util.GregorianCalendar[time=1486071341801,areFieldsSet=true,lenient=true,zone=Europe/Warsaw,firstDayOfWeek=2,minimalDaysInFirstWeek=4,ERA=1,YEAR=2017,MONTH=1,WEEK_OF_YEAR=5,WEEK_OF_MONTH=1,DAY_OF_MONTH=2,DAY_OF_YEAR=33,DAY_OF_WEEK=5,DAY_OF_WEEK_IN_MONTH=1,AM_PM=1,HOUR=10,HOUR_OF_DAY=22,MINUTE=35,SECOND=41,MILLISECOND=801,ZONE_OFFSET=3600000,DST_OFFSET=0]
D/LgeClockView(  993): java.util.GregorianCalendar[time=1486071341802,areFieldsSet=true,lenient=true,zone=Europe/Warsaw,firstDayOfWeek=2,minimalDaysInFirstWeek=4,ERA=1,YEAR=2017,MONTH=1,WEEK_OF_YEAR=5,WEEK_OF_MONTH=1,DAY_OF_MONTH=2,DAY_OF_YEAR=33,DAY_OF_WEEK=5,DAY_OF_WEEK_IN_MONTH=1,AM_PM=1,HOUR=10,HOUR_OF_DAY=22,MINUTE=35,SECOND=41,MILLISECOND=802,ZONE_OFFSET=3600000,DST_OFFSET=0]
I/[MALI][Gralloc](  169): usage: 0xf02, format: 1 stride: 480 vertical_stride: 68 size: 130560
I/[MALI][Gralloc](  169): usage: 0xf02, format: 1 stride: 48 vertical_stride: 854 size: 163968
I/[MALI][Gralloc](  169): usage: 0xf02, format: 1 stride: 48 vertical_stride: 854 size: 163968
I/Zygote  (  223): Process 4396 exited due to signal (11)
I/ActivityManager(  708): Process com.chaos.example.basic (pid 4396) has died
W/ActivityManager(  708): Force removing ActivityRecord{2b05cdb1 u0 com.chaos.example.basic/.ChaosActivity t381}: app died, no saved state
D/PowerManagerExtJar( 1376): Not support 13 : Not support Boost ID 2
V/ActivityManager(  708): Display changed displayId=0
D/DSDPConnection( 1300): Display #0 changed.
I/ActivityManager(  708): Config changes=480 {1.0 260mcc6mnc pl_PL ldltr sw320dp w320dp h498dp 240dpi nrml port finger -keyb/v/h -nav/h s.295fontTypeIndex0 defclr=0xff000000}
I/InputReader(  708): Reconfiguring input devices.  changes=0x00000004
I/InputReader(  708): Device reconfigured: id=2, name='mtk-tpd', size 480x854, orientation 0, mode 1, display id 0
I/InputReader(  708): Device reconfigured: id=3, name='touch_dev', size 480x854, orientation 0, mode 1, display id 0
D/WallpaperManager( 1418): suggestDesiredDimensions(480, 854) by package(com.lge.launcher2)
W/WindowManager(  708): Failed looking up window
W/WindowManager(  708): java.lang.IllegalArgumentException: Requested window android.view.ViewRootImpl$W@32f893ed does not exist
W/WindowManager(  708): 	at com.android.server.wm.WindowManagerService.windowForClientLocked(WindowManagerService.java:8824)
W/WindowManager(  708): 	at com.android.server.wm.WindowManagerService.windowForClientLocked(WindowManagerService.java:8815)
W/WindowManager(  708): 	at com.android.server.wm.WindowManagerServiceEx.relayoutWindow(WindowManagerServiceEx.java:641)
W/WindowManager(  708): 	at com.android.server.wm.Session.relayout(Session.java:201)
W/WindowManager(  708): 	at android.view.ViewRootImpl.relayoutWindow(ViewRootImpl.java:5335)
W/WindowManager(  708): 	at android.view.ViewRootImpl.performTraversals(ViewRootImpl.java:1582)
W/WindowManager(  708): 	at android.view.ViewRootImpl.doTraversal(ViewRootImpl.java:1136)
W/WindowManager(  708): 	at android.view.ViewRootImpl$TraversalRunnable.run(ViewRootImpl.java:5933)
W/WindowManager(  708): 	at android.view.Choreographer$CallbackRecord.run(Choreographer.java:767)
W/WindowManager(  708): 	at android.view.Choreographer.doCallbacks(Choreographer.java:580)
W/WindowManager(  708): 	at android.view.Choreographer.doFrame(Choreographer.java:550)
W/WindowManager(  708): 	at android.view.Choreographer$FrameDisplayEventReceiver.run(Choreographer.java:753)
W/WindowManager(  708): 	at android.os.Handler.handleCallback(Handler.java:739)
W/WindowManager(  708): 	at android.os.Handler.dispatchMessage(Handler.java:95)
W/WindowManager(  708): 	at android.os.Looper.loop(Looper.java:135)
W/WindowManager(  708): 	at android.os.HandlerThread.run(HandlerThread.java:61)
W/WindowManager(  708): 	at com.android.server.ServiceThread.run(ServiceThread.java:46)
E/BufferQueueProducer(  169): [Starting com.chaos.example.basic] dequeueBuffer: BufferQueue has been abandoned
E/Surface (  708): dequeueBuffer failed (No such device)
D/PhoneApp( 1300): onConfigurationChanged called
D/InCallFloatingView( 1300): onConfigurationChanged called..
D/InCallFloatingView( 1300): existsCallConnection() called...
D/InCallFloatingView( 1300): isCallStateOffHook called
E/ViewRootImpl(  708): Could not lock surface
E/ViewRootImpl(  708): java.lang.IllegalArgumentException
E/ViewRootImpl(  708): 	at android.view.Surface.nativeLockCanvas(Native Method)
E/ViewRootImpl(  708): 	at android.view.Surface.lockCanvas(Surface.java:266)
E/ViewRootImpl(  708): 	at android.view.ViewRootImpl.drawSoftware(ViewRootImpl.java:2642)
E/ViewRootImpl(  708): 	at android.view.ViewRootImpl.draw(ViewRootImpl.java:2616)
E/ViewRootImpl(  708): 	at android.view.ViewRootImpl.performDraw(ViewRootImpl.java:2425)
E/ViewRootImpl(  708): 	at android.view.ViewRootImpl.performTraversals(ViewRootImpl.java:2056)
E/ViewRootImpl(  708): 	at android.view.ViewRootImpl.doTraversal(ViewRootImpl.java:1136)
E/ViewRootImpl(  708): 	at android.view.ViewRootImpl$TraversalRunnable.run(ViewRootImpl.java:5933)
E/ViewRootImpl(  708): 	at android.view.Choreographer$CallbackRecord.run(Choreographer.java:767)
E/ViewRootImpl(  708): 	at android.view.Choreographer.doCallbacks(Choreographer.java:580)
E/ViewRootImpl(  708): 	at android.view.Choreographer.doFrame(Choreographer.java:550)
E/ViewRootImpl(  708): 	at android.view.Choreographer$FrameDisplayEventReceiver.run(Choreographer.java:753)
E/ViewRootImpl(  708): 	at android.os.Handler.handleCallback(Handler.java:739)
E/ViewRootImpl(  708): 	at android.os.Handler.dispatchMessage(Handler.java:95)
E/ViewRootImpl(  708): 	at android.os.Looper.loop(Looper.java:135)
E/ViewRootImpl(  708): 	at android.os.HandlerThread.run(HandlerThread.java:61)
E/ViewRootImpl(  708): 	at com.android.server.ServiceThread.run(ServiceThread.java:46)
D/PhoneUtils( 1300): getSubIdUsingSlotId() slotId:0 -> subId:1
D/PhoneUtils( 1300): getSubIdUsingSlotId() slotId:0 -> subId:1
D/PhoneUtils( 1300): getSubIdUsingSlotId() slotId:0 -> subId:1
D/PhoneUtils( 1300): getSubIdUsingSlotId() slotId:0 -> subId:1
D/InCallFloatingView( 1300): HJY mTelephonyManager.isOffhook() : false
D/PhoneUtils( 1300): getSubIdUsingSlotId() slotId:0 -> subId:1
D/InCallFloatingView( 1300): HJY mTelephonyManager.isRinging() : false
D/InCallFloatingView( 1300): onConfigurationChanged return
D/LGNetworkSettings( 1300): onConfigurationChanged called
I/SystemUI[Framework](  708): PhoneWindowManager.updateSystemUiVisibilityLw() :visibility=0x600, pkg=com.lge.launcher2
W/PhoneWindowManagerEx(  708): Call!!!getLGSystemUiVisibility. =0x0
D/StatusBarManagerServiceEx(  708): setLGSystemUiVisibility(0x0)
D/StatusBarManagerServiceEx(  708): manageNaviBtnDisableList userId=0 what=0x0 pkg=WindowManager.LayoutParams
I/SystemUI[Framework](  708): ==>disabledNaviBtn() what=0x0, token=android.os.Binder@3d9b72b2,  pkg=WindowManager.LayoutParams
I/SystemUI[Framework](  708): disableNaviBtn: mDisabledNaviBtn=0x0,  mDisableRecords.size=0
I/SystemUI[Framework](  708): PhoneWindowManager.updateSystemUiVisibilityLw() :visibility=0x8600, pkg=com.lge.launcher2
W/PhoneWindowManagerEx(  708): Call!!!getLGSystemUiVisibility. =0x0
D/StatusBarManagerServiceEx(  708): setLGSystemUiVisibility(0x0)
I/SystemUI[Framework](  708): ==>disabledNaviBtn() what=0x0, token=android.os.Binder@3d9b72b2,  pkg=WindowManager.LayoutParams
D/StatusBarManagerServiceEx(  708): manageNaviBtnDisableList userId=0 what=0x0 pkg=WindowManager.LayoutParams
I/SystemUI[Framework](  708): disableNaviBtn: mDisabledNaviBtn=0x0,  mDisableRecords.size=0
D/InputDispatcher(  708): Focus entered window: Window{10c11cef u0 com.lge.launcher2/com.lge.launcher2.Launcher}
W/WindowManager(  708): Failed looking up window
W/WindowManager(  708): java.lang.IllegalArgumentException: Requested window android.view.ViewRootImpl$W@32f893ed does not exist
W/WindowManager(  708): 	at com.android.server.wm.WindowManagerService.windowForClientLocked(WindowManagerService.java:8824)
W/WindowManager(  708): 	at com.android.server.wm.WindowManagerService.windowForClientLocked(WindowManagerService.java:8815)
W/WindowManager(  708): 	at com.android.server.wm.WindowManagerService.finishDrawingWindow(WindowManagerService.java:3493)
W/WindowManager(  708): 	at com.android.server.wm.Session.finishDrawing(Session.java:235)
W/WindowManager(  708): 	at android.view.ViewRootImpl.performDraw(ViewRootImpl.java:2463)
W/WindowManager(  708): 	at android.view.ViewRootImpl.performTraversals(ViewRootImpl.java:2056)
W/WindowManager(  708): 	at android.view.ViewRootImpl.doTraversal(ViewRootImpl.java:1136)
W/WindowManager(  708): 	at android.view.ViewRootImpl$TraversalRunnable.run(ViewRootImpl.java:5933)
W/WindowManager(  708): 	at android.view.Choreographer$CallbackRecord.run(Choreographer.java:767)
W/WindowManager(  708): 	at android.view.Choreographer.doCallbacks(Choreographer.java:580)
W/WindowManager(  708): 	at android.view.Choreographer.doFrame(Choreographer.java:550)
W/WindowManager(  708): 	at android.view.Choreographer$FrameDisplayEventReceiver.run(Choreographer.java:753)
W/WindowManager(  708): 	at android.os.Handler.handleCallback(Handler.java:739)
W/WindowManager(  708): 	at android.os.Handler.dispatchMessage(Handler.java:95)
W/WindowManager(  708): 	at android.os.Looper.loop(Looper.java:135)
W/WindowManager(  708): 	at android.os.HandlerThread.run(HandlerThread.java:61)
W/WindowManager(  708): 	at com.android.server.ServiceThread.run(ServiceThread.java:46)
I/[MALI][Gralloc](  169): usage: 0xf02, format: 1 stride: 480 vertical_stride: 854 size: 1639680
I/MaliEGL ( 1418): [Mali]window_type=1, is_framebuffer=0, errnum = 0
I/MaliEGL ( 1418): [Mali]surface->num_buffers=4, surface->num_frames=3, win_min_undequeued=1
I/MaliEGL ( 1418): [Mali]max_allowed_dequeued_buffers=3
I/[MALI][Gralloc](  169): usage: 0xf02, format: 1 stride: 480 vertical_stride: 854 size: 1639680
I/[MALI][Gralloc](  169): usage: 0xf02, format: 1 stride: 480 vertical_stride: 854 size: 1639680
I/[MALI][Gralloc](  169): usage: 0xf02, format: 1 stride: 480 vertical_stride: 854 size: 1639680
I/[MALI][Gralloc](  169): usage: 0xf02, format: 1 stride: 480 vertical_stride: 854 size: 1639680
I/[LGHome]EVENT( 1418): [Launcher.java:776:onResume()]onResume
I/PowerManagerExtJar( 1376): activity Resume: com.lge.launcher2/com.lge.launcher2.Launcher
I/Tethering(  708): StateReceiver onReceive action:android.intent.action.CONFIGURATION_CHANGED
I/Cliptray Service( 1376): cliptrayEventReceiver :onReceiveandroid.intent.action.CONFIGURATION_CHANGED
D/WeatherService( 2085): 2 : onReceive, action: android.intent.action.CONFIGURATION_CHANGED, Time(hour:min:sec) 22:35:42
D/WeatherService( 2085): 2 : onReceive ACTION_CONFIGURATION_CHANGED: 
D/WeatherService( 2085): 2 : isOrientatioinChanged=true
D/WeatherService( 2085): 2 : Ignore requestRefreshAppWidget
D/WeatherService( 2085): 2 : onReceive has processed, action: android.intent.action.CONFIGURATION_CHANGED, Time(hour:min:sec) 22:35:42
W/WindowManager(  708): Failed looking up window
W/WindowManager(  708): java.lang.IllegalArgumentException: Requested window android.view.ViewRootImpl$W@32f893ed does not exist
W/WindowManager(  708): 	at com.android.server.wm.WindowManagerService.windowForClientLocked(WindowManagerService.java:8824)
W/WindowManager(  708): 	at com.android.server.wm.WindowManagerService.windowForClientLocked(WindowManagerService.java:8815)
W/WindowManager(  708): 	at com.android.server.wm.WindowManagerService.removeWindow(WindowManagerService.java:2682)
W/WindowManager(  708): 	at com.android.server.wm.Session.remove(Session.java:191)
W/WindowManager(  708): 	at android.view.ViewRootImpl.dispatchDetachedFromWindow(ViewRootImpl.java:3017)
W/WindowManager(  708): 	at android.view.ViewRootImpl.doDie(ViewRootImpl.java:5530)
W/WindowManager(  708): 	at android.view.ViewRootImpl$ViewRootHandler.handleMessage(ViewRootImpl.java:3320)
W/WindowManager(  708): 	at android.os.Handler.dispatchMessage(Handler.java:102)
W/WindowManager(  708): 	at android.os.Looper.loop(Looper.java:135)
W/WindowManager(  708): 	at android.os.HandlerThread.run(HandlerThread.java:61)
W/WindowManager(  708): 	at com.android.server.ServiceThread.run(ServiceThread.java:46)
I/[LGHome]LGActivityUtil( 1418): [LGActivityUtil.java:319:notifyToWeatherWidget()]broadcast to weather widget, intent: Intent { act=com.lge.launcher2.RESUME }
I/[LGHome]EVENT( 1418): [Launcher.java:929:onResume()]onResume end
D/WeatherAncestor( 2085): 2 : onReceive, action: com.lge.launcher2.RESUME, Time(hour:min:sec) 22:35:42
D/UpdateThreadPoolManager( 2085): 2 : This is isUpdating : false
D/WeatherService( 2085): 2 : shouldTimeTickRegistered - 4x2 : 1, FphWidget : 0
D/WeatherService( 2085): 2 : shouldTimeTickRegistered : true - home screen widget is shown.
D/WeatherAncestor( 2085): 2 : shouldTimeTickRegistered().........
D/WeatherAncestor( 2085): 2 : onReceive has processed, action: com.lge.launcher2.RESUME, Time(hour:min:sec) 22:35:42
D/WeatherService( 2085): 2 : onStartCommand, intent!=null, action: com.lge.launcher2.RESUME
W/ActivityManager(  708): getTasks: caller 10065 does not hold REAL_GET_TASKS; limiting output
D/Weather.Utils( 2085): 2 : Utils getTopActivity com.lge.launcher2 / true
D/WeatherService( 2085): 2 : shouldTimeTickRegistered - 4x2 : 1, FphWidget : 0
D/WeatherService( 2085): 2 : shouldTimeTickRegistered : true - home screen widget is shown.
D/WeatherService( 2085): 2 : onStartCommand, intent!=null, action: com.lge.weather.WIDGET_REFRESH
D/WeatherService( 2085): 2 : requestRefreshAppWidget, isUpdateStart : false
I/TelephonyManager(  993): getDataEnabled() dds : subId=1, phone(slot)Id=0
I/TelephonyManager(  993): getDataEnabledUsingSubId()
D/UpdateThreadPoolManager( 2085): 2 : This is isUpdating : false
D/WeatherService( 2085): 2 : requestRefreshAppWidget, isUpdating : false
D/WeatherAncestor( 2085): 2 : buildUpdate, appWidgetId: 3
D/BluetoothAdapter(  993): 468854331: getState() :  mService = null. Returning STATE_OFF
I/[SystemUI]BluetoothHandler(  993): getBTState : 10
D/WeatherTheme( 2085): 2 : Current Theme Name: com.lge.launcher2.theme.optimus
D/WeatherTheme( 2085): 2 : Fixed theme : optimus
W/[SystemUI]ColorInversionHandler(  993): SettingNotFoundException
D/WeatherReflect( 2085): 2 : Map key string is -2
D/lim     ( 2085): 2 : time = 22:35
I/WeatherReflect( 2085): Model Name : LG-H320
D/WeatherTheme( 2085): 2 : exactly same view!
D/WeatherTheme( 2085): 2 : widgetId = 3 : widgetSize = 1 : Do not refresh any widget.
W/ActivityManager(  708): getTasks: caller 10065 does not hold REAL_GET_TASKS; limiting output
D/Weather.Utils( 2085): 2 : Utils getTopActivity com.lge.launcher2 / true
D/WeatherService( 2085): 2 : shouldTimeTickRegistered - 4x2 : 1, FphWidget : 0
D/WeatherService( 2085): 2 : shouldTimeTickRegistered : true - home screen widget is shown.
D/StatusBarKeyguardViewManager(  993): onConfigurationChanged() new Orientation : 1
D/StatusBarKeyguardViewManager(  993): adjustCameraSliderVisibility: shouldVisible = false, mGlanceViewNow = false
D/SplitWindow(  708): check instance of lgWin Window{2f17137a u0 SearchPanel}
I/[LGHome]EVENT( 1418): [Launcher.java:5704:onWindowFocusChanged()]onWindowFocusChanged() hasFocus true
I/PhoneWindow( 1418): [setNavigationBarColor] color=0x 0
D/PhoneStatusBar(  993): setSystemUiVisibility vis=8600 mask=ffffffff oldVal=0 newVal=8600 diff=8600
I/[SystemUI]NavigationThemeResource(  993): NavigationKey Color is changed(WHITE -> WHITE_WITH_SHADOW)
I/[SystemUI]NavigationThemeResource(  993):  BarMode=4, Theme=BLACK, LightBackground=false (Transparent)
I/[SystemUI]NavigationThemeResource(  993): , Keyguard show=false, IME shown=false, Panel expanded=false
I/[SystemUI]OperatorTextView(  993): Operator(100) is invalid
W/InputMethodManagerService(  708): Window already focused, ignoring focus gain of: com.android.internal.view.IInputMethodClient$Stub$Proxy@1f1ea72b attribute=null, token = android.os.BinderProxy@38ee75ce
I/[LGHome]EVENT( 1418): [LauncherModel.java:1142:onReceive()]onReceive intent=Intent { act=android.intent.action.CONFIGURATION_CHANGED flg=0x70000010 }
I/[LGHome]EVENT( 1418): [LauncherModel.java:1215:onReceive()]Configuration Changed: {1.0 260mcc6mnc pl_PL ldltr sw320dp w320dp h498dp 240dpi nrml port finger -keyb/v/h -nav/h s.295fontTypeIndex0 defclr=0xff000000}
I/[LGHome]EVENT( 1418): [LauncherModel.java:1220:onReceive()]Previous Configuration: {1.0 260mcc6mnc pl_PL ldltr sw320dp w524dp h294dp 240dpi nrml land finger -keyb/v/h -nav/h s.294fontTypeIndex0 defclr=0xff000000}
I/Timeline(  708): Timeline: Activity_windows_visible id: ActivityRecord{18c00288 u0 com.lge.launcher2/.Launcher t85} time:297739340
I/[SystemUI]OperatorTextView(  993): Operator(100) is invalid
I/[SystemUI]StatusBar.NetworkController(  993): refreshViews 1 connected={ } level=3 mobileLabel=PLAY wifiLabel= emergencyOnly=false
I/[SystemUI]Clock(  993): onReceive = android.intent.action.CONFIGURATION_CHANGED
I/[SystemUI]QSlide(  993): onReceive = android.intent.action.CONFIGURATION_CHANGED
W/ResourcesManager(  993): Asset path '/system/framework/com.google.android.maps.jar' does not exist or contains no resources.
I/Timeline( 1418): Timeline: Activity_idle id: android.os.BinderProxy@cb2d08a time:297739388
I/[SystemUI]BrightnessSlider(  993): onReceive = android.intent.action.CONFIGURATION_CHANGED
I/[SystemUI]VolumeSlider(  993): onReceive = android.intent.action.CONFIGURATION_CHANGED
I/[MALI][Gralloc](  169): usage: 0xf02, format: 1 stride: 480 vertical_stride: 68 size: 130560
I/MaliEGL (  993): [Mali]window_type=1, is_framebuffer=0, errnum = 0
I/MaliEGL (  993): [Mali]surface->num_buffers=4, surface->num_frames=3, win_min_undequeued=1
I/MaliEGL (  993): [Mali]max_allowed_dequeued_buffers=3
I/[MALI][Gralloc](  169): usage: 0xf02, format: 1 stride: 480 vertical_stride: 68 size: 130560
V/SoundPool(  708): process 0xb48a699c channel 1071 event BUFFER_END
I/[MALI][Gralloc](  169): usage: 0xf02, format: 1 stride: 480 vertical_stride: 38 size: 72960
V/SoundPool(  708): awake
V/SoundPool(  708): Getting channel from stop list
V/SoundPool(  708): stop
V/AudioFlinger(  195): stop(4096), calling pid 708
V/AudioFlinger(  195): not stopping/stopped => stopping/stopped (4096) on thread 0xb4d2f000
V/SoundPool(  708): done_l(1071)
V/SoundPool(  708): move to front
I/MaliEGL (  993): [Mali]window_type=1, is_framebuffer=0, errnum = 0
I/MaliEGL (  993): [Mali]surface->num_buffers=4, surface->num_frames=3, win_min_undequeued=1
I/MaliEGL (  993): [Mali]max_allowed_dequeued_buffers=3
I/[MALI][Gralloc](  169): usage: 0xf02, format: 1 stride: 480 vertical_stride: 38 size: 72960
D/InputDispatcher(  708): Window went away: Window{381fca70 u0 SearchPanel}
I/[MALI][Gralloc](  169): usage: 0xf02, format: 1 stride: 864 vertical_stride: 854 size: 2951424
I/MaliEGL (  993): [Mali]window_type=1, is_framebuffer=0, errnum = 0
I/MaliEGL (  993): [Mali]surface->num_buffers=4, surface->num_frames=3, win_min_undequeued=1
I/MaliEGL (  993): [Mali]max_allowed_dequeued_buffers=3
I/[MALI][Gralloc](  169): usage: 0xf02, format: 1 stride: 864 vertical_stride: 854 size: 2951424
V/ILGDrmService(  200): eDRM_IsDRMByHnd +++
V/ILGDrmService(  200): eDRM_IsDRMByHnd ---#2
I/ImageWallpaper(  993): updateWallpaperLocked() mBackground = android.graphics.Bitmap@1e49e14, width = 480, height = 854
I/[MALI][Gralloc](  169): usage: 0xf02, format: 1 stride: 480 vertical_stride: 854 size: 1639680
I/MaliEGL (  993): [Mali]window_type=1, is_framebuffer=0, errnum = 0
I/MaliEGL (  993): [Mali]surface->num_buffers=4, surface->num_frames=3, win_min_undequeued=1
I/MaliEGL (  993): [Mali]max_allowed_dequeued_buffers=3
I/[MALI][Gralloc](  169): usage: 0xf02, format: 1 stride: 480 vertical_stride: 854 size: 1639680
D/LgeClockView(  993): java.util.GregorianCalendar[time=1486071342341,areFieldsSet=true,lenient=true,zone=Europe/Warsaw,firstDayOfWeek=2,minimalDaysInFirstWeek=4,ERA=1,YEAR=2017,MONTH=1,WEEK_OF_YEAR=5,WEEK_OF_MONTH=1,DAY_OF_MONTH=2,DAY_OF_YEAR=33,DAY_OF_WEEK=5,DAY_OF_WEEK_IN_MONTH=1,AM_PM=1,HOUR=10,HOUR_OF_DAY=22,MINUTE=35,SECOND=42,MILLISECOND=341,ZONE_OFFSET=3600000,DST_OFFSET=0]
D/LgeClockView(  993): java.util.GregorianCalendar[time=1486071342344,areFieldsSet=true,lenient=true,zone=Europe/Warsaw,firstDayOfWeek=2,minimalDaysInFirstWeek=4,ERA=1,YEAR=2017,MONTH=1,WEEK_OF_YEAR=5,WEEK_OF_MONTH=1,DAY_OF_MONTH=2,DAY_OF_YEAR=33,DAY_OF_WEEK=5,DAY_OF_WEEK_IN_MONTH=1,AM_PM=1,HOUR=10,HOUR_OF_DAY=22,MINUTE=35,SECOND=42,MILLISECOND=344,ZONE_OFFSET=3600000,DST_OFFSET=0]
D/LgeClockView(  993): java.util.GregorianCalendar[time=1486071342345,areFieldsSet=true,lenient=true,zone=Europe/Warsaw,firstDayOfWeek=2,minimalDaysInFirstWeek=4,ERA=1,YEAR=2017,MONTH=1,WEEK_OF_YEAR=5,WEEK_OF_MONTH=1,DAY_OF_MONTH=2,DAY_OF_YEAR=33,DAY_OF_WEEK=5,DAY_OF_WEEK_IN_MONTH=1,AM_PM=1,HOUR=10,HOUR_OF_DAY=22,MINUTE=35,SECOND=42,MILLISECOND=345,ZONE_OFFSET=3600000,DST_OFFSET=0]
D/WifiController(  708): battery changed pluggedType: 2
I/WindowManager(  708): Screen frozen for +1s69ms due to Window{7e04da0 u0 com.android.systemui.ImageWallpaper}
D/InputDispatcher(  708): setInputDispatchMode: enabled=1, frozen=0
I/WindowManager(  708): Rotation completion time: 165956125ms
I/art     (  708): Explicit concurrent mark sweep GC freed 51119(2MB) AllocSpace objects, 0(0B) LOS objects, 15% free, 22MB/26MB, paused 1.821ms total 143.206ms
I/[MALI][Gralloc](  169): usage: 0xf02, format: 1 stride: 480 vertical_stride: 68 size: 130560
I/[MALI][Gralloc](  169): usage: 0xf02, format: 1 stride: 480 vertical_stride: 38 size: 72960
I/[SystemUI]LGPowerUI(  993): onReceive = com.lge.android.intent.action.BATTERYEX
I/[SystemUI]LGPowerUI(  993): levelEx = 100, plugTypeEx = 2, WirelessAlignment = 0, chargingCurrent = 0, orientation = PORTRAIT
I/[SystemUI]LGPowerUI(  993): On Skip Timer : true
D/KeyguardUpdateMonitor(  993): Intent.ACTION_BATTERY_CHANGED status : 5 ,plugged : 2 ,level : 100 ,temperature : 270
I/[SystemUI]LGPowerUI(  993): onReceive = android.intent.action.BATTERY_CHANGED
I/[SystemUI]LGPowerUI(  993): level = 100, plugType = 2, plugged = true, mCharging = false, temperature = 270
I/[SystemUI]BatterySaverHandler(  993): onReceive = android.intent.action.BATTERY_CHANGED
I/libPerfService( 1376): 1: set: 1
I/libPerfService( 1376): 1: set freq: 0
I/[SystemUI]StatusBar.NetworkController(  993): onSignalStrengthsChanged signalStrength=SignalStrength: 9 99 -120 -160 -120 0 -1 99 2147483647 2147483647 2147483647 2147483647 2147483647 gsm|lte 11 level=3
D/TelephonyIcons(  993): updateDataType sub=0, type=10, inetCondition=0 showAtLeast3G=false show4GforLte=true hspaDistinguishable=true
D/TelephonyIcons(  993): data type item name: array/telephony_data_type_sim1
D/TelephonyIcons(  993): data type item id: 2131230724
D/PhoneUtils( 1300): getSubIdUsingSlotId() slotId:0 -> subId:1
D/TelephonyIcons(  993): updateDataType mSelectedDataTypeIcon[0]=2130839081, mSelectedDataActivityIndex=6
D/PhoneInterfaceManager( 1300): [PhoneIntfMgr] mSigLevel = 3
V/TelecomServiceImpl( 1300): getCallState : 0
I/[SystemUI]StatusBar.NetworkController(  993): refreshViews 1 connected={ } level=3 mobileLabel=PLAY wifiLabel= emergencyOnly=false
I/[LGHome]NumberBadge.LGUnreadLgeEmailsBadge( 1418): [LGUnreadLgeEmailsBadge.java:107:countUnreadItems()]setTotalCount : 0
I/[LGHome]NumberBadge.LGUnreadLgeEmailsBadge( 1418): [LGUnreadLgeEmailsBadge.java:108:countUnreadItems()]countUnreadItems() ended..
I/[LGHome]NumberBadge.LGBroadCastBadge( 1418): [LGBroadCastBadge.java:53:updateBadgeIcon()][updateClassList : com.android.contacts.activities.DialtactsActivity = 0
I/[LGHome]NumberBadge.LGBroadCastBadge( 1418): [LGBroadCastBadge.java:53:updateBadgeIcon()][updateClassList : com.facebook.orca.auth.StartScreenActivity = 8
I/[LGHome]NumberBadge.LGBroadCastBadge( 1418): [LGBroadCastBadge.java:53:updateBadgeIcon()][updateClassList : com.duolingo.app.LoginActivity = 1
I/[LGHome]NumberBadge.LGBroadCastBadge( 1418): [LGBroadCastBadge.java:53:updateBadgeIcon()][updateClassList : com.android.mms.ui.ConversationList = 0
I/[LGHome]NumberBadge.LGBroadCastBadge( 1418): [LGBroadCastBadge.java:53:updateBadgeIcon()][updateClassList : com.lge.updatecenter.UpdateCenterPrfActivity = 0
