--------- beginning of system
I/ActivityManager(  708): Start proc com.lge.drmservice for broadcast com.lge.drmservice/.DrmBroadcastReceiver: pid=3211 uid=10048 gids={50048, 9997, 4002, 3003, 1028} abi=armeabi-v7a
I/ActivityManager(  708): Start proc com.lge.clock for broadcast com.lge.clock/.alarmclock.ALBootInit: pid=3228 uid=10008 gids={50008, 9997, 3003, 1028, 4002} abi=armeabi-v7a
W/ActivityManager(  708): getTasks: caller 10022 is using old GET_TASKS but privileged; allowing
W/ActivityManager(  708): getTasks: caller 10022 is using old GET_TASKS but privileged; allowing
D/MccTable( 1300): updateMccMncConfiguration mccmnc='26006' fromServiceState=true
D/MccTable( 1300): updateMccMncConfiguration defaultMccMnc=26006
D/MccTable( 1300): updateMccMncConfiguration: mcc=260, mnc=6
D/MccTable( 1300): getLocaleFromMcc to pl_pl mcc=260
D/MccTable( 1300): getLocaleForLanguageCountry: skipping already persisted
D/MccTable( 1300): WIFI_COUNTRY_CODE set to pl
D/WifiServiceImplEx(  708): setCountryCode pid=1300, uid=1001, packageName=android.uid.phone:1001
I/WifiService(  708): WifiService trying to set country code to pl with persist set to true
D/LGWifiP2pService(  708): P2pDisabledState{ when=-1ms what=143376 obj=PL target=com.android.internal.util.StateMachine$SmHandler }
D/LGWifiP2pService(  708): DefaultState{ when=-2ms what=143376 obj=PL target=com.android.internal.util.StateMachine$SmHandler }
D/LGWifiP2pService(  708): P2pDisabledState{ when=0 what=143376 obj=PL target=com.android.internal.util.StateMachine$SmHandler }
D/LGWifiP2pService(  708): DefaultState{ when=-1ms what=143376 obj=PL target=com.android.internal.util.StateMachine$SmHandler }
V/NetworkPolicy(  708): mServiceStateReceiver: serviceState.getState() : 0 ServiceState.STATE_IN_SERVICE : 0 SystemProperties.get persist.radio.isroaming : false
W/ContextImpl( 3185): Calling a method in the system process without a qualified user: android.app.ContextImpl.startService:1798 android.content.ContextWrapper.startService:515 com.lge.lgdmsclient.dmclient.agent.DmDeviceActionReceiver.doAction:78 com.lge.lgdmsclient.dmclient.agent.DmDeviceActionReceiver.onReceive:128 android.app.ActivityThread.handleReceiver:2597 
W/ContextImpl( 3185): Calling a method in the system process without a qualified user: android.app.ContextImpl.startService:1798 android.content.ContextWrapper.startService:515 com.lge.lgdmsclient.dmclient.agent.DmDeviceActionReceiver.doAction:82 com.lge.lgdmsclient.dmclient.agent.DmDeviceActionReceiver.onReceive:128 android.app.ActivityThread.handleReceiver:2597 
I/ActivityManager(  708): Killing 3007:com.lge.sizechangable.weather.platform/u0a66 (adj 15): empty #11
W/libprocessgroup(  708): failed to open /acct/uid_10066/pid_3007/cgroup.procs: No such file or directory
I/ActivityManager(  708): Start proc com.android.calendar for broadcast com.android.calendar/.widget.CalendarAppWidgetProvider: pid=3252 uid=10011 gids={50011, 9997, 3003, 1028, 1015} abi=armeabi-v7a
I/ActivityManager(  708): Killing 3025:com.google.android.apps.magazines/u0a73 (adj 15): empty #11
W/libprocessgroup(  708): failed to open /acct/uid_10073/pid_3025/cgroup.procs: No such file or directory
W/ActivityManager(  708): getTasks: caller 10065 does not hold REAL_GET_TASKS; limiting output
W/ResourcesManager( 3252): Asset path '/system/framework/com.google.android.maps.jar' does not exist or contains no resources.
I/ActivityManager(  708): Start proc com.android.providers.calendar for content provider com.android.providers.calendar/.CalendarProvider2: pid=3273 uid=10012 gids={50012, 9997, 3003, 1028, 1015} abi=armeabi-v7a
I/ActivityManager(  708): Start proc com.lge.email for broadcast com.lge.email/.receiver.UpdateScheduleReceiver: pid=3292 uid=10018 gids={50018, 9997, 3003, 4002, 1023, 1028, 1015, 3001, 3002} abi=armeabi-v7a
W/ResourcesManager( 3273): Asset path '/system/framework/android.test.runner.jar' does not exist or contains no resources.
W/ResourcesManager( 3292): Asset path '/system/framework/com.google.android.maps.jar' does not exist or contains no resources.
W/ResourcesManager( 3292): Asset path '/system/framework/com.lge.mdm.jar' does not exist or contains no resources.
I/ActivityManager(  708): Killing 2904:com.google.android.googlequicksearchbox:search/u0a37 (adj 15): empty #11
W/libprocessgroup(  708): failed to open /acct/uid_10037/pid_2904/cgroup.procs: No such file or directory
I/ActivityManager(  708): Killing 3073:com.lge.qmemoplus/1000 (adj 15): empty #11
W/libprocessgroup(  708): failed to open /acct/uid_1000/pid_3073/cgroup.procs: No such file or directory
W/ActivityManager(  708): getRunningAppProcesses: caller 10018 is using old GET_TASKS but privileged; allowing
I/ActivityManager(  708): Killing 2852:com.google.process.gapps/u0a4 (adj 15): empty #11
W/libprocessgroup(  708): failed to open /acct/uid_10004/pid_2852/cgroup.procs: No such file or directory
I/ActivityManager(  708): Start proc com.lge.bnr for broadcast com.lge.bnr/.service.BNRBootReceiver: pid=3314 uid=1000 gids={41000, 9997, 1000, 1028, 1015, 2001, 3003, 1023, 1004, 2002, 3002, 3001, 3008, 1007, 1026, 3005, 1009, 1027, 1003, 1014, 1010, 4002, 1002, 3006} abi=armeabi
W/ActivityManager(  708): getTasks: caller 10065 does not hold REAL_GET_TASKS; limiting output
V/NetworkPolicy(  708): mServiceStateReceiver: serviceState.getState() : 0 ServiceState.STATE_IN_SERVICE : 0 SystemProperties.get persist.radio.isroaming : false
D/LGWifiP2pService(  708): P2pDisabledState{ when=0 what=143376 obj=PL target=com.android.internal.util.StateMachine$SmHandler }
D/LGWifiP2pService(  708): DefaultState{ when=-1ms what=143376 obj=PL target=com.android.internal.util.StateMachine$SmHandler }
W/ContextImpl( 3185): Calling a method in the system process without a qualified user: android.app.ContextImpl.startService:1798 android.content.ContextWrapper.startService:515 com.lge.lgdmsclient.dmclient.agent.DmDeviceActionReceiver.doAction:78 com.lge.lgdmsclient.dmclient.agent.DmDeviceActionReceiver.onReceive:128 android.app.ActivityThread.handleReceiver:2597 
W/ContextImpl( 3185): Calling a method in the system process without a qualified user: android.app.ContextImpl.startService:1798 android.content.ContextWrapper.startService:515 com.lge.lgdmsclient.dmclient.agent.DmDeviceActionReceiver.doAction:82 com.lge.lgdmsclient.dmclient.agent.DmDeviceActionReceiver.onReceive:128 android.app.ActivityThread.handleReceiver:2597 
E/ActivityThread( 1300): Failed to find provider info for com.lge.ims.provisioning
W/ContextImpl( 3314): Calling a method in the system process without a qualified user: android.app.ContextImpl.sendBroadcast:1433 android.content.ContextWrapper.sendBroadcast:376 android.content.ContextWrapper.sendBroadcast:376 com.lge.bnr.service.BNRBootReceiver.setHomeBadgeCount:192 com.lge.bnr.service.BNRBootReceiver.setBadgeStatus:225 
W/ContextImpl( 3314): Calling a method in the system process without a qualified user: android.app.ContextImpl.sendBroadcast:1433 android.content.ContextWrapper.sendBroadcast:376 android.content.ContextWrapper.sendBroadcast:376 com.lge.bnr.service.BNRBootReceiver.setBadgeStatus:230 com.lge.bnr.service.BNRBootReceiver.onReceive:121 
I/ActivityManager(  708): Killing 3148:com.google.android.gms:car/u0a4 (adj 15): empty #11
W/libprocessgroup(  708): failed to open /acct/uid_10004/pid_3148/cgroup.procs: No such file or directory
I/ActivityManager(  708): Start proc com.google.process.gapps for content provider com.google.android.gsf/.gservices.GservicesProvider: pid=3336 uid=10004 gids={50004, 9997, 2001, 3003, 1007, 3006, 1028, 1015, 3002, 3001, 1005, 3007} abi=armeabi-v7a
W/ContextImpl( 3314): Calling a method in the system process without a qualified user: android.app.ContextImpl.sendBroadcast:1433 android.content.ContextWrapper.sendBroadcast:376 android.content.ContextWrapper.sendBroadcast:376 com.lge.bnr.service.BNRBootReceiver.setHomeBadgeCount:192 com.lge.bnr.service.BNRBootReceiver.setBadgeStatus:225 
W/ActivityManager(  708): getTasks: caller 10065 does not hold REAL_GET_TASKS; limiting output
W/ActivityManager(  708): getTasks: caller 10065 does not hold REAL_GET_TASKS; limiting output
W/ContextImpl( 3314): Calling a method in the system process without a qualified user: android.app.ContextImpl.sendBroadcast:1433 android.content.ContextWrapper.sendBroadcast:376 android.content.ContextWrapper.sendBroadcast:376 com.lge.bnr.service.BNRBootReceiver.setHomeBadgeCount:192 com.lge.bnr.service.BNRBootReceiver.setBadgeStatus:225 
W/ContextImpl( 3314): Calling a method in the system process without a qualified user: android.app.ContextImpl.sendBroadcast:1433 android.content.ContextWrapper.sendBroadcast:376 android.content.ContextWrapper.sendBroadcast:376 com.lge.bnr.service.BNRBootReceiver.setBadgeStatus:230 com.lge.bnr.service.BNRBootReceiver.onReceive:121 
W/ContextImpl( 3314): Calling a method in the system process without a qualified user: android.app.ContextImpl.sendBroadcast:1433 android.content.ContextWrapper.sendBroadcast:376 android.content.ContextWrapper.sendBroadcast:376 com.lge.bnr.service.BNRBootReceiver.setHomeBadgeCount:192 com.lge.bnr.service.BNRBootReceiver.setBadgeStatus:225 
D/WifiController(  708): battery changed pluggedType: 2
I/ViewRootImpl( 1418): ViewRoot's Touch Event : ACTION_DOWN
I/ViewRootImpl( 1418): ViewRoot's Touch Event : ACTION_UP
I/ViewRootImpl( 1418): ViewRoot's Touch Event : ACTION_DOWN
I/ViewRootImpl( 1418): ViewRoot's Touch Event : ACTION_UP
I/ActivityManager(  708): Killing 3095:com.android.vending/u0a33 (adj 15): empty #11
W/libprocessgroup(  708): failed to open /acct/uid_10033/pid_3095/cgroup.procs: No such file or directory
I/ActivityManager(  708): Start proc com.android.defcontainer for service com.android.defcontainer/.DefaultContainerService: pid=3383 uid=10003 gids={50003, 9997, 1028, 1015, 1023, 2001, 1035} abi=armeabi-v7a
D/DefContainer( 3383): Copying /data/local/tmp/App1-debug.apk to base.apk
D/PackageManager(  708): Renaming /data/app/vmdl222387857.tmp to /data/app/com.chaos.example.basic-1, and oldCodePath : /data/app/com.chaos.example.basic-2
I/ActivityManager(  708): Force stopping com.chaos.example.basic appid=10094 user=-1: uninstall pkg
I/PackageManager(  708): Package com.chaos.example.basic codePath changed from /data/app/com.chaos.example.basic-2 to /data/app/com.chaos.example.basic-1; Retaining data and using new
W/PackageManager(  708): Code path for pkg : com.chaos.example.basic changing from /data/app/com.chaos.example.basic-2 to /data/app/com.chaos.example.basic-1
I/ActivityManager(  708): Force stopping com.chaos.example.basic appid=10094 user=-1: update pkg
W/PackageManager(  708): Resource path for pkg : com.chaos.example.basic changing from /data/app/com.chaos.example.basic-2 to /data/app/com.chaos.example.basic-1
I/ActivityManager(  708): Force stopping com.chaos.example.basic appid=10094 user=0: pkg removed
D/administrator(  708): Handling package changes for user 0
I/NotificationService(  708): action=android.intent.action.PACKAGE_REMOVED queryReplace=true
D/BackupManagerService(  708): Received broadcast Intent { act=android.intent.action.PACKAGE_REMOVED dat=package:com.chaos.example.basic flg=0x4000010 (has extras) }
D/JobSchedulerService(  708): Receieved: android.intent.action.PACKAGE_REMOVED
W/ResourcesManager( 1300): Asset path '/system/framework/com.google.android.media.effects.jar' does not exist or contains no resources.
I/ActivityManager(  708): Start proc com.lge.appbox.client for broadcast com.lge.appbox.client/com.lge.appbox.manager.PreloadListManagerHelper: pid=3406 uid=10009 gids={50009, 9997, 3003, 1028, 1015, 2001} abi=armeabi-v7a
I/ActivityManager(  708): Start proc com.lge.lockscreensettings for content provider com.lge.lockscreensettings/.LockSettingsProvider: pid=3422 uid=10062 gids={50062, 9997, 1028, 1015} abi=armeabi-v7a
W/ResourcesManager(  708): Asset path '/system/framework/com.google.widevine.software.drm.jar' does not exist or contains no resources.
W/ResourcesManager(  993): Asset path '/system/framework/com.google.android.maps.jar' does not exist or contains no resources.
W/ResourcesManager(  993): Asset path '/system/framework/com.lge.mdm.jar' does not exist or contains no resources.
W/ResourcesManager(  993): Asset path '/system/framework/com.lge.telephony.sms.jar' does not exist or contains no resources.
W/ResourcesManager(  993): Asset path '/system/framework/lghiddenlibs.jar' does not exist or contains no resources.
I/NotificationService(  708): action=android.intent.action.PACKAGE_ADDED queryReplace=false
D/BackupManagerService(  708): Received broadcast Intent { act=android.intent.action.PACKAGE_ADDED dat=package:com.chaos.example.basic flg=0x4000010 (has extras) }
W/BackupManagerService(  708): Removing schedule queue dupe of com.chaos.example.basic
W/ResourcesManager(  993): Asset path '/system/framework/com.google.android.maps.jar' does not exist or contains no resources.
W/ResourcesManager(  993): Asset path '/system/framework/com.lge.telephony.sms.jar' does not exist or contains no resources.
W/ResourcesManager(  993): Asset path '/system/framework/com.lge.mdm.jar' does not exist or contains no resources.
W/ResourcesManager(  993): Asset path '/system/framework/com.lge.mdm.jar' does not exist or contains no resources.
W/ResourcesManager(  993): Asset path '/system/framework/com.google.android.media.effects.jar' does not exist or contains no resources.
W/ResourcesManager(  708): Asset path '/system/framework/com.google.android.maps.jar' does not exist or contains no resources.
I/ActivityManager(  708): Start proc com.android.contacts for broadcast com.android.contacts/.quickcontact.PackageIntentReceiver: pid=3440 uid=10015 gids={50015, 9997, 3003, 1028, 1015, 1023, 4002} abi=armeabi-v7a
I/ActivityManager(  708): Killing 3211:com.lge.drmservice/u0a48 (adj 15): empty #11
W/libprocessgroup(  708): failed to open /acct/uid_10048/pid_3211/cgroup.procs: No such file or directory
I/ActivityManager(  708): Killing 3273:com.android.providers.calendar/u0a12 (adj 15): empty #11
W/ResourcesManager( 3440): Asset path '/system/framework/com.google.android.maps.jar' does not exist or contains no resources.
W/ResourcesManager( 3440): Asset path '/system/framework/com.lge.mdm.jar' does not exist or contains no resources.
W/ResourcesManager( 3440): Asset path '/system/framework/com.lge.telephony.sms.jar' does not exist or contains no resources.
W/ResourcesManager( 3440): Asset path '/system/framework/lghiddenlibs.jar' does not exist or contains no resources.
W/ResourcesManager(  708): Asset path '/system/framework/com.google.android.maps.jar' does not exist or contains no resources.
W/libprocessgroup(  708): failed to open /acct/uid_10012/pid_3273/cgroup.procs: No such file or directory
I/ActivityManager(  708): Killing 3185:com.lge.lgdmsclient/1000 (adj 15): empty #11
W/libprocessgroup(  708): failed to open /acct/uid_1000/pid_3185/cgroup.procs: No such file or directory
I/ActivityManager(  708): Start proc com.android.gallery3d for broadcast com.android.gallery3d/.app.PackagesMonitor: pid=3465 uid=10021 gids={50021, 9997, 3003, 1028, 1015, 1023, 4002, 4003} abi=armeabi-v7a
W/ResourcesManager( 3465): Asset path '/system/framework/com.google.android.maps.jar' does not exist or contains no resources.
W/ResourcesManager( 3465): Asset path '/system/framework/com.google.android.media.effects.jar' does not exist or contains no resources.
W/ResourcesManager( 3465): Asset path '/system/framework/com.lge.divx.jar' does not exist or contains no resources.
I/ActivityManager(  708): Start proc com.android.settings for broadcast com.android.settings/.hotkey.PackageIntentReceiver: pid=3484 uid=1000 gids={41000, 9997, 1000, 1028, 1015, 2001, 3003, 1023, 1004, 2002, 3002, 3001, 3008, 1007, 1026, 3005, 1009, 1027, 1003, 1014, 1010, 4002, 1002, 3006} abi=armeabi-v7a
I/ActivityManager(  708): Killing 3336:com.google.process.gapps/u0a4 (adj 15): empty #11
W/libprocessgroup(  708): failed to open /acct/uid_10004/pid_3336/cgroup.procs: No such file or directory
W/ResourcesManager( 3484): Asset path '/system/framework/com.google.android.maps.jar' does not exist or contains no resources.
W/ResourcesManager( 3484): Asset path '/system/framework/com.lge.mdm.jar' does not exist or contains no resources.
W/ResourcesManager( 3484): Asset path '/system/framework/com.lge.bluetooth.jar' does not exist or contains no resources.
I/ActivityManager(  708): Start proc com.android.keychain for broadcast com.android.keychain/.KeyChainBroadcastReceiver: pid=3502 uid=1000 gids={41000, 9997, 1000, 1028, 1015, 2001, 3003, 1023, 1004, 2002, 3002, 3001, 3008, 1007, 1026, 3005, 1009, 1027, 1003, 1014, 1010, 4002, 1002, 3006} abi=armeabi-v7a
I/ActivityManager(  708): Killing 3228:com.lge.clock/u0a8 (adj 15): empty #11
I/ViewRootImpl( 1418): ViewRoot's Touch Event : ACTION_DOWN
I/ViewRootImpl( 1418): ViewRoot's Touch Event : ACTION_UP
--------- beginning of main
V/AudioPolicyManager(  195): getOutput() device 2, stream 1, samplingRate 0, format 0, channelMask 3, flags 0
V/AudioPolicyManagerEx(  195): AudioPolicyManagerEx: getOutputForDevice
V/AudioPolicyManagerEx(  195): getOutput() returns output 2
V/AudioSystem(  708): getFrameCount() output 2, frameCount 1024
I/libPerfService( 1376): 1: set freq: 1300000
I/libPerfService( 1376): 1: set: 4
V/AudioPolicyManager(  195): getOutput() device 2, stream 1, samplingRate 0, format 0, channelMask 3, flags 0
V/AudioPolicyManagerEx(  195): AudioPolicyManagerEx: getOutputForDevice
V/AudioPolicyManagerEx(  195): getOutput() returns output 2
V/AudioTrack(  708): set(): streamType 1, sampleRate 48000, format 0x1, channelMask 0x3, frameCount 0, flags #4, notificationFrames 0, sessionId 0, transferType 0
V/AudioTrack(  708): sharedBuffer: 0x9c1fc000, size: 10640
V/AudioTrack(  708): set() streamType 1, sampleRate 48000, format 1, frameCount 0, flags 0004
D/PowerManagerExtJar( 1376): Support 0 : support Boost ID 1
I/AudioFlinger(  195): isAudioPlaybackHookOn() false
D/AudioTrack(  708): TrackOffload: AudioTrack Offload disabled by property, returning false
V/AudioPolicyManager(  195): getOutputForAttr() usage=13, content=4, tag= flags=00000000
V/AudioPolicyManager(  195): getOutputForAttr() device 2, samplingRate 48000, format 1, channelMask 3, flags 4
I/Timeline( 1418): Timeline: Activity_launch_request id:com.chaos.example.basic time:297361151
V/AudioPolicyManagerEx(  195): AudioPolicyManagerEx: getOutputForDevice
V/AudioPolicyManagerEx(  195): getOutput() returns output 2
V/AudioSystem(  708): getLatency() output 2, latency 92
V/AudioSystem(  708): getFrameCount() output 2, frameCount 1024
W/AudioTrack(  708): AUDIO_OUTPUT_FLAG_FAST denied by client
V/AudioTrack(  708): createTrack_l() output 2 afLatency 92
V/AudioTrack(  708): Create normal PCM 0x1 Track
V/AudioFlinger(  195): sharedBuffer: 0xb3047000, size: 10640
D/AudioMixer(  195): getTrackName, n 7 start init
V/AudioTrack(  708): Flags here  0x0 
V/SoundPool(  708): setVolume 0x9c461c00
V/AudioFlinger(  195): start(4103), calling pid 708 session 3482
V/AudioFlinger(  195): ? => ACTIVE (4103) on thread 0xb4c97700
V/AudioPolicyManagerEx(  195): startOutput() output 2, stream 1, session 3482
V/AudioPolicyManager(  195): changeRefCount() stream 1, count 1
V/AudioPolicyManagerEx(  195): getNewOutputDevice() selected device 2
V/AudioPolicyManagerEx(  195): AudioPolicyManagerEx::setOutputDevice
D/AudioPolicyManagerEx(  195): startOutput() checkAndSetVolume stream 1 output 2 filtered newDevice 2
V/SoundPool(  708): delete oldTrack 0x90647f80
D/AudioMixer(  195): downmixerBufferProvider 0
D/AudioMixer(  195): Creating resampler: format(0x1) channels(2) devSampleRate(44100) quality(0) resamplerChannelCount(2)
V/AudioResampler(  195): resampler load 42 -> 48 MHz due to delta +6 MHz from quality 6
V/AudioResampler(  195): Create dynamic Resampler = 6
V/AudioTrack(  708): ~AudioTrack, releasing session id from 708 on behalf of 708
V/AudioResampler(  195): resampler load 48 -> 42 MHz due to delta -6 MHz from quality 6
D/AudioMixer(  195): deinitBliSrc
V/AudioFlinger(  195): PlaybackThread::Track destructor
D/AudioSpeechEnhanceInfo(  195): SetOutputStreamRunning 1, SPELayer 0
D/MtkAudioLoud(  195): +SetWorkMode()
D/MtkAudioLoud(  195): -SetWorkMode()
D/MtkAudioLoud(  195): +Open()
W/libprocessgroup(  708): failed to open /acct/uid_10008/pid_3228/cgroup.procs: No such file or directory
I/ActivityManager(  708): START u0 {act=android.intent.action.MAIN cat=[android.intent.category.LAUNCHER] flg=0x10200000 cmp=com.chaos.example.basic/.ChaosActivity} from uid 10022 on display 0
D/AudioMTKGainController(  195): AudioMTKGainController getMasterVolume
D/AudioMTKGainController(  195): setMasterVolume call setNormalVolume
D/AudioMTKGainController(  195): setSpeakerGain, gain 11, mHwVolume.speaker 11,regIndex:4
D/AudioMTKGainController(  195): ApplyAudioGain  gain = 11 mode= 0 device = 2
D/AudioMTKGainController(  195): setVoiceBufferGain, gain 11, mHwVolume.voiceBuffer 11,regIndex:11
D/AudioMTKGainController(  195): setAMPGain, device 2
D/AudioMTKGainController(  195): ApplyMicGain MicType=0 mode=0 micgain=25 mULTotalGain=172
D/AudioSpeechEnhanceInfo(  195): GetDownlinkIntrStartTime 0
D/AudioResamplerDyn(  195): resample 542, mBuffer.raw == Null
V/AudioFlinger(  195): presentationComplete() mPresentationCompleteFrames 0 framesWritten 3072
V/AudioFlinger(  195): presentationComplete() reset: mPresentationCompleteFrames 7129 audioHalFrames 4057
E/PowerManagerExtJar( 1376): Error 12 : It is an invalid Boost ID.
D/ActivityManager(  708): setTaskToReturnTo : TaskRecord{152785d4 #380 A=com.chaos.example.basic U=0 sz=0} / mTaskToReturnTo = 1
D/ActivityManager(  708): setTaskToReturnTo : TaskRecord{152785d4 #380 A=com.chaos.example.basic U=0 sz=0} / mTaskToReturnTo = 1
D/WindowStateEx(  708): AppWindowTokenEx init.. 
D/ContextHelper(  708): convertTheme. context->name=com.chaos.example.basic themeResourceId=16973831
I/PowerManagerExtJar( 1376): activity start: com.chaos.example.basic/com.chaos.example.basic.ChaosActivity
D/InputDispatcher(  708): Focus left window: Window{9d30403 u0 com.lge.launcher2/com.lge.launcher2.Launcher}
D/SplitWindow(  708): check instance of lgWin Window{23b53be u0 Starting com.chaos.example.basic}
V/AudioFlinger(  195): presentationComplete() mPresentationCompleteFrames 7129 framesWritten 3072
V/AudioFlinger(  195): presentationComplete() mPresentationCompleteFrames 7129 framesWritten 4096
V/AudioFlinger(  195): presentationComplete() mPresentationCompleteFrames 7129 framesWritten 4096
V/AudioFlinger(  195): presentationComplete() mPresentationCompleteFrames 7129 framesWritten 5120
W/ContextImpl( 3502): Calling a method in the system process without a qualified user: android.app.ContextImpl.startService:1798 android.content.ContextWrapper.startService:515 android.content.ContextWrapper.startService:515 com.android.keychain.KeyChainBroadcastReceiver.onReceive:12 android.app.ActivityThread.handleReceiver:2597 
I/[LGHome]EVENT( 1418): [Launcher.java:986:onPause()]onPause
V/AudioFlinger(  195): presentationComplete() mPresentationCompleteFrames 7129 framesWritten 5120
E/PowerManagerExtJar( 1376): Error 12 : It is an invalid Boost ID.
V/AudioFlinger(  195): presentationComplete() mPresentationCompleteFrames 7129 framesWritten 6144
I/[MALI][Gralloc](  169): usage: 0x933, format: 1 stride: 480 vertical_stride: 786 size: 1509120
V/AudioFlinger(  195): presentationComplete() mPresentationCompleteFrames 7129 framesWritten 6144
V/AudioFlinger(  195): presentationComplete() mPresentationCompleteFrames 7129 framesWritten 7168
D/AudioPolicyService(  195): AudioCommandThread() adding stopOutputSamplerateCommand 2
D/AudioPolicyService(  195): AudioCommandThread() processing stopoutputsamplerate 2
V/AudioPolicyManagerEx(  195): stopOutput() output 2, stream 1, session 3482
V/AudioPolicyManager(  195): changeRefCount() stream 1, count 0
V/AudioPolicyManagerEx(  195): getNewOutputDevice() selected device 0
V/AudioPolicyManagerEx(  195): AudioPolicyManagerEx::setOutputDevice
I/ActivityManager(  708): Start proc com.chaos.example.basic for activity com.chaos.example.basic/.ChaosActivity: pid=3522 uid=10094 gids={50094, 9997, 1028, 1015} abi=armeabi-v7a
I/[LGHome]EVENT( 1418): [Launcher.java:5704:onWindowFocusChanged()]onWindowFocusChanged() hasFocus false
I/PowerManagerExtJar( 1376): activity Resume: com.chaos.example.basic/com.chaos.example.basic.ChaosActivity
I/art     (  223): Explicit concurrent mark sweep GC freed 709(30KB) AllocSpace objects, 0(0B) LOS objects, 50% free, 3MB/7MB, paused 357us total 20.165ms
D/LockScreenSettings( 3422): Quick window widget present in DB = com.lge.sizechangable.musicwidget.widget.MusicAppWidgetProviderQuickCover  true
D/LockScreenSettings( 3422): Quick window widget present in DB = com.lge.sizechangable.weather.layout.WeatherQuickCover  true
I/art     (  223): Explicit concurrent mark sweep GC freed 5(160B) AllocSpace objects, 0(0B) LOS objects, 50% free, 3MB/7MB, paused 231us total 18.729ms
I/art     (  223): Explicit concurrent mark sweep GC freed 5(160B) AllocSpace objects, 0(0B) LOS objects, 50% free, 3MB/7MB, paused 235us total 18.676ms
I/ActivityManager(  708): Start proc com.google.android.apps.docs for broadcast com.google.android.apps.docs/.receivers.AppPackageAddRemoveReceiver: pid=3539 uid=10047 gids={50047, 9997, 1028, 3003, 1015} abi=armeabi-v7a
I/ActivityManager(  708): Killing 3252:com.android.calendar/u0a11 (adj 15): empty #11
D/PowerManagerExtJar( 1376): Not support 13 : Not support Boost ID 2
D/InputDispatcher(  708): setInputDispatchMode: enabled=1, frozen=1
I/[MALI][Gralloc](  169): usage: 0xb33, format: 1 stride: 480 vertical_stride: 854 size: 1639680
V/ActivityManager(  708): Display changed displayId=0
D/DSDPConnection( 1300): Display #0 changed.
I/ActivityManager(  708): Config changes=480 {1.0 260mcc6mnc pl_PL ldltr sw320dp w524dp h294dp 240dpi nrml land finger -keyb/v/h -nav/h s.292fontTypeIndex0 defclr=0xff000000}
I/InputReader(  708): Reconfiguring input devices.  changes=0x00000004
I/InputReader(  708): Device reconfigured: id=2, name='mtk-tpd', size 480x854, orientation 1, mode 1, display id 0
I/InputReader(  708): Device reconfigured: id=3, name='touch_dev', size 480x854, orientation 1, mode 1, display id 0
D/PhoneApp( 1300): onConfigurationChanged called
D/InCallFloatingView( 1300): onConfigurationChanged called..
D/InCallFloatingView( 1300): existsCallConnection() called...
D/InCallFloatingView( 1300): isCallStateOffHook called
D/PhoneUtils( 1300): getSubIdUsingSlotId() slotId:0 -> subId:1
D/PhoneUtils( 1300): getSubIdUsingSlotId() slotId:0 -> subId:1
D/PhoneUtils( 1300): getSubIdUsingSlotId() slotId:0 -> subId:1
D/PhoneUtils( 1300): getSubIdUsingSlotId() slotId:0 -> subId:1
D/InCallFloatingView( 1300): HJY mTelephonyManager.isOffhook() : false
D/PhoneUtils( 1300): getSubIdUsingSlotId() slotId:0 -> subId:1
D/InCallFloatingView( 1300): HJY mTelephonyManager.isRinging() : false
D/InCallFloatingView( 1300): onConfigurationChanged return
D/LGNetworkSettings( 1300): onConfigurationChanged called
I/SystemUI[Framework](  708): PhoneWindowManager.updateSystemUiVisibilityLw() :visibility=0x0, pkg=com.chaos.example.basic
W/PhoneWindowManagerEx(  708): Call!!!getLGSystemUiVisibility. =0x0
D/StatusBarManagerServiceEx(  708): setLGSystemUiVisibility(0x0)
D/StatusBarManagerServiceEx(  708): manageNaviBtnDisableList userId=0 what=0x0 pkg=WindowManager.LayoutParams
I/SystemUI[Framework](  708): ==>disabledNaviBtn() what=0x0, token=android.os.Binder@3d9b72b2,  pkg=WindowManager.LayoutParams
I/SystemUI[Framework](  708): disableNaviBtn: mDisabledNaviBtn=0x0,  mDisableRecords.size=0
W/libprocessgroup(  708): failed to open /acct/uid_10011/pid_3252/cgroup.procs: No such file or directory
I/Tethering(  708): StateReceiver onReceive action:android.intent.action.CONFIGURATION_CHANGED
I/[LGHome]EVENT( 1418): [LauncherModel.java:1142:onReceive()]onReceive intent=Intent { act=android.intent.action.CONFIGURATION_CHANGED flg=0x70000010 }
I/[LGHome]EVENT( 1418): [LauncherModel.java:1215:onReceive()]Configuration Changed: {1.0 260mcc6mnc pl_PL ldltr sw320dp w524dp h294dp 240dpi nrml land finger -keyb/v/h -nav/h s.292fontTypeIndex0 defclr=0xff000000}
I/[LGHome]EVENT( 1418): [LauncherModel.java:1220:onReceive()]Previous Configuration: {1.0 260mcc6mnc pl_PL ldltr sw320dp w320dp h498dp 240dpi nrml port finger -keyb/v/h -nav/h s.291fontTypeIndex0 defclr=0xff000000}
I/Cliptray Service( 1376): cliptrayEventReceiver :onReceiveandroid.intent.action.CONFIGURATION_CHANGED
D/WeatherService( 2085): 2 : onReceive, action: android.intent.action.CONFIGURATION_CHANGED, Time(hour:min:sec) 22:29:24
D/WeatherService( 2085): 2 : onReceive ACTION_CONFIGURATION_CHANGED: 
D/WeatherService( 2085): 2 : isOrientatioinChanged=true
D/WeatherService( 2085): 2 : Ignore requestRefreshAppWidget
D/WeatherService( 2085): 2 : onReceive has processed, action: android.intent.action.CONFIGURATION_CHANGED, Time(hour:min:sec) 22:29:24
I/TelephonyManager(  993): getDataEnabled() dds : subId=1, phone(slot)Id=0
I/TelephonyManager(  993): getDataEnabledUsingSubId()
D/BluetoothAdapter(  993): 468854331: getState() :  mService = null. Returning STATE_OFF
I/[SystemUI]BluetoothHandler(  993): getBTState : 10
E/libEGL  ( 3522): call to OpenGL ES API with no current context (logged once per thread)
I/Chaos   ( 3522): glVersion (onCreate): (null)
E/libEGL  ( 3522): call to OpenGL ES API with no current context (logged once per thread)
E/libEGL  ( 3522): call to OpenGL ES API with no current context (logged once per thread)
E/libEGL  ( 3522): call to OpenGL ES API with no current context (logged once per thread)
E/libEGL  ( 3522): call to OpenGL ES API with no current context (logged once per thread)
E/libEGL  ( 3522): call to OpenGL ES API with no current context (logged once per thread)
E/libEGL  ( 3522): call to OpenGL ES API with no current context (logged once per thread)
E/libEGL  ( 3522): call to OpenGL ES API with no current context (logged once per thread)
E/libEGL  ( 3522): call to OpenGL ES API with no current context (logged once per thread)
E/libEGL  ( 3522): call to OpenGL ES API with no current context (logged once per thread)
E/libEGL  ( 3522): call to OpenGL ES API with no current context (logged once per thread)
E/libEGL  ( 3522): call to OpenGL ES API with no current context (logged once per thread)
E/libEGL  ( 3522): call to OpenGL ES API with no current context (logged once per thread)
E/libEGL  ( 3522): call to OpenGL ES API with no current context (logged once per thread)
E/libEGL  ( 3522): call to OpenGL ES API with no current context (logged once per thread)
E/libEGL  ( 3522): call to OpenGL ES API with no current context (logged once per thread)
E/libEGL  ( 3522): call to OpenGL ES API with no current context (logged once per thread)
E/libEGL  ( 3522): call to OpenGL ES API with no current context (logged once per thread)
E/libEGL  ( 3522): call to OpenGL ES API with no current context (logged once per thread)
E/libEGL  ( 3522): call to OpenGL ES API with no current context (logged once per thread)
E/libEGL  ( 3522): call to OpenGL ES API with no current context (logged once per thread)
E/libEGL  ( 3522): call to OpenGL ES API with no current context (logged once per thread)
E/libEGL  ( 3522): call to OpenGL ES API with no current context (logged once per thread)
E/libEGL  ( 3522): call to OpenGL ES API with no current context (logged once per thread)
E/libEGL  ( 3522): call to OpenGL ES API with no current context (logged once per thread)
E/libEGL  ( 3522): call to OpenGL ES API with no current context (logged once per thread)
I/Chaos   ( 3522): shr0
I/Chaos   ( 3522): addShader 0, Shader_Pos
I/Chaos   ( 3522): addShader 1
I/Chaos   ( 3522): ShaderProgram
E/libEGL  ( 3522): call to OpenGL ES API with no current context (logged once per thread)
I/Chaos   ( 3522): ShaderProgram 2
I/Chaos   ( 3522): ShaderProgram 3
I/Chaos   ( 3522): ShaderProgram 3.5 vol1
I/Chaos   ( 3522): Shader => files/shaders/shader2.vs
F/libc    ( 3522): Fatal signal 11 (SIGSEGV), code 1, fault addr 0xfffffffc in tid 3522 (s.example.basic)
I/libc    ( 3522): Suppressing debuggerd output because prctl(PR_GET_DUMPABLE)==0
W/[SystemUI]ColorInversionHandler(  993): SettingNotFoundException
D/StatusBarKeyguardViewManager(  993): onConfigurationChanged() new Orientation : 2
D/StatusBarKeyguardViewManager(  993): adjustCameraSliderVisibility: shouldVisible = false, mGlanceViewNow = false
D/SplitWindow(  708): check instance of lgWin Window{303be535 u0 SearchPanel}
V/ILGDrmService(  200): eDRM_IsDRMByHnd +++
V/ILGDrmService(  200): eDRM_IsDRMByHnd ---#2
W/ActivityManager(  708): getRunningAppProcesses: caller 10047 does not hold REAL_GET_TASKS; limiting output
W/ActivityManager(  708): getRunningAppProcesses: caller 10047 does not hold REAL_GET_TASKS; limiting output
I/Zygote  (  223): Process 3522 exited due to signal (11)
I/ActivityManager(  708): Process com.chaos.example.basic (pid 3522) has died
I/ActivityManager(  708): Start proc com.chaos.example.basic for activity com.chaos.example.basic/.ChaosActivity: pid=3556 uid=10094 gids={50094, 9997, 1028, 1015} abi=armeabi-v7a
I/PowerManagerExtJar( 1376): activity Resume: com.chaos.example.basic/com.chaos.example.basic.ChaosActivity
W/ActivityManager(  708): getRunningAppProcesses: caller 10047 does not hold REAL_GET_TASKS; limiting output
I/ImageWallpaper(  993): updateWallpaperLocked() mBackground = android.graphics.Bitmap@7b4dd65, width = 480, height = 854
I/[MALI][Gralloc](  169): usage: 0xf02, format: 1 stride: 480 vertical_stride: 854 size: 1639680
I/MaliEGL (  993): [Mali]window_type=1, is_framebuffer=0, errnum = 0
I/MaliEGL (  993): [Mali]surface->num_buffers=4, surface->num_frames=3, win_min_undequeued=1
I/MaliEGL (  993): [Mali]max_allowed_dequeued_buffers=3
I/[MALI][Gralloc](  169): usage: 0xf02, format: 1 stride: 864 vertical_stride: 480 size: 1658880
I/[SystemUI]NavigationThemeResource(  993): NavigationKey Color is changed(WHITE_WITH_SHADOW -> WHITE)
I/[SystemUI]NavigationThemeResource(  993):  BarMode=0, Theme=BLACK, LightBackground=false (Transparent)
I/[SystemUI]NavigationThemeResource(  993): , Keyguard show=false, IME shown=false, Panel expanded=false
D/PhoneStatusBar(  993): setSystemUiVisibility vis=0 mask=ffffffff oldVal=8600 newVal=0 diff=8600
I/[SystemUI]OperatorTextView(  993): Operator(100) is invalid
I/[SystemUI]OperatorTextView(  993): Operator(100) is invalid
E/libEGL  ( 3556): call to OpenGL ES API with no current context (logged once per thread)
I/Chaos   ( 3556): glVersion (onCreate): (null)
E/libEGL  ( 3556): call to OpenGL ES API with no current context (logged once per thread)
E/libEGL  ( 3556): call to OpenGL ES API with no current context (logged once per thread)
E/libEGL  ( 3556): call to OpenGL ES API with no current context (logged once per thread)
E/libEGL  ( 3556): call to OpenGL ES API with no current context (logged once per thread)
E/libEGL  ( 3556): call to OpenGL ES API with no current context (logged once per thread)
E/libEGL  ( 3556): call to OpenGL ES API with no current context (logged once per thread)
E/libEGL  ( 3556): call to OpenGL ES API with no current context (logged once per thread)
E/libEGL  ( 3556): call to OpenGL ES API with no current context (logged once per thread)
E/libEGL  ( 3556): call to OpenGL ES API with no current context (logged once per thread)
E/libEGL  ( 3556): call to OpenGL ES API with no current context (logged once per thread)
E/libEGL  ( 3556): call to OpenGL ES API with no current context (logged once per thread)
E/libEGL  ( 3556): call to OpenGL ES API with no current context (logged once per thread)
E/libEGL  ( 3556): call to OpenGL ES API with no current context (logged once per thread)
E/libEGL  ( 3556): call to OpenGL ES API with no current context (logged once per thread)
E/libEGL  ( 3556): call to OpenGL ES API with no current context (logged once per thread)
E/libEGL  ( 3556): call to OpenGL ES API with no current context (logged once per thread)
E/libEGL  ( 3556): call to OpenGL ES API with no current context (logged once per thread)
E/libEGL  ( 3556): call to OpenGL ES API with no current context (logged once per thread)
E/libEGL  ( 3556): call to OpenGL ES API with no current context (logged once per thread)
E/libEGL  ( 3556): call to OpenGL ES API with no current context (logged once per thread)
E/libEGL  ( 3556): call to OpenGL ES API with no current context (logged once per thread)
E/libEGL  ( 3556): call to OpenGL ES API with no current context (logged once per thread)
E/libEGL  ( 3556): call to OpenGL ES API with no current context (logged once per thread)
E/libEGL  ( 3556): call to OpenGL ES API with no current context (logged once per thread)
E/libEGL  ( 3556): call to OpenGL ES API with no current context (logged once per thread)
I/Chaos   ( 3556): shr0
I/Chaos   ( 3556): addShader 0, Shader_Pos
I/Chaos   ( 3556): addShader 1
I/Chaos   ( 3556): ShaderProgram
E/libEGL  ( 3556): call to OpenGL ES API with no current context (logged once per thread)
I/Chaos   ( 3556): ShaderProgram 2
I/Chaos   ( 3556): ShaderProgram 3
I/Chaos   ( 3556): ShaderProgram 3.5 vol1
I/Chaos   ( 3556): Shader => files/shaders/shader2.vs
F/libc    ( 3556): Fatal signal 11 (SIGSEGV), code 1, fault addr 0xfffffffc in tid 3556 (s.example.basic)
I/libc    ( 3556): Suppressing debuggerd output because prctl(PR_GET_DUMPABLE)==0
I/[SystemUI]StatusBar.NetworkController(  993): refreshViews 1 connected={ } level=5 mobileLabel=PLAY wifiLabel= emergencyOnly=false
I/[SystemUI]Clock(  993): onReceive = android.intent.action.CONFIGURATION_CHANGED
I/[SystemUI]QSlide(  993): onReceive = android.intent.action.CONFIGURATION_CHANGED
W/ResourcesManager(  993): Asset path '/system/framework/com.google.android.maps.jar' does not exist or contains no resources.
I/Zygote  (  223): Process 3556 exited due to signal (11)
I/ActivityManager(  708): Process com.chaos.example.basic (pid 3556) has died
I/[SystemUI]BrightnessSlider(  993): onReceive = android.intent.action.CONFIGURATION_CHANGED
I/[SystemUI]VolumeSlider(  993): onReceive = android.intent.action.CONFIGURATION_CHANGED
I/[MALI][Gralloc](  169): usage: 0xf02, format: 1 stride: 80 vertical_stride: 480 size: 153600
I/MaliEGL (  993): [Mali]window_type=1, is_framebuffer=0, errnum = 0
I/MaliEGL (  993): [Mali]surface->num_buffers=4, surface->num_frames=3, win_min_undequeued=1
I/MaliEGL (  993): [Mali]max_allowed_dequeued_buffers=3
I/[MALI][Gralloc](  169): usage: 0xf02, format: 1 stride: 480 vertical_stride: 68 size: 130560
I/ActivityManager(  708): Start proc com.chaos.example.basic for activity com.chaos.example.basic/.ChaosActivity: pid=3573 uid=10094 gids={50094, 9997, 1028, 1015} abi=armeabi-v7a
I/PowerManagerExtJar( 1376): activity Resume: com.chaos.example.basic/com.chaos.example.basic.ChaosActivity
I/[MALI][Gralloc](  169): usage: 0xf02, format: 1 stride: 864 vertical_stride: 38 size: 131328
I/MaliEGL (  993): [Mali]window_type=1, is_framebuffer=0, errnum = 0
I/MaliEGL (  993): [Mali]surface->num_buffers=4, surface->num_frames=3, win_min_undequeued=1
I/MaliEGL (  993): [Mali]max_allowed_dequeued_buffers=3
I/[MALI][Gralloc](  169): usage: 0xf02, format: 1 stride: 48 vertical_stride: 854 size: 163968
D/InputDispatcher(  708): Window went away: Window{a7374d3 u0 SearchPanel}
V/ILGDrmService(  200): eDRM_IsDRMByHnd +++
V/ILGDrmService(  200): eDRM_IsDRMByHnd ---#2
E/libEGL  ( 3573): call to OpenGL ES API with no current context (logged once per thread)
I/Chaos   ( 3573): glVersion (onCreate): (null)
E/libEGL  ( 3573): call to OpenGL ES API with no current context (logged once per thread)
E/libEGL  ( 3573): call to OpenGL ES API with no current context (logged once per thread)
E/libEGL  ( 3573): call to OpenGL ES API with no current context (logged once per thread)
E/libEGL  ( 3573): call to OpenGL ES API with no current context (logged once per thread)
E/libEGL  ( 3573): call to OpenGL ES API with no current context (logged once per thread)
E/libEGL  ( 3573): call to OpenGL ES API with no current context (logged once per thread)
E/libEGL  ( 3573): call to OpenGL ES API with no current context (logged once per thread)
E/libEGL  ( 3573): call to OpenGL ES API with no current context (logged once per thread)
E/libEGL  ( 3573): call to OpenGL ES API with no current context (logged once per thread)
E/libEGL  ( 3573): call to OpenGL ES API with no current context (logged once per thread)
E/libEGL  ( 3573): call to OpenGL ES API with no current context (logged once per thread)
E/libEGL  ( 3573): call to OpenGL ES API with no current context (logged once per thread)
E/libEGL  ( 3573): call to OpenGL ES API with no current context (logged once per thread)
E/libEGL  ( 3573): call to OpenGL ES API with no current context (logged once per thread)
E/libEGL  ( 3573): call to OpenGL ES API with no current context (logged once per thread)
E/libEGL  ( 3573): call to OpenGL ES API with no current context (logged once per thread)
E/libEGL  ( 3573): call to OpenGL ES API with no current context (logged once per thread)
E/libEGL  ( 3573): call to OpenGL ES API with no current context (logged once per thread)
E/libEGL  ( 3573): call to OpenGL ES API with no current context (logged once per thread)
E/libEGL  ( 3573): call to OpenGL ES API with no current context (logged once per thread)
E/libEGL  ( 3573): call to OpenGL ES API with no current context (logged once per thread)
E/libEGL  ( 3573): call to OpenGL ES API with no current context (logged once per thread)
E/libEGL  ( 3573): call to OpenGL ES API with no current context (logged once per thread)
E/libEGL  ( 3573): call to OpenGL ES API with no current context (logged once per thread)
E/libEGL  ( 3573): call to OpenGL ES API with no current context (logged once per thread)
I/Chaos   ( 3573): shr0
I/Chaos   ( 3573): addShader 0, Shader_Pos
I/Chaos   ( 3573): addShader 1
I/Chaos   ( 3573): ShaderProgram
E/libEGL  ( 3573): call to OpenGL ES API with no current context (logged once per thread)
I/Chaos   ( 3573): ShaderProgram 2
I/Chaos   ( 3573): ShaderProgram 3
I/Chaos   ( 3573): ShaderProgram 3.5 vol1
I/Chaos   ( 3573): Shader => files/shaders/shader2.vs
F/libc    ( 3573): Fatal signal 11 (SIGSEGV), code 1, fault addr 0xfffffffc in tid 3573 (s.example.basic)
I/libc    ( 3573): Suppressing debuggerd output because prctl(PR_GET_DUMPABLE)==0
D/PhoneUtils( 1300): getSubIdUsingSlotId() slotId:0 -> subId:1
V/TelecomServiceImpl( 1300): getCallState : 0
D/PhoneInterfaceManager( 1300): [PhoneIntfMgr] mSigLevel = 5
I/ImageWallpaper(  993): updateWallpaperLocked() mBackground = android.graphics.Bitmap@237a541d, width = 480, height = 854
I/[MALI][Gralloc](  169): usage: 0xf02, format: 1 stride: 864 vertical_stride: 854 size: 2951424
I/MaliEGL (  993): [Mali]window_type=1, is_framebuffer=0, errnum = 0
I/MaliEGL (  993): [Mali]surface->num_buffers=4, surface->num_frames=3, win_min_undequeued=1
I/MaliEGL (  993): [Mali]max_allowed_dequeued_buffers=3
I/[MALI][Gralloc](  169): usage: 0xf02, format: 1 stride: 864 vertical_stride: 854 size: 2951424
D/LgeClockView(  993): java.util.GregorianCalendar[time=1486070964800,areFieldsSet=true,lenient=true,zone=Europe/Warsaw,firstDayOfWeek=2,minimalDaysInFirstWeek=4,ERA=1,YEAR=2017,MONTH=1,WEEK_OF_YEAR=5,WEEK_OF_MONTH=1,DAY_OF_MONTH=2,DAY_OF_YEAR=33,DAY_OF_WEEK=5,DAY_OF_WEEK_IN_MONTH=1,AM_PM=1,HOUR=10,HOUR_OF_DAY=22,MINUTE=29,SECOND=24,MILLISECOND=800,ZONE_OFFSET=3600000,DST_OFFSET=0]
I/GAv4    ( 3539): Google Analytics 8.4.87 is starting up. To enable debug logging on a device run:
I/GAv4    ( 3539):   adb shell setprop log.tag.GAv4 DEBUG
I/GAv4    ( 3539):   adb logcat -s GAv4
D/LgeClockView(  993): java.util.GregorianCalendar[time=1486070964803,areFieldsSet=true,lenient=true,zone=Europe/Warsaw,firstDayOfWeek=2,minimalDaysInFirstWeek=4,ERA=1,YEAR=2017,MONTH=1,WEEK_OF_YEAR=5,WEEK_OF_MONTH=1,DAY_OF_MONTH=2,DAY_OF_YEAR=33,DAY_OF_WEEK=5,DAY_OF_WEEK_IN_MONTH=1,AM_PM=1,HOUR=10,HOUR_OF_DAY=22,MINUTE=29,SECOND=24,MILLISECOND=803,ZONE_OFFSET=3600000,DST_OFFSET=0]
D/LgeClockView(  993): java.util.GregorianCalendar[time=1486070964804,areFieldsSet=true,lenient=true,zone=Europe/Warsaw,firstDayOfWeek=2,minimalDaysInFirstWeek=4,ERA=1,YEAR=2017,MONTH=1,WEEK_OF_YEAR=5,WEEK_OF_MONTH=1,DAY_OF_MONTH=2,DAY_OF_YEAR=33,DAY_OF_WEEK=5,DAY_OF_WEEK_IN_MONTH=1,AM_PM=1,HOUR=10,HOUR_OF_DAY=22,MINUTE=29,SECOND=24,MILLISECOND=804,ZONE_OFFSET=3600000,DST_OFFSET=0]
I/[MALI][Gralloc](  169): usage: 0xf02, format: 1 stride: 480 vertical_stride: 68 size: 130560
I/[MALI][Gralloc](  169): usage: 0xf02, format: 1 stride: 48 vertical_stride: 854 size: 163968
I/Zygote  (  223): Process 3573 exited due to signal (11)
I/ActivityManager(  708): Process com.chaos.example.basic (pid 3573) has died
W/ActivityManager(  708): Force removing ActivityRecord{2292c37d u0 com.chaos.example.basic/.ChaosActivity t380}: app died, no saved state
I/[SystemUI]StatusBar.NetworkController(  993): onSignalStrengthsChanged signalStrength=SignalStrength: 15 99 -120 -160 -120 0 -1 99 2147483647 2147483647 2147483647 2147483647 2147483647 gsm|lte 11 level=5
D/TelephonyIcons(  993): updateDataType sub=0, type=10, inetCondition=0 showAtLeast3G=false show4GforLte=true hspaDistinguishable=true
D/TelephonyIcons(  993): data type item name: array/telephony_data_type_sim1
D/TelephonyIcons(  993): data type item id: 2131230724
D/TelephonyIcons(  993): updateDataType mSelectedDataTypeIcon[0]=2130839081, mSelectedDataActivityIndex=6
I/WindowManager(  708): Screen frozen for +618ms due to Window{23b53be u0 Starting com.chaos.example.basic}
D/InputDispatcher(  708): setInputDispatchMode: enabled=1, frozen=0
W/WindowManager(  708): Failed looking up window
W/WindowManager(  708): java.lang.IllegalArgumentException: Requested window android.view.ViewRootImpl$W@3c0d1a79 does not exist
W/WindowManager(  708): 	at com.android.server.wm.WindowManagerService.windowForClientLocked(WindowManagerService.java:8824)
W/WindowManager(  708): 	at com.android.server.wm.WindowManagerService.windowForClientLocked(WindowManagerService.java:8815)
W/WindowManager(  708): 	at com.android.server.wm.WindowManagerServiceEx.relayoutWindow(WindowManagerServiceEx.java:641)
W/WindowManager(  708): 	at com.android.server.wm.Session.relayout(Session.java:201)
W/WindowManager(  708): 	at android.view.ViewRootImpl.relayoutWindow(ViewRootImpl.java:5335)
W/WindowManager(  708): 	at android.view.ViewRootImpl.performTraversals(ViewRootImpl.java:1582)
W/WindowManager(  708): 	at android.view.ViewRootImpl.doTraversal(ViewRootImpl.java:1136)
W/WindowManager(  708): 	at android.view.ViewRootImpl$TraversalRunnable.run(ViewRootImpl.java:5933)
W/WindowManager(  708): 	at android.view.Choreographer$CallbackRecord.run(Choreographer.java:767)
W/WindowManager(  708): 	at android.view.Choreographer.doCallbacks(Choreographer.java:580)
W/WindowManager(  708): 	at android.view.Choreographer.doFrame(Choreographer.java:550)
W/WindowManager(  708): 	at android.view.Choreographer$FrameDisplayEventReceiver.run(Choreographer.java:753)
W/WindowManager(  708): 	at android.os.Handler.handleCallback(Handler.java:739)
W/WindowManager(  708): 	at android.os.Handler.dispatchMessage(Handler.java:95)
W/WindowManager(  708): 	at android.os.Looper.loop(Looper.java:135)
W/WindowManager(  708): 	at android.os.HandlerThread.run(HandlerThread.java:61)
W/WindowManager(  708): 	at com.android.server.ServiceThread.run(ServiceThread.java:46)
E/BufferQueueProducer(  169): [Starting com.chaos.example.basic] dequeueBuffer: BufferQueue has been abandoned
E/Surface (  708): dequeueBuffer failed (No such device)
E/ViewRootImpl(  708): Could not lock surface
E/ViewRootImpl(  708): java.lang.IllegalArgumentException
E/ViewRootImpl(  708): 	at android.view.Surface.nativeLockCanvas(Native Method)
E/ViewRootImpl(  708): 	at android.view.Surface.lockCanvas(Surface.java:266)
E/ViewRootImpl(  708): 	at android.view.ViewRootImpl.drawSoftware(ViewRootImpl.java:2642)
E/ViewRootImpl(  708): 	at android.view.ViewRootImpl.draw(ViewRootImpl.java:2616)
E/ViewRootImpl(  708): 	at android.view.ViewRootImpl.performDraw(ViewRootImpl.java:2425)
E/ViewRootImpl(  708): 	at android.view.ViewRootImpl.performTraversals(ViewRootImpl.java:2056)
E/ViewRootImpl(  708): 	at android.view.ViewRootImpl.doTraversal(ViewRootImpl.java:1136)
E/ViewRootImpl(  708): 	at android.view.ViewRootImpl$TraversalRunnable.run(ViewRootImpl.java:5933)
E/ViewRootImpl(  708): 	at android.view.Choreographer$CallbackRecord.run(Choreographer.java:767)
E/ViewRootImpl(  708): 	at android.view.Choreographer.doCallbacks(Choreographer.java:580)
E/ViewRootImpl(  708): 	at android.view.Choreographer.doFrame(Choreographer.java:550)
E/ViewRootImpl(  708): 	at android.view.Choreographer$FrameDisplayEventReceiver.run(Choreographer.java:753)
E/ViewRootImpl(  708): 	at android.os.Handler.handleCallback(Handler.java:739)
E/ViewRootImpl(  708): 	at android.os.Handler.dispatchMessage(Handler.java:95)
E/ViewRootImpl(  708): 	at android.os.Looper.loop(Looper.java:135)
E/ViewRootImpl(  708): 	at android.os.HandlerThread.run(HandlerThread.java:61)
E/ViewRootImpl(  708): 	at com.android.server.ServiceThread.run(ServiceThread.java:46)
W/WindowManager(  708): Failed looking up window
W/WindowManager(  708): java.lang.IllegalArgumentException: Requested window android.view.ViewRootImpl$W@3c0d1a79 does not exist
