I/LockScreenSettings( 3916): New app installed broadcast received ..
I/LockScreenSettings( 3916): Number of installed packages  1
D/InputDispatcher(  708): notifyMotion - action=ACTION_DOWN, eventTime=297367501862000, downTime=297367501862000
D/InputTransport(  708): channel '2b18eece NavigationBar (server)' : action=ACTION_DOWN, downTime=297367501862000, eventTime=297367501862000, pointerCount=1
D/InputTransport(  708): channel 'WindowManager (server)' : action=ACTION_DOWN, downTime=297367501862000, eventTime=297367501862000, pointerCount=1
I/ViewRootImpl(  993): ViewRoot's Touch Event : ACTION_DOWN
E/PowerManagerExtJar( 1376): Error 12 : It is an invalid Boost ID.
I/[SystemUI]LGKeyButtonView(  993): Navigation Key(187) sendEvent, action : 0, flags : 0, when : 297367504
I/ActivityManager(  708): Start proc com.lge.eula for broadcast com.lge.eula/.service.LicenseProviderUpdateObserver: pid=3934 uid=1000 gids={41000, 9997, 1000, 1028, 1015, 2001, 3003, 1023, 1004, 2002, 3002, 3001, 3008, 1007, 1026, 3005, 1009, 1027, 1003, 1014, 1010, 4002, 1002, 3006} abi=armeabi-v7a
D/PhoneWindowManagerEx(  708): interceptKeyTq keycode=187 down=true interactive=true policyFlags=2b000002 injected=true keyguardActive=false
I/ActivityManager(  708): Killing 3760:com.lge.bnr/1000 (adj 15): empty #11
D/WindowManager(  708): interceptKeyTq keycode=187 interactive=true keyguardActive=false policyFlags=2b000002
D/PhoneWindowManagerEx(  708): interceptKeyTi keyCode=187 down=true repeatCount=0 keyguardOn=false mHomePressed=false canceled=false
I/LGKeyException(  708): KeyException privateFlags: 0x8, Current Input bit: 0x80000000
I/LGKeyException(  708): KeyException privateFlags: 0x8, Current Input bit: 0x800000
D/WindowManager(  708): interceptKeyTi keyCode=187 down=true repeatCount=0 keyguardOn=false mHomePressed=false canceled=false
W/libprocessgroup(  708): failed to open /acct/uid_1000/pid_3760/cgroup.procs: No such file or directory
D/InputDispatcher(  708): notifyMotion - action=ACTION_UP, eventTime=297367651557000, downTime=297367501862000
D/InputTransport(  708): channel '2b18eece NavigationBar (server)' : action=ACTION_UP, downTime=297367501862000, eventTime=297367651557000, pointerCount=1
D/InputTransport(  708): channel 'WindowManager (server)' : action=ACTION_UP, downTime=297367501862000, eventTime=297367651557000, pointerCount=1
I/ViewRootImpl(  993): ViewRoot's Touch Event : ACTION_UP
E/PowerManagerExtJar( 1376): Error 12 : It is an invalid Boost ID.
I/[SystemUI]LGKeyButtonView(  993): Navigation Key(187) sendEvent, action : 1, flags : 0, when : 297367659
D/PhoneWindowManagerEx(  708): interceptKeyTq keycode=187 down=false interactive=true policyFlags=2b000002 injected=true keyguardActive=false
D/WindowManager(  708): interceptKeyTq keycode=187 interactive=true keyguardActive=false policyFlags=2b000002
D/PhoneWindowManagerEx(  708): interceptKeyTi keyCode=187 down=false repeatCount=0 keyguardOn=false mHomePressed=false canceled=false
I/LGKeyException(  708): KeyException privateFlags: 0x8, Current Input bit: 0x80000000
I/LGKeyException(  708): KeyException privateFlags: 0x8, Current Input bit: 0x800000
D/WindowManager(  708): interceptKeyTi keyCode=187 down=false repeatCount=0 keyguardOn=false mHomePressed=false canceled=false
V/SoundPool(  708): play sampleID=1, leftVolume=1.000000, rightVolume=1.000000, priority=0, loop=0, rate=1.000000
V/SoundPool(  708): mState = 0 mChannelID=559, mNumChannels=2, mPos = 0, mPriority=-1, mLoop=0
V/SoundPool(  708): mState = 0 mChannelID=1061, mNumChannels=2, mPos = 0, mPriority=-1, mLoop=0
V/SoundPool(  708): mState = 0 mChannelID=710, mNumChannels=2, mPos = 0, mPriority=-1, mLoop=0
V/SoundPool(  708): mState = 0 mChannelID=1064, mNumChannels=2, mPos = 0, mPriority=-1, mLoop=0
V/SoundPool(  708): Allocated active channel
V/SoundPool(  708): play channel 0xb48a699c state = 0
V/SoundPool(  708): SoundChannel::play 0xb48a699c: sampleID=1, channelID=1065, leftVolume=1.000000, rightVolume=1.000000, priority=0, loop=0, rate=1.000000
V/AudioPolicyManager(  195): getOutput() device 2, stream 1, samplingRate 0, format 0, channelMask 3, flags 0
V/AudioPolicyManagerEx(  195): AudioPolicyManagerEx: getOutputForDevice
V/AudioPolicyManagerEx(  195): getOutput() returns output 2
V/AudioSystem(  708): getFrameCount() output 2, frameCount 1024
V/AudioPolicyManager(  195): getOutput() device 2, stream 1, samplingRate 0, format 0, channelMask 3, flags 0
V/AudioPolicyManagerEx(  195): AudioPolicyManagerEx: getOutputForDevice
V/AudioPolicyManagerEx(  195): getOutput() returns output 2
V/AudioTrack(  708): set(): streamType 1, sampleRate 48000, format 0x1, channelMask 0x3, frameCount 0, flags #4, notificationFrames 0, sessionId 0, transferType 0
V/AudioTrack(  708): sharedBuffer: 0x9c1fc000, size: 10640
V/AudioTrack(  708): set() streamType 1, sampleRate 48000, format 1, frameCount 0, flags 0004
I/AudioFlinger(  195): isAudioPlaybackHookOn() false
D/AudioTrack(  708): TrackOffload: AudioTrack Offload disabled by property, returning false
V/AudioPolicyManager(  195): getOutputForAttr() usage=13, content=4, tag= flags=00000000
V/AudioPolicyManager(  195): getOutputForAttr() device 2, samplingRate 48000, format 1, channelMask 3, flags 4
V/AudioPolicyManagerEx(  195): AudioPolicyManagerEx: getOutputForDevice
V/AudioPolicyManagerEx(  195): getOutput() returns output 2
V/AudioSystem(  708): getLatency() output 2, latency 92
V/AudioSystem(  708): getFrameCount() output 2, frameCount 1024
W/AudioTrack(  708): AUDIO_OUTPUT_FLAG_FAST denied by client
V/AudioTrack(  708): createTrack_l() output 2 afLatency 92
V/AudioTrack(  708): Create normal PCM 0x1 Track
V/AudioFlinger(  195): sharedBuffer: 0xb3047000, size: 10640
D/AudioMixer(  195): getTrackName, n 0 start init
V/AudioTrack(  708): Flags here  0x0 
V/SoundPool(  708): setVolume 0x90647f80
V/AudioFlinger(  195): start(4096), calling pid 708 session 3483
V/AudioFlinger(  195): ? => ACTIVE (4096) on thread 0xb4c98b00
V/AudioPolicyManagerEx(  195): startOutput() output 2, stream 1, session 3483
V/AudioPolicyManager(  195): changeRefCount() stream 1, count 1
V/AudioPolicyManagerEx(  195): getNewOutputDevice() selected device 2
V/AudioPolicyManagerEx(  195): AudioPolicyManagerEx::setOutputDevice
D/AudioPolicyManagerEx(  195): startOutput() checkAndSetVolume stream 1 output 2 filtered newDevice 2
D/AudioMixer(  195): downmixerBufferProvider 0
D/AudioMixer(  195): Creating resampler: format(0x1) channels(2) devSampleRate(44100) quality(0) resamplerChannelCount(2)
V/AudioResampler(  195): resampler load 42 -> 48 MHz due to delta +6 MHz from quality 6
V/AudioResampler(  195): Create dynamic Resampler = 6
D/AudioSpeechEnhanceInfo(  195): SetOutputStreamRunning 1, SPELayer 0
D/MtkAudioLoud(  195): +SetWorkMode()
D/MtkAudioLoud(  195): -SetWorkMode()
D/MtkAudioLoud(  195): +Open()
V/SoundPool(  708): delete oldTrack 0x9c461c00
V/AudioTrack(  708): ~AudioTrack, releasing session id from 708 on behalf of 708
V/AudioResampler(  195): resampler load 48 -> 42 MHz due to delta -6 MHz from quality 6
D/AudioMixer(  195): deinitBliSrc
V/AudioFlinger(  195): PlaybackThread::Track destructor
I/ActivityManager(  708): START u0 {act=com.android.systemui.recents.SHOW_RECENTS flg=0x10804000 cmp=com.android.systemui/.recents.RecentsActivity (has extras)} from uid 10028 on display 0
W/ResourcesManager(  708): Asset path '/system/framework/com.lge.systemui.jar' does not exist or contains no resources.
W/ResourcesManager(  708): Asset path '/system/framework/com.lge.mdm.jar' does not exist or contains no resources.
I/[LGHome]EVENT( 1418): [Launcher.java:986:onPause()]onPause
D/AudioMTKGainController(  195): AudioMTKGainController getMasterVolume
D/AudioMTKGainController(  195): setMasterVolume call setNormalVolume
D/AudioMTKGainController(  195): setSpeakerGain, gain 11, mHwVolume.speaker 11,regIndex:4
D/AudioMTKGainController(  195): ApplyAudioGain  gain = 11 mode= 0 device = 2
D/AudioMTKGainController(  195): setVoiceBufferGain, gain 11, mHwVolume.voiceBuffer 11,regIndex:11
D/AudioMTKGainController(  195): setAMPGain, device 2
D/AudioMTKGainController(  195): ApplyMicGain MicType=0 mode=0 micgain=25 mULTotalGain=172
D/AudioSpeechEnhanceInfo(  195): GetDownlinkIntrStartTime 0
D/AudioResamplerDyn(  195): resample 542, mBuffer.raw == Null
V/AudioFlinger(  195): presentationComplete() mPresentationCompleteFrames 0 framesWritten 3072
V/AudioFlinger(  195): presentationComplete() reset: mPresentationCompleteFrames 7129 audioHalFrames 4057
D/ActivityManager(  708): setTaskToReturnTo : TaskRecord{b2b9bd9 #89 A=com.android.systemui U=0 sz=1} / mTaskToReturnTo = 1
I/PowerManagerExtJar( 1376): activity Resume: com.android.systemui/com.android.systemui.recents.RecentsActivity
V/AudioFlinger(  195): presentationComplete() mPresentationCompleteFrames 7129 framesWritten 3072
V/AudioFlinger(  195): presentationComplete() mPresentationCompleteFrames 7129 framesWritten 4096
D/EulaProviderUpdateObserver( 3934): action : android.intent.action.PACKAGE_ADDED
D/EulaProviderUpdateObserver( 3934): uri : package:com.chaos.example.basic
D/BubblePopupHelper( 1418): isShowingBubblePopup : false
I/[LGHome]EVENT( 1418): [Launcher.java:5220:onStop()]onStop
D/BubblePopupHelper( 1418): isShowingBubblePopup : false
V/AudioFlinger(  195): presentationComplete() mPresentationCompleteFrames 7129 framesWritten 4096
V/AudioFlinger(  195): presentationComplete() mPresentationCompleteFrames 7129 framesWritten 5120
V/AudioFlinger(  195): presentationComplete() mPresentationCompleteFrames 7129 framesWritten 5120
D/InputDispatcher(  708): Focus left window: Window{10c11cef u0 com.lge.launcher2/com.lge.launcher2.Launcher EXITING}
I/[LGHome]EVENT( 1418): [Launcher.java:5704:onWindowFocusChanged()]onWindowFocusChanged() hasFocus false
V/AudioFlinger(  195): presentationComplete() mPresentationCompleteFrames 7129 framesWritten 6144
V/AudioFlinger(  195): presentationComplete() mPresentationCompleteFrames 7129 framesWritten 6144
I/ActivityManager(  708): Start proc com.google.android.apps.docs for broadcast com.google.android.apps.docs/.receivers.AppPackageAddRemoveReceiver: pid=3952 uid=10047 gids={50047, 9997, 1028, 3003, 1015} abi=armeabi-v7a
I/ActivityManager(  708): Killing 3790:com.google.android.googlequicksearchbox:search/u0a37 (adj 15): empty #11
V/AudioFlinger(  195): presentationComplete() mPresentationCompleteFrames 7129 framesWritten 7168
D/AudioPolicyService(  195): AudioCommandThread() adding stopOutputSamplerateCommand 2
D/AudioPolicyService(  195): AudioCommandThread() processing stopoutputsamplerate 2
V/AudioPolicyManagerEx(  195): stopOutput() output 2, stream 1, session 3483
V/AudioPolicyManager(  195): changeRefCount() stream 1, count 0
V/AudioPolicyManagerEx(  195): getNewOutputDevice() selected device 0
V/AudioPolicyManagerEx(  195): AudioPolicyManagerEx::setOutputDevice
W/libprocessgroup(  708): failed to open /acct/uid_10037/pid_3790/cgroup.procs: No such file or directory
I/SystemUI[Framework](  708): PhoneWindowManager.updateSystemUiVisibilityLw() :visibility=0x8700, pkg=com.android.systemui
W/PhoneWindowManagerEx(  708): Call!!!getLGSystemUiVisibility. =0x0
D/StatusBarManagerServiceEx(  708): setLGSystemUiVisibility(0x0)
D/StatusBarManagerServiceEx(  708): manageNaviBtnDisableList userId=0 what=0x0 pkg=WindowManager.LayoutParams
I/SystemUI[Framework](  708): ==>disabledNaviBtn() what=0x0, token=android.os.Binder@3d9b72b2,  pkg=WindowManager.LayoutParams
I/SystemUI[Framework](  708): disableNaviBtn: mDisabledNaviBtn=0x0,  mDisableRecords.size=0
D/InputDispatcher(  708): Focus entered window: Window{59e2d49 u0 com.android.systemui/com.android.systemui.recents.RecentsActivity}
I/[MALI][Gralloc](  169): usage: 0xf02, format: 1 stride: 480 vertical_stride: 854 size: 1639680
I/MaliEGL (  993): [Mali]window_type=1, is_framebuffer=0, errnum = 0
I/MaliEGL (  993): [Mali]surface->num_buffers=4, surface->num_frames=3, win_min_undequeued=1
I/MaliEGL (  993): [Mali]max_allowed_dequeued_buffers=3
I/[MALI][Gralloc](  169): usage: 0xf02, format: 1 stride: 480 vertical_stride: 854 size: 1639680
I/[MALI][Gralloc](  169): usage: 0xf02, format: 1 stride: 480 vertical_stride: 854 size: 1639680
I/[MALI][Gralloc](  169): usage: 0xf02, format: 1 stride: 480 vertical_stride: 854 size: 1639680
I/[MALI][Gralloc](  169): usage: 0xf02, format: 1 stride: 480 vertical_stride: 854 size: 1639680
I/[SystemUI]QSlideListController(  993): setLowProfile : true from com.android.systemui
I/[SystemUI]QSlideListController(  993): setLowProfile : false from com.android.systemui
I/[SystemUI]QSlideListController(  993): setLowProfile : true from com.android.systemui
D/PhoneStatusBar(  993): setSystemUiVisibility vis=8700 mask=ffffffff oldVal=c600 newVal=8700 diff=4100
W/ActivityManager(  708): getRunningAppProcesses: caller 10047 does not hold REAL_GET_TASKS; limiting output
W/ActivityManager(  708): getRunningAppProcesses: caller 10047 does not hold REAL_GET_TASKS; limiting output
I/Timeline(  993): Timeline: Activity_idle id: android.os.BinderProxy@2c1f3f21 time:297367998
I/[SystemUI]RecentsActivity(  993): mScrimViews.onEnterAnimationTriggered()
I/Timeline(  708): Timeline: Activity_windows_visible id: ActivityRecord{2de3a99e u0 com.android.systemui/.recents.RecentsActivity t89} time:297368011
W/ActivityManager(  708): getRunningAppProcesses: caller 10047 does not hold REAL_GET_TASKS; limiting output
I/GAv4    ( 3952): Google Analytics 8.4.87 is starting up. To enable debug logging on a device run:
I/GAv4    ( 3952):   adb shell setprop log.tag.GAv4 DEBUG
I/GAv4    ( 3952):   adb logcat -s GAv4
W/GAv4    ( 3952): AnalyticsReceiver is not registered or is disabled. Register the receiver for reliable dispatching on non-Google Play devices. See http://goo.gl/8Rd3yj for instructions.
W/ActivityManager(  708): getRunningAppProcesses: caller 10047 does not hold REAL_GET_TASKS; limiting output
W/GAv4    ( 3952): CampaignTrackingReceiver is not registered, not exported or is disabled. Installation campaign tracking is not possible. See http://goo.gl/8Rd3yj for instructions.
W/GAv4    ( 3952): AnalyticsService not registered in the app manifest. Hits might not be delivered reliably. See http://goo.gl/8Rd3yj for instructions.
I/art     ( 3952): CheckpointMarkThreadRoots callback created = 0xb0509110
I/art     ( 3952): CheckpointMarkThreadRoots callback created = 0xb05090f0
I/Finsky  ( 3613): [1] com.google.android.finsky.wear.WearSupportService.a(307): Wear auto install disabled for package com.chaos.example.basic
I/NotificationManager( 3613): com.android.vending: cancel(-1958082763) by com.android.vending
I/Finsky  ( 3613): [1] com.google.android.finsky.utils.bq.run(2300): Package state data is missing for com.chaos.example.basic
I/ActivityManager(  708): Start proc com.google.android.apps.plus for broadcast com.google.android.apps.plus/.service.PhotosAppTransitionMonitor: pid=3982 uid=10077 gids={50077, 9997, 3003, 3002, 1028, 1015} abi=armeabi-v7a
I/ActivityManager(  708): Killing 3817:com.google.android.partnersetup/u0a7 (adj 15): empty #11
V/SoundPool(  708): process 0xb48a699c channel 1065 event BUFFER_END
V/SoundPool(  708): awake
V/SoundPool(  708): Getting channel from stop list
V/SoundPool(  708): stop
V/AudioFlinger(  195): stop(4096), calling pid 708
V/AudioFlinger(  195): not stopping/stopped => stopping/stopped (4096) on thread 0xb4d2f000
V/SoundPool(  708): done_l(1065)
V/SoundPool(  708): move to front
W/libprocessgroup(  708): failed to open /acct/uid_10007/pid_3817/cgroup.procs: No such file or directory
W/ResourcesManager( 3982): Asset path '/system/framework/com.google.android.maps.jar' does not exist or contains no resources.
D/InputDispatcher(  708): notifyMotion - action=ACTION_DOWN, eventTime=297368722923000, downTime=297368722923000
D/InputTransport(  708): channel '2b18eece NavigationBar (server)' : action=ACTION_DOWN, downTime=297368722923000, eventTime=297368722923000, pointerCount=1
D/InputTransport(  708): channel 'WindowManager (server)' : action=ACTION_DOWN, downTime=297368722923000, eventTime=297368722923000, pointerCount=1
I/ViewRootImpl(  993): ViewRoot's Touch Event : ACTION_DOWN
I/[SystemUI]LGKeyButtonView(  993): Navigation Key(3) sendEvent, action : 0, flags : 0, when : 297368725
D/PhoneWindowManagerEx(  708): interceptKeyTq keycode=3 down=true interactive=true policyFlags=2b000002 injected=true keyguardActive=false
D/WindowManager(  708): interceptKeyTq keycode=3 interactive=true keyguardActive=false policyFlags=2b000002
I/LGKeyException(  708): KeyException privateFlags: 0x8, Current Input bit: 0x80200000
D/PhoneWindowManagerEx(  708): interceptKeyTi keyCode=3 down=true repeatCount=0 keyguardOn=false mHomePressed=false canceled=false
I/LGKeyException(  708): KeyException privateFlags: 0x8, Current Input bit: 0x80000000
I/LGKeyException(  708): KeyException privateFlags: 0x8, Current Input bit: 0x200000
D/PhoneUtils( 1300): getSubIdUsingSlotId() slotId:0 -> subId:1
D/WindowManager(  708): interceptKeyTi keyCode=3 down=true repeatCount=0 keyguardOn=false mHomePressed=false canceled=false
D/InputDispatcher(  708): notifyMotion - action=ACTION_UP, eventTime=297368788615000, downTime=297368722923000
D/InputTransport(  708): channel '2b18eece NavigationBar (server)' : action=ACTION_UP, downTime=297368722923000, eventTime=297368788615000, pointerCount=1
D/InputTransport(  708): channel 'WindowManager (server)' : action=ACTION_UP, downTime=297368722923000, eventTime=297368788615000, pointerCount=1
I/ViewRootImpl(  993): ViewRoot's Touch Event : ACTION_UP
E/PowerManagerExtJar( 1376): Error 12 : It is an invalid Boost ID.
I/[SystemUI]LGKeyButtonView(  993): Navigation Key(3) sendEvent, action : 1, flags : 0, when : 297368794
D/PhoneWindowManagerEx(  708): interceptKeyTq keycode=3 down=false interactive=true policyFlags=2b000002 injected=true keyguardActive=false
D/WindowManager(  708): interceptKeyTq keycode=3 interactive=true keyguardActive=false policyFlags=2b000002
I/LGKeyException(  708): KeyException privateFlags: 0x8, Current Input bit: 0x80200000
D/PhoneWindowManagerEx(  708): interceptKeyTi keyCode=3 down=false repeatCount=0 keyguardOn=false mHomePressed=true canceled=false
I/LGKeyException(  708): KeyException privateFlags: 0x8, Current Input bit: 0x80000000
I/LGKeyException(  708): KeyException privateFlags: 0x8, Current Input bit: 0x200000
V/SoundPool(  708): play sampleID=1, leftVolume=1.000000, rightVolume=1.000000, priority=0, loop=0, rate=1.000000
V/SoundPool(  708): mState = 0 mChannelID=559, mNumChannels=2, mPos = 0, mPriority=-1, mLoop=0
V/SoundPool(  708): mState = 0 mChannelID=1061, mNumChannels=2, mPos = 0, mPriority=-1, mLoop=0
V/SoundPool(  708): mState = 0 mChannelID=710, mNumChannels=2, mPos = 0, mPriority=-1, mLoop=0
V/SoundPool(  708): mState = 0 mChannelID=1065, mNumChannels=2, mPos = 0, mPriority=-1, mLoop=0
V/SoundPool(  708): Allocated active channel
V/SoundPool(  708): play channel 0xb48a699c state = 0
V/SoundPool(  708): SoundChannel::play 0xb48a699c: sampleID=1, channelID=1066, leftVolume=1.000000, rightVolume=1.000000, priority=0, loop=0, rate=1.000000
V/AudioPolicyManager(  195): getOutput() device 2, stream 1, samplingRate 0, format 0, channelMask 3, flags 0
V/AudioPolicyManagerEx(  195): AudioPolicyManagerEx: getOutputForDevice
V/AudioPolicyManagerEx(  195): getOutput() returns output 2
V/AudioSystem(  708): getFrameCount() output 2, frameCount 1024
V/AudioPolicyManager(  195): getOutput() device 2, stream 1, samplingRate 0, format 0, channelMask 3, flags 0
V/AudioPolicyManagerEx(  195): AudioPolicyManagerEx: getOutputForDevice
V/AudioPolicyManagerEx(  195): getOutput() returns output 2
V/AudioTrack(  708): set(): streamType 1, sampleRate 48000, format 0x1, channelMask 0x3, frameCount 0, flags #4, notificationFrames 0, sessionId 0, transferType 0
V/AudioTrack(  708): sharedBuffer: 0x9c1fc000, size: 10640
V/AudioTrack(  708): set() streamType 1, sampleRate 48000, format 1, frameCount 0, flags 0004
I/AudioFlinger(  195): isAudioPlaybackHookOn() false
D/PhoneUtils( 1300): getSubIdUsingSlotId() slotId:0 -> subId:1
D/AudioTrack(  708): TrackOffload: AudioTrack Offload disabled by property, returning false
V/AudioPolicyManager(  195): getOutputForAttr() usage=13, content=4, tag= flags=00000000
V/AudioPolicyManager(  195): getOutputForAttr() device 2, samplingRate 48000, format 1, channelMask 3, flags 4
V/AudioPolicyManagerEx(  195): AudioPolicyManagerEx: getOutputForDevice
V/AudioPolicyManagerEx(  195): getOutput() returns output 2
V/AudioSystem(  708): getLatency() output 2, latency 92
V/AudioSystem(  708): getFrameCount() output 2, frameCount 1024
W/AudioTrack(  708): AUDIO_OUTPUT_FLAG_FAST denied by client
V/AudioTrack(  708): createTrack_l() output 2 afLatency 92
V/AudioTrack(  708): Create normal PCM 0x1 Track
V/AudioFlinger(  195): sharedBuffer: 0xb3047000, size: 10640
D/AudioMixer(  195): getTrackName, n 7 start init
I/[MALI][Gralloc](  169): usage: 0xf02, format: 1 stride: 480 vertical_stride: 68 size: 130560
V/AudioTrack(  708): Flags here  0x0 
V/SoundPool(  708): setVolume 0x9c461c00
V/AudioFlinger(  195): start(4103), calling pid 708 session 3484
V/AudioFlinger(  195): ? => ACTIVE (4103) on thread 0xb4c97700
V/AudioPolicyManagerEx(  195): startOutput() output 2, stream 1, session 3484
V/AudioPolicyManager(  195): changeRefCount() stream 1, count 1
V/AudioPolicyManagerEx(  195): getNewOutputDevice() selected device 2
V/AudioPolicyManagerEx(  195): AudioPolicyManagerEx::setOutputDevice
D/AudioPolicyManagerEx(  195): startOutput() checkAndSetVolume stream 1 output 2 filtered newDevice 2
V/SoundPool(  708): delete oldTrack 0x90647f80
V/AudioTrack(  708): ~AudioTrack, releasing session id from 708 on behalf of 708
V/AudioResampler(  195): resampler load 42 -> 36 MHz due to delta -6 MHz from quality 6
D/AudioMixer(  195): deinitBliSrc
V/AudioFlinger(  195): PlaybackThread::Track destructor
D/WindowManager(  708): interceptKeyTi keyCode=3 down=false repeatCount=0 keyguardOn=false mHomePressed=true canceled=false
D/AudioMixer(  195): downmixerBufferProvider 0
D/AudioMixer(  195): Creating resampler: format(0x1) channels(2) devSampleRate(44100) quality(0) resamplerChannelCount(2)
V/AudioResampler(  195): resampler load 36 -> 42 MHz due to delta +6 MHz from quality 6
V/AudioResampler(  195): Create dynamic Resampler = 6
I/ActivityManager(  708): START u0 {act=android.intent.action.MAIN cat=[android.intent.category.HOME] flg=0x10200000 cmp=com.lge.launcher2/.Launcher} from uid 10028 on display 0
D/AudioResamplerDyn(  195): resample 542, mBuffer.raw == Null
E/PowerManagerExtJar( 1376): Error 12 : It is an invalid Boost ID.
I/PowerManagerExtJar( 1376): activity Resume: com.lge.launcher2/com.lge.launcher2.Launcher
V/AudioFlinger(  195): presentationComplete() mPresentationCompleteFrames 0 framesWritten 55296
V/AudioFlinger(  195): presentationComplete() reset: mPresentationCompleteFrames 59353 audioHalFrames 4057
D/InputDispatcher(  708): Focus left window: Window{59e2d49 u0 com.android.systemui/com.android.systemui.recents.RecentsActivity}
I/[LGHome]EVENT( 1418): [Launcher.java:1903:onNewIntent()]Default Home screen would be seen
I/[SystemUI]QSlideListController(  993): setLowProfile : false from com.android.systemui
V/AudioFlinger(  195): presentationComplete() mPresentationCompleteFrames 59353 framesWritten 55296
V/AudioFlinger(  195): presentationComplete() mPresentationCompleteFrames 59353 framesWritten 56320
V/AudioFlinger(  195): presentationComplete() mPresentationCompleteFrames 59353 framesWritten 56320
D/BubblePopupHelper( 1418): isShowingBubblePopup : false
I/PhoneWindow( 1418): [setNavigationBarColor] color=0x 0
I/[LGHome]EVENT( 1418): [Launcher.java:4855:setState()]APPS_CUSTOMIZE -> WORKSPACE
V/AudioFlinger(  195): presentationComplete() mPresentationCompleteFrames 59353 framesWritten 57344
I/[LGHome]EVENT( 1418): [Launcher.java:5209:onStart()]onStart
I/[LGHome]EVENT( 1418): [Launcher.java:776:onResume()]onResume
I/[LGHome]LGActivityUtil( 1418): [LGActivityUtil.java:319:notifyToWeatherWidget()]broadcast to weather widget, intent: Intent { act=com.lge.launcher2.RESUME }
I/[LGHome]EVENT( 1418): [Launcher.java:929:onResume()]onResume end
V/AudioFlinger(  195): presentationComplete() mPresentationCompleteFrames 59353 framesWritten 57344
D/WallpaperManager( 1418): suggestDesiredDimensions(480, 854) by package(com.lge.launcher2)
I/SystemUI[Framework](  708): PhoneWindowManager.updateSystemUiVisibilityLw() :visibility=0x8600, pkg=com.lge.launcher2
V/AudioFlinger(  195): presentationComplete() mPresentationCompleteFrames 59353 framesWritten 58368
W/PhoneWindowManagerEx(  708): Call!!!getLGSystemUiVisibility. =0x0
D/StatusBarManagerServiceEx(  708): setLGSystemUiVisibility(0x0)
D/StatusBarManagerServiceEx(  708): manageNaviBtnDisableList userId=0 what=0x0 pkg=WindowManager.LayoutParams
I/SystemUI[Framework](  708): ==>disabledNaviBtn() what=0x0, token=android.os.Binder@3d9b72b2,  pkg=WindowManager.LayoutParams
I/SystemUI[Framework](  708): disableNaviBtn: mDisabledNaviBtn=0x0,  mDisableRecords.size=0
D/PhoneStatusBar(  993): setSystemUiVisibility vis=8600 mask=ffffffff oldVal=8700 newVal=8600 diff=100
D/InputDispatcher(  708): Focus entered window: Window{10c11cef u0 com.lge.launcher2/com.lge.launcher2.Launcher}
V/AudioFlinger(  195): presentationComplete() mPresentationCompleteFrames 59353 framesWritten 58368
I/[MALI][Gralloc](  169): usage: 0xf02, format: 1 stride: 480 vertical_stride: 854 size: 1639680
I/MaliEGL ( 1418): [Mali]window_type=1, is_framebuffer=0, errnum = 0
I/MaliEGL ( 1418): [Mali]surface->num_buffers=4, surface->num_frames=3, win_min_undequeued=1
I/MaliEGL ( 1418): [Mali]max_allowed_dequeued_buffers=3
I/[MALI][Gralloc](  169): usage: 0xf02, format: 1 stride: 480 vertical_stride: 854 size: 1639680
I/[MALI][Gralloc](  169): usage: 0xf02, format: 1 stride: 480 vertical_stride: 854 size: 1639680
I/[MALI][Gralloc](  169): usage: 0xf02, format: 1 stride: 480 vertical_stride: 854 size: 1639680
I/[MALI][Gralloc](  169): usage: 0xf02, format: 1 stride: 480 vertical_stride: 854 size: 1639680
V/AudioFlinger(  195): presentationComplete() mPresentationCompleteFrames 59353 framesWritten 59392
D/AudioPolicyService(  195): AudioCommandThread() adding stopOutputSamplerateCommand 2
D/AudioPolicyService(  195): AudioCommandThread() processing stopoutputsamplerate 2
V/AudioPolicyManagerEx(  195): stopOutput() output 2, stream 1, session 3484
V/AudioPolicyManager(  195): changeRefCount() stream 1, count 0
V/AudioPolicyManagerEx(  195): getNewOutputDevice() selected device 0
V/AudioPolicyManagerEx(  195): AudioPolicyManagerEx::setOutputDevice
I/[LGHome]EVENT( 1418): [Launcher.java:5704:onWindowFocusChanged()]onWindowFocusChanged() hasFocus true
I/PhoneWindow( 1418): [setNavigationBarColor] color=0x 0
I/Timeline( 1418): Timeline: Activity_idle id: android.os.BinderProxy@cb2d08a time:297369038
I/Timeline(  708): Timeline: Activity_windows_visible id: ActivityRecord{18c00288 u0 com.lge.launcher2/.Launcher t85} time:297369041
D/InputDispatcher(  708): notifyMotion - action=ACTION_DOWN, eventTime=297369291476000, downTime=297369291476000
D/InputTransport(  708): channel '10c11cef com.lge.launcher2/com.lge.launcher2.Launcher (server)' : action=ACTION_DOWN, downTime=297369291476000, eventTime=297369291476000, pointerCount=1
D/InputTransport(  708): channel '7e04da0 com.android.systemui.ImageWallpaper (server)' : action=ACTION_DOWN, downTime=297369291476000, eventTime=297369291476000, pointerCount=1
D/InputTransport(  708): channel 'WindowManager (server)' : action=ACTION_DOWN, downTime=297369291476000, eventTime=297369291476000, pointerCount=1
I/ViewRootImpl( 1418): ViewRoot's Touch Event : ACTION_DOWN
I/[LGHome]HOTSEAT( 1418): [LGHotseatCellLayout.java:1496:findCellArea()][Hotseat Click] clicked View position is 3
D/InputDispatcher(  708): notifyMotion - action=ACTION_UP, eventTime=297369373949000, downTime=297369291476000
D/InputTransport(  708): channel '10c11cef com.lge.launcher2/com.lge.launcher2.Launcher (server)' : action=ACTION_UP, downTime=297369291476000, eventTime=297369373949000, pointerCount=1
D/InputTransport(  708): channel '7e04da0 com.android.systemui.ImageWallpaper (server)' : action=ACTION_UP, downTime=297369291476000, eventTime=297369373949000, pointerCount=1
D/InputTransport(  708): channel 'WindowManager (server)' : action=ACTION_UP, downTime=297369291476000, eventTime=297369373949000, pointerCount=1
I/ViewRootImpl( 1418): ViewRoot's Touch Event : ACTION_UP
V/SoundPool(  708): play sampleID=1, leftVolume=1.000000, rightVolume=1.000000, priority=0, loop=0, rate=1.000000
V/SoundPool(  708): mState = 0 mChannelID=559, mNumChannels=2, mPos = 0, mPriority=-1, mLoop=0
V/SoundPool(  708): mState = 0 mChannelID=1061, mNumChannels=2, mPos = 0, mPriority=-1, mLoop=0
V/SoundPool(  708): mState = 0 mChannelID=710, mNumChannels=2, mPos = 0, mPriority=-1, mLoop=0
V/SoundPool(  708): mState = 4 mChannelID=1066, mNumChannels=2, mPos = 0, mPriority=0, mLoop=0
V/SoundPool(  708): Allocated active channel
V/SoundPool(  708): play channel 0xb48a68e4 state = 0
V/SoundPool(  708): SoundChannel::play 0xb48a68e4: sampleID=1, channelID=1067, leftVolume=1.000000, rightVolume=1.000000, priority=0, loop=0, rate=1.000000
V/AudioPolicyManager(  195): getOutput() device 2, stream 1, samplingRate 0, format 0, channelMask 3, flags 0
V/AudioPolicyManagerEx(  195): AudioPolicyManagerEx: getOutputForDevice
V/AudioPolicyManagerEx(  195): getOutput() returns output 2
V/AudioSystem(  708): getFrameCount() output 2, frameCount 1024
V/AudioPolicyManager(  195): getOutput() device 2, stream 1, samplingRate 0, format 0, channelMask 3, flags 0
V/AudioPolicyManagerEx(  195): AudioPolicyManagerEx: getOutputForDevice
V/AudioPolicyManagerEx(  195): getOutput() returns output 2
V/AudioTrack(  708): set(): streamType 1, sampleRate 48000, format 0x1, channelMask 0x3, frameCount 0, flags #4, notificationFrames 0, sessionId 0, transferType 0
V/AudioTrack(  708): sharedBuffer: 0x9c1fc000, size: 10640
V/AudioTrack(  708): set() streamType 1, sampleRate 48000, format 1, frameCount 0, flags 0004
I/AudioFlinger(  195): isAudioPlaybackHookOn() false
D/AudioTrack(  708): TrackOffload: AudioTrack Offload disabled by property, returning false
V/AudioPolicyManager(  195): getOutputForAttr() usage=13, content=4, tag= flags=00000000
V/AudioPolicyManager(  195): getOutputForAttr() device 2, samplingRate 48000, format 1, channelMask 3, flags 4
V/AudioPolicyManagerEx(  195): AudioPolicyManagerEx: getOutputForDevice
V/AudioPolicyManagerEx(  195): getOutput() returns output 2
V/AudioSystem(  708): getLatency() output 2, latency 92
V/AudioSystem(  708): getFrameCount() output 2, frameCount 1024
W/AudioTrack(  708): AUDIO_OUTPUT_FLAG_FAST denied by client
V/AudioTrack(  708): createTrack_l() output 2 afLatency 92
V/AudioTrack(  708): Create normal PCM 0x1 Track
V/AudioFlinger(  195): sharedBuffer: 0xb3047000, size: 10640
D/AudioMixer(  195): getTrackName, n 0 start init
V/AudioTrack(  708): Flags here  0x0 
V/SoundPool(  708): setVolume 0x90647f80
V/AudioFlinger(  195): start(4096), calling pid 708 session 3485
V/AudioFlinger(  195): ? => ACTIVE (4096) on thread 0xb4c98c00
V/AudioPolicyManagerEx(  195): startOutput() output 2, stream 1, session 3485
V/AudioPolicyManager(  195): changeRefCount() stream 1, count 1
V/AudioPolicyManagerEx(  195): getNewOutputDevice() selected device 2
V/AudioPolicyManagerEx(  195): AudioPolicyManagerEx::setOutputDevice
D/AudioPolicyManagerEx(  195): startOutput() checkAndSetVolume stream 1 output 2 filtered newDevice 2
V/SoundPool(  708): delete oldTrack 0x9c461e80
V/AudioTrack(  708): ~AudioTrack, releasing session id from 708 on behalf of 708
V/AudioResampler(  195): resampler load 42 -> 36 MHz due to delta -6 MHz from quality 6
D/AudioMixer(  195): deinitBliSrc
V/AudioFlinger(  195): PlaybackThread::Track destructor
I/libPerfService( 1376): 1: set freq: 1300000
I/libPerfService( 1376): 1: set: 4
D/PowerManagerExtJar( 1376): Support 0 : support Boost ID 1
D/AudioMixer(  195): downmixerBufferProvider 0
D/AudioMixer(  195): Creating resampler: format(0x1) channels(2) devSampleRate(44100) quality(0) resamplerChannelCount(2)
V/AudioResampler(  195): resampler load 36 -> 42 MHz due to delta +6 MHz from quality 6
V/AudioResampler(  195): Create dynamic Resampler = 6
I/PhoneWindow( 1418): [setNavigationBarColor] color=0x 0
I/[LGHome]EVENT( 1418): [Launcher.java:4855:setState()]WORKSPACE -> APPS_CUSTOMIZE
D/AudioResamplerDyn(  195): resample 542, mBuffer.raw == Null
V/AudioFlinger(  195): presentationComplete() mPresentationCompleteFrames 0 framesWritten 81920
V/AudioFlinger(  195): presentationComplete() reset: mPresentationCompleteFrames 85977 audioHalFrames 4057
V/AudioFlinger(  195): presentationComplete() mPresentationCompleteFrames 85977 framesWritten 81920
V/AudioFlinger(  195): presentationComplete() mPresentationCompleteFrames 85977 framesWritten 82944
V/AudioFlinger(  195): presentationComplete() mPresentationCompleteFrames 85977 framesWritten 82944
I/ActivityManager(  708): Killing 3839:com.lge.appbox.client/u0a9 (adj 15): empty #11
V/AudioFlinger(  195): presentationComplete() mPresentationCompleteFrames 85977 framesWritten 83968
V/AudioFlinger(  195): presentationComplete() mPresentationCompleteFrames 85977 framesWritten 83968
V/AudioFlinger(  195): presentationComplete() mPresentationCompleteFrames 85977 framesWritten 84992
V/AudioFlinger(  195): presentationComplete() mPresentationCompleteFrames 85977 framesWritten 84992
V/AudioFlinger(  195): presentationComplete() mPresentationCompleteFrames 85977 framesWritten 86016
D/AudioPolicyService(  195): AudioCommandThread() adding stopOutputSamplerateCommand 2
D/AudioPolicyService(  195): AudioCommandThread() processing stopoutputsamplerate 2
V/AudioPolicyManagerEx(  195): stopOutput() output 2, stream 1, session 3485
V/AudioPolicyManager(  195): changeRefCount() stream 1, count 0
V/AudioPolicyManagerEx(  195): getNewOutputDevice() selected device 0
V/AudioPolicyManagerEx(  195): AudioPolicyManagerEx::setOutputDevice
W/libprocessgroup(  708): failed to open /acct/uid_10009/pid_3839/cgroup.procs: No such file or directory
I/[SystemUI]LGPowerUI(  993): onReceive = com.lge.android.intent.action.BATTERYEX
I/[SystemUI]LGPowerUI(  993): levelEx = 100, plugTypeEx = 2, WirelessAlignment = 0, chargingCurrent = 0, orientation = PORTRAIT
I/[SystemUI]LGPowerUI(  993): On Skip Timer : true
D/WifiController(  708): battery changed pluggedType: 2
D/KeyguardUpdateMonitor(  993): Intent.ACTION_BATTERY_CHANGED status : 5 ,plugged : 2 ,level : 100 ,temperature : 270
I/[SystemUI]LGPowerUI(  993): onReceive = android.intent.action.BATTERY_CHANGED
I/[SystemUI]LGPowerUI(  993): level = 100, plugType = 2, plugged = true, mCharging = false, temperature = 270
I/[SystemUI]BatterySaverHandler(  993): onReceive = android.intent.action.BATTERY_CHANGED
I/art     ( 3982): CheckpointMarkThreadRoots callback created = 0xb042d620
I/art     ( 3982): CheckpointMarkThreadRoots callback created = 0xb042d600
W/ActivityManager(  708): getRunningAppProcesses: caller 10077 does not hold REAL_GET_TASKS; limiting output
V/SoundPool(  708): process 0xb48a699c channel 1066 event BUFFER_END
V/SoundPool(  708): awake
V/SoundPool(  708): Getting channel from stop list
V/SoundPool(  708): stop
V/AudioFlinger(  195): stop(4103), calling pid 708
V/AudioFlinger(  195): not stopping/stopped => stopping/stopped (4103) on thread 0xb4d2f000
V/SoundPool(  708): done_l(1066)
V/SoundPool(  708): move to front
I/ActivityManager(  708): Start proc com.google.process.gapps for content provider com.google.android.gsf/.gservices.GservicesProvider: pid=4012 uid=10004 gids={50004, 9997, 2001, 3003, 1007, 3006, 1028, 1015, 3002, 3001, 1005, 3007} abi=armeabi-v7a
I/GservicesProvider( 4012): Gservices pushing to system: true; secure/global: true
I/GoogleHttpClient( 4012): GMS http client unavailable, use old client
I/GoogleHttpClient( 4012): GMS http client unavailable, use old client
I/ActivityManager(  708): Start proc com.lge.bnr for broadcast com.lge.bnr/.receiver.BNRAppInstallReceiver: pid=4036 uid=1000 gids={41000, 9997, 1000, 1028, 1015, 2001, 3003, 1023, 1004, 2002, 3002, 3001, 3008, 1007, 1026, 3005, 1009, 1027, 1003, 1014, 1010, 4002, 1002, 3006} abi=armeabi
I/ActivityManager(  708): Killing 3857:com.android.contacts/u0a15 (adj 15): empty #11
W/libprocessgroup(  708): failed to open /acct/uid_10015/pid_3857/cgroup.procs: No such file or directory
I/ActivityManager(  708): Killing 3876:com.lge.email/u0a18 (adj 15): empty #11
W/libprocessgroup(  708): failed to open /acct/uid_10018/pid_3876/cgroup.procs: No such file or directory
D/[BNRAppListMgrReceiver]( 4036): android.intent.action.PACKAGE_ADDED : com.chaos.example.basic
W/MainApplication( 4036): onReceive intent : Intent { act=android.intent.action.BATTERY_CHANGED flg=0x60000010 (has extras) }
I/ActivityManager(  708): Killing 3897:com.android.gallery3d/u0a21 (adj 15): empty #11
V/SoundPool(  708): process 0xb48a68e4 channel 1067 event BUFFER_END
V/SoundPool(  708): awake
V/SoundPool(  708): Getting channel from stop list
V/SoundPool(  708): stop
V/AudioFlinger(  195): stop(4096), calling pid 708
V/AudioFlinger(  195): not stopping/stopped => stopping/stopped (4096) on thread 0xb4d2f000
V/SoundPool(  708): done_l(1067)
V/SoundPool(  708): move to front
W/libprocessgroup(  708): failed to open /acct/uid_10021/pid_3897/cgroup.procs: No such file or directory
I/ActivityManager(  708): Start proc com.google.android.googlequicksearchbox:search for broadcast com.google.android.googlequicksearchbox/com.google.android.apps.gsa.search.core.icingsync.IcingCorporaChangedReceiver: pid=4063 uid=10037 gids={50037, 9997, 3003, 3001, 1028, 3002, 1015, 1005} abi=armeabi-v7a
I/Icing   ( 1464): Usage reports 0 indexed 0 rejected 0 imm upload false
W/IcingInternalCorpora( 1464): getNumBytesRead when not calculated.
I/Icing   ( 1464): Usage reports 0 indexed 0 rejected 0 imm upload false
I/art     (  708): Explicit concurrent mark sweep GC freed 22468(1060KB) AllocSpace objects, 0(0B) LOS objects, 15% free, 22MB/26MB, paused 1.794ms total 131.331ms
D/CAR.SERVICE( 3722): onUnbind
D/CAR.SERVICE( 3722): CSB onClientsDisconnected
D/CAR.SERVICE( 3722): tearDown
D/CAR.SERVICE( 3722): tearDownCarState
D/CAR.SERVICE( 3722): Skip, car not connected.
D/CAR.SERVICE( 3722): tearDownClientState
D/CAR.TEL.Service( 3722): Unbinding from InCallService
W/ActivityManager(  708): Unbind failed: could not find connection for android.os.BinderProxy@362688d4
D/CAR.SERVICE( 3722):  isn't installed.
D/CAR.SERVICE( 3722): requestStop
D/CAR.SERVICE( 3722): onDestroy
D/CAR.SERVICE( 3722): tearDown
D/CAR.SERVICE( 3722): tearDownCarState
D/CAR.SERVICE( 3722): Skip, car not connected.
D/CAR.SERVICE( 3722): tearDownClientState
D/CAR.SERVICE( 3722): requestStop
I/[LGHome]NumberBadge.LGUnreadLgeEmailsBadge( 1418): [LGUnreadLgeEmailsBadge.java:107:countUnreadItems()]setTotalCount : 0
I/[LGHome]NumberBadge.LGUnreadLgeEmailsBadge( 1418): [LGUnreadLgeEmailsBadge.java:108:countUnreadItems()]countUnreadItems() ended..
I/[LGHome]NumberBadge.LGBroadCastBadge( 1418): [LGBroadCastBadge.java:53:updateBadgeIcon()][updateClassList : com.android.contacts.activities.DialtactsActivity = 0
I/[LGHome]NumberBadge.LGBroadCastBadge( 1418): [LGBroadCastBadge.java:53:updateBadgeIcon()][updateClassList : com.facebook.orca.auth.StartScreenActivity = 8
I/[LGHome]NumberBadge.LGBroadCastBadge( 1418): [LGBroadCastBadge.java:53:updateBadgeIcon()][updateClassList : com.duolingo.app.LoginActivity = 1
I/[LGHome]NumberBadge.LGBroadCastBadge( 1418): [LGBroadCastBadge.java:53:updateBadgeIcon()][updateClassList : com.android.mms.ui.ConversationList = 0
I/[LGHome]NumberBadge.LGBroadCastBadge( 1418): [LGBroadCastBadge.java:53:updateBadgeIcon()][updateClassList : com.lge.updatecenter.UpdateCenterPrfActivity = 0
I/ActivityManager(  708): Start proc com.maximko.cuber for broadcast com.maximko.cuber/com.appodeal.ads.AppodealPackageAddedReceiver: pid=4084 uid=10140 gids={50140, 9997, 3003, 1028, 1015} abi=armeabi-v7a
I/art     (  223): Explicit concurrent mark sweep GC freed 709(30KB) AllocSpace objects, 0(0B) LOS objects, 50% free, 3MB/7MB, paused 358us total 21.644ms
I/art     (  223): Explicit concurrent mark sweep GC freed 5(160B) AllocSpace objects, 0(0B) LOS objects, 50% free, 3MB/7MB, paused 311us total 18.776ms
I/art     (  223): Explicit concurrent mark sweep GC freed 5(160B) AllocSpace objects, 0(0B) LOS objects, 50% free, 3MB/7MB, paused 244us total 18.907ms
W/monodroid( 4084): Trying to load sgen from: /data/app/com.maximko.cuber-1/lib/arm/libmonosgen-2.0.so
I/UpdateIcingCorporaServi( 4063): Updating corpora: APPS=com.chaos.example.basic, CONTACTS=MAYBE
W/monodroid-gc( 4084): GREF GC Threshold: 46080
W/monodroid( 4084): Calling into managed runtime init
I/art     ( 4063): CheckpointMarkThreadRoots callback created = 0xb0492c30
I/art     ( 4063): CheckpointMarkThreadRoots callback created = 0xb0492c00
I/NotificationManager( 4063): com.google.android.googlequicksearchbox: cancel(10436) by com.google.android.googlequicksearchbox
I/Icing   ( 1464): Usage reports 0 indexed 0 rejected 0 imm upload true
I/UpdateIcingCorporaServi( 4063): UpdateCorporaTask done [took 162 ms] updated apps [took 162 ms] 
I/ActivityManager(  708): Killing 3916:com.lge.lockscreensettings/u0a62 (adj 15): empty #11
W/libprocessgroup(  708): failed to open /acct/uid_10062/pid_3916/cgroup.procs: No such file or directory
I/Icing   ( 1464): Indexing 04119BB7A30FC801F9C6ACB1E96CE19EA9763FB4 from com.google.android.gms
I/Icing   ( 1464): Not enough disk space for indexing trimmable
I/Icing   ( 1464): Not enough disk space for indexing trimmable
I/Icing   ( 1464): Indexing done 04119BB7A30FC801F9C6ACB1E96CE19EA9763FB4
I/ActivityManager(  708): Start proc net.mobilecraft.flickshoot2 for broadcast net.mobilecraft.flickshoot2/com.heyzap.sdk.ads.PackageAddedReceiver: pid=4116 uid=10136 gids={50136, 9997, 3003} abi=armeabi-v7a
I/ActivityManager(  708): Killing 3934:com.lge.eula/1000 (adj 15): empty #11
I/Icing   ( 1464): Indexing CF2C6F75BD94B1470DB49E61BAD5A3C755B478D2 from com.google.android.googlequicksearchbox
I/Icing   ( 1464): Not enough disk space for indexing trimmable
W/libprocessgroup(  708): failed to open /acct/uid_1000/pid_3934/cgroup.procs: No such file or directory
I/Icing   ( 1464): Not enough disk space for indexing trimmable
D/AudioSpeechEnhanceInfo(  195): SetOutputStreamRunning 0, SPELayer 0
E/        (  195): AudioCloseDumpPCMFile file== NULL
E/        (  195): AudioCloseDumpPCMFile file== NULL
E/        (  195): AudioCloseDumpPCMFile file== NULL
E/        (  195): AudioCloseDumpPCMFile file== NULL
D/MtkAudioLoud(  195): +ResetBuffer()
D/MtkAudioLoud(  195): -ResetBuffer()
I/ActivityManager(  708): Start proc com.android.contacts for broadcast com.android.contacts/.quickcontact.PackageIntentReceiver: pid=4133 uid=10015 gids={50015, 9997, 3003, 1028, 1015, 1023, 4002} abi=armeabi-v7a
I/Icing   ( 1464): Indexing done CF2C6F75BD94B1470DB49E61BAD5A3C755B478D2
I/ActivityManager(  708): Killing 3722:com.google.android.gms:car/u0a4 (adj 15): empty #11
W/libprocessgroup(  708): failed to open /acct/uid_10004/pid_3722/cgroup.procs: No such file or directory
W/ResourcesManager( 4133): Asset path '/system/framework/com.google.android.maps.jar' does not exist or contains no resources.
W/ResourcesManager( 4133): Asset path '/system/framework/com.lge.mdm.jar' does not exist or contains no resources.
W/ResourcesManager( 4133): Asset path '/system/framework/com.lge.telephony.sms.jar' does not exist or contains no resources.
W/ResourcesManager( 4133): Asset path '/system/framework/lghiddenlibs.jar' does not exist or contains no resources.
I/SystemConfig( 4133): BUILD Country: EU
I/SystemConfig( 4133): BUILD Operator: OPEN
I/NameIDHelper( 4133): NameIDHelper static init called
D/NameIDHelper( 4133): error trying to detect package -- we are probably not installed
I/SystemConfig( 4133): pm.hasSystemFeature(com.lge.ims.rcs) = false
I/SystemConfig( 4133): existFile = false
I/SystemConfig( 4133): canReadFile = false
I/SystemConfig( 4133): systemFeature RCS result false
D/SystemConfig( 4133): refreshRcsSupport() :false
D/LauncherStateReceiver2( 4133): .activities.CallLogSearchResolverActivity enable(1)/disable(2) : 2
D/LauncherStateReceiver2( 4133): .DialtactsRecentCallsEntryActivity enable(1)/disable(2) : 2
D/LauncherStateReceiver2( 4133): .alias.SpeedDialListActivity enable(1)/disable(2) : 2
I/ActivityManager(  708): Killing 3952:com.google.android.apps.docs/u0a47 (adj 15): empty #11
W/libprocessgroup(  708): failed to open /acct/uid_10047/pid_3952/cgroup.procs: No such file or directory
I/ActivityManager(  708): Start proc com.lge.sizechangable.weather.platform for broadcast com.lge.sizechangable.weather.platform/com.lge.sizechangable.weather.receiver.WSReceiver: pid=4152 uid=10066 gids={50066, 9997, 3003} abi=armeabi-v7a
I/libPerfService( 1376): 1: set: 1
I/libPerfService( 1376): 1: set freq: 0
I/art     ( 4152): Almond Protected OAT
I/ActivityManager(  708): Start proc com.google.android.apps.magazines for broadcast com.google.android.apps.magazines/com.google.apps.dots.android.app.receiver.FirstInstallNotificationReceiver: pid=4169 uid=10073 gids={50073, 9997, 3003, 1028, 1015} abi=armeabi-v7a
I/ActivityManager(  708): Killing 3613:com.android.vending/u0a33 (adj 15): empty #11
W/libprocessgroup(  708): failed to open /acct/uid_10033/pid_3613/cgroup.procs: No such file or directory
I/MultiDex( 4169): VM with version 2.1.0 has multidex support
I/MultiDex( 4169): install
I/MultiDex( 4169): VM has multidex support, MultiDex support library is disabled.
W/ActivityManager(  708): getRunningAppProcesses: caller 10073 does not hold REAL_GET_TASKS; limiting output
D/VoldCmdListener(  168): volume mkdirs /storage/external_SD/Android/data/com.google.android.apps.magazines/cache/
E/VolumeManager(  168): Failed to find mounted volume for /storage/external_SD/Android/data/com.google.android.apps.magazines/cache/
W/Vold    (  168): Returning OperationFailed - no handler for errno 0
W/ContextImpl( 4169): Failed to ensure directory: /storage/external_SD/Android/data/com.google.android.apps.magazines/cache
D/VoldCmdListener(  168): volume mkdirs /storage/external_SD/Android/data/com.google.android.apps.magazines/files/
E/VolumeManager(  168): Failed to find mounted volume for /storage/external_SD/Android/data/com.google.android.apps.magazines/files/
W/Vold    (  168): Returning OperationFailed - no handler for errno 0
W/ContextImpl( 4169): Failed to ensure directory: /storage/external_SD/Android/data/com.google.android.apps.magazines/files
I/GAv4    ( 4169): Google Analytics 8.2.98 is starting up. To enable debug logging on a device run:
I/GAv4    ( 4169):   adb shell setprop log.tag.GAv4 DEBUG
I/GAv4    ( 4169):   adb logcat -s GAv4
D/VoldCmdListener(  168): volume mkdirs /storage/external_SD/Android/data/com.google.android.apps.magazines/cache/
E/VolumeManager(  168): Failed to find mounted volume for /storage/external_SD/Android/data/com.google.android.apps.magazines/cache/
W/Vold    (  168): Returning OperationFailed - no handler for errno 0
W/ContextImpl( 4169): Failed to ensure directory: /storage/external_SD/Android/data/com.google.android.apps.magazines/cache
D/VoldCmdListener(  168): volume mkdirs /storage/external_SD/Android/data/com.google.android.apps.magazines/files/
E/VolumeManager(  168): Failed to find mounted volume for /storage/external_SD/Android/data/com.google.android.apps.magazines/files/
W/Vold    (  168): Returning OperationFailed - no handler for errno 0
W/ContextImpl( 4169): Failed to ensure directory: /storage/external_SD/Android/data/com.google.android.apps.magazines/files
W/GAv4    ( 4169): AnalyticsReceiver is not registered or is disabled. Register the receiver for reliable dispatching on non-Google Play devices. See http://goo.gl/8Rd3yj for instructions.
W/ActivityManager(  708): getRunningAppProcesses: caller 10073 does not hold REAL_GET_TASKS; limiting output
W/GAv4    ( 4169): AnalyticsService not registered in the app manifest. Hits might not be delivered reliably. See http://goo.gl/8Rd3yj for instructions.
I/NSApplication( 4169): Starting up...
W/ActivityManager(  708): getRunningAppProcesses: caller 10073 does not hold REAL_GET_TASKS; limiting output
W/ActivityManager(  708): getRunningAppProcesses: caller 10073 does not hold REAL_GET_TASKS; limiting output
I/ActivityManager(  708): Killing 3383:com.android.defcontainer/u0a3 (adj 15): empty #11
W/libprocessgroup(  708): failed to open /acct/uid_10003/pid_3383/cgroup.procs: No such file or directory
E/NetworkScheduler.SR( 1673): Invalid parameter app
E/NetworkScheduler.SR( 1673): Invalid package name : Perhaps you didn't include a PendingIntent in the extras?
I/NotificationManager( 4169): com.google.android.apps.magazines: cancel(10436) by com.google.android.apps.magazines
I/ActivityManager(  708): Start proc com.lge.qmemoplus for broadcast com.lge.qmemoplus/.DeviceBroadcastReceiver: pid=4217 uid=1000 gids={41000, 9997, 1000, 1028, 1015, 2001, 3003, 1023, 1004, 2002, 3002, 3001, 3008, 1007, 1026, 3005, 1009, 1027, 1003, 1014, 1010, 4002, 1002, 3006} abi=armeabi
W/GCoreFlp( 1673): No location to return for getLastLocation()
