W/WindowManager(  708): 	at com.android.server.wm.WindowManagerService.windowForClientLocked(WindowManagerService.java:8824)
W/WindowManager(  708): 	at com.android.server.wm.WindowManagerService.windowForClientLocked(WindowManagerService.java:8815)
W/WindowManager(  708): 	at com.android.server.wm.WindowManagerService.finishDrawingWindow(WindowManagerService.java:3493)
W/WindowManager(  708): 	at com.android.server.wm.Session.finishDrawing(Session.java:235)
W/WindowManager(  708): 	at android.view.ViewRootImpl.performDraw(ViewRootImpl.java:2463)
W/WindowManager(  708): 	at android.view.ViewRootImpl.performTraversals(ViewRootImpl.java:2056)
W/WindowManager(  708): 	at android.view.ViewRootImpl.doTraversal(ViewRootImpl.java:1136)
W/WindowManager(  708): 	at android.view.ViewRootImpl$TraversalRunnable.run(ViewRootImpl.java:5933)
W/WindowManager(  708): 	at android.view.Choreographer$CallbackRecord.run(Choreographer.java:767)
W/WindowManager(  708): 	at android.view.Choreographer.doCallbacks(Choreographer.java:580)
W/WindowManager(  708): 	at android.view.Choreographer.doFrame(Choreographer.java:550)
W/WindowManager(  708): 	at android.view.Choreographer$FrameDisplayEventReceiver.run(Choreographer.java:753)
W/WindowManager(  708): 	at android.os.Handler.handleCallback(Handler.java:739)
W/WindowManager(  708): 	at android.os.Handler.dispatchMessage(Handler.java:95)
W/WindowManager(  708): 	at android.os.Looper.loop(Looper.java:135)
W/WindowManager(  708): 	at android.os.HandlerThread.run(HandlerThread.java:61)
W/WindowManager(  708): 	at com.android.server.ServiceThread.run(ServiceThread.java:46)
W/WindowManager(  708): Failed looking up window
W/WindowManager(  708): java.lang.IllegalArgumentException: Requested window android.view.ViewRootImpl$W@3c0d1a79 does not exist
W/WindowManager(  708): 	at com.android.server.wm.WindowManagerService.windowForClientLocked(WindowManagerService.java:8824)
W/WindowManager(  708): 	at com.android.server.wm.WindowManagerService.windowForClientLocked(WindowManagerService.java:8815)
W/WindowManager(  708): 	at com.android.server.wm.WindowManagerService.removeWindow(WindowManagerService.java:2682)
W/WindowManager(  708): 	at com.android.server.wm.Session.remove(Session.java:191)
W/WindowManager(  708): 	at android.view.ViewRootImpl.dispatchDetachedFromWindow(ViewRootImpl.java:3017)
W/WindowManager(  708): 	at android.view.ViewRootImpl.doDie(ViewRootImpl.java:5530)
W/WindowManager(  708): 	at android.view.ViewRootImpl$ViewRootHandler.handleMessage(ViewRootImpl.java:3320)
W/WindowManager(  708): 	at android.os.Handler.dispatchMessage(Handler.java:102)
W/WindowManager(  708): 	at android.os.Looper.loop(Looper.java:135)
W/WindowManager(  708): 	at android.os.HandlerThread.run(HandlerThread.java:61)
W/WindowManager(  708): 	at com.android.server.ServiceThread.run(ServiceThread.java:46)
I/[SystemUI]StatusBar.NetworkController(  993): refreshViews 1 connected={ } level=5 mobileLabel=PLAY wifiLabel= emergencyOnly=false
D/WallpaperManager( 1418): suggestDesiredDimensions(854, 480) by package(com.lge.launcher2)
W/GAv4    ( 3539): AnalyticsReceiver is not registered or is disabled. Register the receiver for reliable dispatching on non-Google Play devices. See http://goo.gl/8Rd3yj for instructions.
W/ActivityManager(  708): getRunningAppProcesses: caller 10047 does not hold REAL_GET_TASKS; limiting output
I/SystemUI[Framework](  708): PhoneWindowManager.updateSystemUiVisibilityLw() :visibility=0x600, pkg=com.lge.launcher2
D/PhoneStatusBar(  993): setSystemUiVisibility vis=600 mask=ffffffff oldVal=0 newVal=600 diff=600
W/PhoneWindowManagerEx(  708): Call!!!getLGSystemUiVisibility. =0x0
D/StatusBarManagerServiceEx(  708): setLGSystemUiVisibility(0x0)
D/StatusBarManagerServiceEx(  708): manageNaviBtnDisableList userId=0 what=0x0 pkg=WindowManager.LayoutParams
I/SystemUI[Framework](  708): ==>disabledNaviBtn() what=0x0, token=android.os.Binder@3d9b72b2,  pkg=WindowManager.LayoutParams
I/SystemUI[Framework](  708): disableNaviBtn: mDisabledNaviBtn=0x0,  mDisableRecords.size=0
D/InputDispatcher(  708): Focus entered window: Window{9d30403 u0 com.lge.launcher2/com.lge.launcher2.Launcher}
I/WindowManager(  708): Rotation completion time: 165578604ms
D/PowerManagerExtJar( 1376): Not support 13 : Not support Boost ID 2
D/InputDispatcher(  708): setInputDispatchMode: enabled=1, frozen=1
I/[MALI][Gralloc](  169): usage: 0xb33, format: 1 stride: 480 vertical_stride: 854 size: 1639680
W/GAv4    ( 3539): CampaignTrackingReceiver is not registered, not exported or is disabled. Installation campaign tracking is not possible. See http://goo.gl/8Rd3yj for instructions.
V/ActivityManager(  708): Display changed displayId=0
V/SoundPool(  708): process 0xb48a699c channel 1064 event BUFFER_END
V/SoundPool(  708): awake
V/SoundPool(  708): Getting channel from stop list
V/SoundPool(  708): stop
I/InputReader(  708): Reconfiguring input devices.  changes=0x00000004
I/InputReader(  708): Device reconfigured: id=2, name='mtk-tpd', size 480x854, orientation 0, mode 1, display id 0
I/InputReader(  708): Device reconfigured: id=3, name='touch_dev', size 480x854, orientation 0, mode 1, display id 0
I/ActivityManager(  708): Config changes=480 {1.0 260mcc6mnc pl_PL ldltr sw320dp w320dp h498dp 240dpi nrml port finger -keyb/v/h -nav/h s.293fontTypeIndex0 defclr=0xff000000}
V/AudioFlinger(  195): stop(4103), calling pid 708
V/AudioFlinger(  195): not stopping/stopped => stopping/stopped (4103) on thread 0xb4d2f000
I/[MALI][Gralloc](  169): usage: 0xf02, format: 1 stride: 480 vertical_stride: 854 size: 1639680
D/DSDPConnection( 1300): Display #0 changed.
V/SoundPool(  708): done_l(1064)
V/SoundPool(  708): move to front
I/MaliEGL ( 1418): [Mali]window_type=1, is_framebuffer=0, errnum = 0
I/MaliEGL ( 1418): [Mali]surface->num_buffers=4, surface->num_frames=3, win_min_undequeued=1
I/MaliEGL ( 1418): [Mali]max_allowed_dequeued_buffers=3
I/[MALI][Gralloc](  169): usage: 0xf02, format: 1 stride: 480 vertical_stride: 854 size: 1639680
D/PhoneApp( 1300): onConfigurationChanged called
D/InCallFloatingView( 1300): onConfigurationChanged called..
D/InCallFloatingView( 1300): existsCallConnection() called...
D/InCallFloatingView( 1300): isCallStateOffHook called
D/PhoneUtils( 1300): getSubIdUsingSlotId() slotId:0 -> subId:1
I/[MALI][Gralloc](  169): usage: 0xf02, format: 1 stride: 480 vertical_stride: 854 size: 1639680
I/[MALI][Gralloc](  169): usage: 0xf02, format: 1 stride: 480 vertical_stride: 854 size: 1639680
I/[MALI][Gralloc](  169): usage: 0xf02, format: 1 stride: 480 vertical_stride: 854 size: 1639680
I/WindowManager(  708): Rotation completion time: 165578652ms
D/PhoneUtils( 1300): getSubIdUsingSlotId() slotId:0 -> subId:1
W/GAv4    ( 3539): AnalyticsService not registered in the app manifest. Hits might not be delivered reliably. See http://goo.gl/8Rd3yj for instructions.
D/PhoneUtils( 1300): getSubIdUsingSlotId() slotId:0 -> subId:1
D/PhoneUtils( 1300): getSubIdUsingSlotId() slotId:0 -> subId:1
D/InCallFloatingView( 1300): HJY mTelephonyManager.isOffhook() : false
D/BubblePopupHelper( 1418): isShowingBubblePopup : false
I/SystemUI[Framework](  708): PhoneWindowManager.updateSystemUiVisibilityLw() :visibility=0x8600, pkg=com.lge.launcher2
D/PhoneUtils( 1300): getSubIdUsingSlotId() slotId:0 -> subId:1
W/PhoneWindowManagerEx(  708): Call!!!getLGSystemUiVisibility. =0x0
D/StatusBarManagerServiceEx(  708): setLGSystemUiVisibility(0x0)
D/StatusBarManagerServiceEx(  708): manageNaviBtnDisableList userId=0 what=0x0 pkg=WindowManager.LayoutParams
I/SystemUI[Framework](  708): ==>disabledNaviBtn() what=0x0, token=android.os.Binder@3d9b72b2,  pkg=WindowManager.LayoutParams
I/SystemUI[Framework](  708): disableNaviBtn: mDisabledNaviBtn=0x0,  mDisableRecords.size=0
D/InCallFloatingView( 1300): HJY mTelephonyManager.isRinging() : false
D/InCallFloatingView( 1300): onConfigurationChanged return
D/LGNetworkSettings( 1300): onConfigurationChanged called
I/[LGHome]EVENT( 1418): [Launcher.java:5220:onStop()]onStop
I/[LGHome]EVENT( 1418): [LauncherModel.java:1400:stopLoader()]stopLoader
I/[LGHome]EVENT( 1418): [Launcher.java:2167:onDestroy()]onDestroy
I/Tethering(  708): StateReceiver onReceive action:android.intent.action.CONFIGURATION_CHANGED
I/Cliptray Service( 1376): cliptrayEventReceiver :onReceiveandroid.intent.action.CONFIGURATION_CHANGED
D/WeatherService( 2085): 2 : onReceive, action: android.intent.action.CONFIGURATION_CHANGED, Time(hour:min:sec) 22:29:24
D/WeatherService( 2085): 2 : onReceive ACTION_CONFIGURATION_CHANGED: 
D/WeatherService( 2085): 2 : isOrientatioinChanged=true
D/WeatherService( 2085): 2 : Ignore requestRefreshAppWidget
D/WeatherService( 2085): 2 : onReceive has processed, action: android.intent.action.CONFIGURATION_CHANGED, Time(hour:min:sec) 22:29:24
I/[LGHome]EVENT( 1418): [LauncherModel.java:1400:stopLoader()]stopLoader
I/[LgeWidgetLib]LgeAppWidgetHost( 1418): [LgeAppWidgetHost.java:130:destroyWidgetHost()]destroyWidgetHost()
I/[LgeWidgetLib]LgeAppWidgetHost( 1418): [LgeAppWidgetHost.java:190:deletePackageReceiver()]deletePackageReceiver
I/[LGHome]EVENT( 1418): [Launcher.java:2274:onDestroy()]onDestroy
I/TelephonyManager(  993): getDataEnabled() dds : subId=1, phone(slot)Id=0
I/TelephonyManager(  993): getDataEnabledUsingSubId()
D/BluetoothAdapter(  993): 468854331: getState() :  mService = null. Returning STATE_OFF
I/[SystemUI]BluetoothHandler(  993): getBTState : 10
W/[SystemUI]ColorInversionHandler(  993): SettingNotFoundException
D/InputDispatcher(  708): Focus left window: Window{9d30403 u0 com.lge.launcher2/com.lge.launcher2.Launcher}
D/InputDispatcher(  708): Window went away: Window{9d30403 u0 com.lge.launcher2/com.lge.launcher2.Launcher}
D/ContextHelper( 1418): convertTheme. context->name=com.lge.launcher2 themeResourceId=2131623936
I/[LGHome]EVENT( 1418): [Launcher.java:512:onCreate()]onCreate: 4.40.36
D/ContextHelper( 1418): convertTheme. context->name=com.lge.launcher2 themeResourceId=34210259
D/StatusBarKeyguardViewManager(  993): onConfigurationChanged() new Orientation : 1
D/StatusBarKeyguardViewManager(  993): adjustCameraSliderVisibility: shouldVisible = false, mGlanceViewNow = false
I/[LGHome]ConciergeBoardMngr( 1418): [ConciergeBoardMngr.java:36:init()]init()
I/[LgeWidgetLib]LgeAppWidgetHost( 1418): [LgeAppWidgetHost.java:180:initPackageUpdateReceiver()]initPackageUpdateReceiver
D/SplitWindow(  708): check instance of lgWin Window{15956c22 u0 SearchPanel}
D/PhoneStatusBar(  993): setSystemUiVisibility vis=8600 mask=ffffffff oldVal=600 newVal=8600 diff=8000
I/[SystemUI]NavigationThemeResource(  993): NavigationKey Color is changed(WHITE -> WHITE_WITH_SHADOW)
I/[SystemUI]NavigationThemeResource(  993):  BarMode=4, Theme=BLACK, LightBackground=false (Transparent)
I/[SystemUI]NavigationThemeResource(  993): , Keyguard show=false, IME shown=false, Panel expanded=false
I/[SystemUI]OperatorTextView(  993): Operator(100) is invalid
I/[SystemUI]OperatorTextView(  993): Operator(100) is invalid
I/[SystemUI]StatusBar.NetworkController(  993): refreshViews 1 connected={ } level=5 mobileLabel=PLAY wifiLabel= emergencyOnly=false
I/[SystemUI]Clock(  993): onReceive = android.intent.action.CONFIGURATION_CHANGED
I/[SystemUI]QSlide(  993): onReceive = android.intent.action.CONFIGURATION_CHANGED
I/[LGHome]EVENT( 1418): [Launcher.java:1412:setupManagers()]LGHome Theme = com.lge.launcher2.theme.optimus
I/PhoneWindow( 1418): [generateLayout] setColorNavigationBar => color=0x ff000001
D/PhoneWindowEx( 1418): [PWEx][generateLayout] setNavigationBarColor2 : colors=0xff000000
I/PhoneWindow( 1418): [setNavigationBarColor2] color=0x ff000000
I/[LGHome]Launcher( 1418): [Launcher.java:1426:setupManagers()]Disable Hotword Service
I/[LGHome]Launcher.Model( 1418): [LauncherModel.java:953:updateWorkspaceLayoutCells()]CellCountX = 4, CellCountY = 4
V/ILGDrmService(  200): eDRM_IsDRMByHnd +++
V/ILGDrmService(  200): eDRM_IsDRMByHnd ---#2
W/ResourcesManager(  993): Asset path '/system/framework/com.google.android.maps.jar' does not exist or contains no resources.
W/art     ( 3539): Suspending all threads took: 15.083ms
I/[SystemUI]BrightnessSlider(  993): onReceive = android.intent.action.CONFIGURATION_CHANGED
I/[SystemUI]VolumeSlider(  993): onReceive = android.intent.action.CONFIGURATION_CHANGED
I/[MALI][Gralloc](  169): usage: 0xf02, format: 1 stride: 480 vertical_stride: 68 size: 130560
I/MaliEGL (  993): [Mali]window_type=1, is_framebuffer=0, errnum = 0
I/MaliEGL (  993): [Mali]surface->num_buffers=4, surface->num_frames=3, win_min_undequeued=1
I/MaliEGL (  993): [Mali]max_allowed_dequeued_buffers=3
I/[MALI][Gralloc](  169): usage: 0xf02, format: 1 stride: 480 vertical_stride: 68 size: 130560
D/WallpaperManager( 1418): suggestDesiredDimensions(480, 854) by package(com.lge.launcher2)
I/PhoneWindow( 1418): [setNavigationBarColor] color=0x 0
W/ResourceType( 1418): No package identifier when getting value for resource number 0x00000000
W/ResourceType( 1418): No package identifier when getting value for resource number 0x00000000
W/ResourceType( 1418): No package identifier when getting value for resource number 0x00000000
I/[MALI][Gralloc](  169): usage: 0xf02, format: 1 stride: 480 vertical_stride: 38 size: 72960
I/MaliEGL (  993): [Mali]window_type=1, is_framebuffer=0, errnum = 0
I/MaliEGL (  993): [Mali]surface->num_buffers=4, surface->num_frames=3, win_min_undequeued=1
I/MaliEGL (  993): [Mali]max_allowed_dequeued_buffers=3
I/[MALI][Gralloc](  169): usage: 0xf02, format: 1 stride: 480 vertical_stride: 38 size: 72960
I/art     ( 3539): CheckpointMarkThreadRoots callback created = 0xb042d800
I/CliptrayUtils( 1418): CliptrayUtils created!! mTextView = android.widget.SearchView$SearchAutoComplete{26d2139d VFED..C. ......ID 0,0-0,0 #1020385 android:id/search_src_text}
D/BubblePopupHelper( 1418): isShowingBubblePopup : false
I/Cliptray Service( 1376): cliptrayEventReceiver :onReceivecom.lge.systemservice.core.cliptray.HIDE_CLIPTRAY
D/InputDispatcher(  708): Window went away: Window{303be535 u0 SearchPanel}
D/LgeClockView(  993): java.util.GregorianCalendar[time=1486070965273,areFieldsSet=true,lenient=true,zone=Europe/Warsaw,firstDayOfWeek=2,minimalDaysInFirstWeek=4,ERA=1,YEAR=2017,MONTH=1,WEEK_OF_YEAR=5,WEEK_OF_MONTH=1,DAY_OF_MONTH=2,DAY_OF_YEAR=33,DAY_OF_WEEK=5,DAY_OF_WEEK_IN_MONTH=1,AM_PM=1,HOUR=10,HOUR_OF_DAY=22,MINUTE=29,SECOND=25,MILLISECOND=273,ZONE_OFFSET=3600000,DST_OFFSET=0]
D/LgeClockView(  993): java.util.GregorianCalendar[time=1486070965278,areFieldsSet=true,lenient=true,zone=Europe/Warsaw,firstDayOfWeek=2,minimalDaysInFirstWeek=4,ERA=1,YEAR=2017,MONTH=1,WEEK_OF_YEAR=5,WEEK_OF_MONTH=1,DAY_OF_MONTH=2,DAY_OF_YEAR=33,DAY_OF_WEEK=5,DAY_OF_WEEK_IN_MONTH=1,AM_PM=1,HOUR=10,HOUR_OF_DAY=22,MINUTE=29,SECOND=25,MILLISECOND=278,ZONE_OFFSET=3600000,DST_OFFSET=0]
D/LgeClockView(  993): java.util.GregorianCalendar[time=1486070965279,areFieldsSet=true,lenient=true,zone=Europe/Warsaw,firstDayOfWeek=2,minimalDaysInFirstWeek=4,ERA=1,YEAR=2017,MONTH=1,WEEK_OF_YEAR=5,WEEK_OF_MONTH=1,DAY_OF_MONTH=2,DAY_OF_YEAR=33,DAY_OF_WEEK=5,DAY_OF_WEEK_IN_MONTH=1,AM_PM=1,HOUR=10,HOUR_OF_DAY=22,MINUTE=29,SECOND=25,MILLISECOND=279,ZONE_OFFSET=3600000,DST_OFFSET=0]
I/[LGHome]LGMenuItemFactory( 1418): [LGMenuItemFactory.java:140:loadMenuItem()]loadMenuItem reload = true, isport=true
D/BubblePopupHelper( 1418): isShowingBubblePopup : false
I/[MALI][Gralloc](  169): usage: 0xf02, format: 1 stride: 480 vertical_stride: 68 size: 130560
I/PhoneWindow( 1418): [setNavigationBarColor] color=0x 0
I/[LGHome]LGMenuPagedAppsView( 1418): [LGMenuPagedAppsView.java:3902:setApps()]setApps mLauncher.isPaused() = true
I/[MALI][Gralloc](  169): usage: 0xf02, format: 1 stride: 480 vertical_stride: 38 size: 72960
I/PhoneWindow( 1418): [setNavigationBarColor] color=0x 0
I/[LGHome]EVENT( 1418): [Launcher.java:4855:setState()]WORKSPACE -> APPS_CUSTOMIZE
I/[LGHome]EVENT( 1418): [LauncherModel.java:1358:startLoader()]startLoader isLaunching=true
I/[LGHome]Launcher.Model( 1418): [LauncherModel.java:1475:loadAndBindWorkspace()]loadAndBindWorkspace=0ms
I/[LGHome]EVENT( 1418): [Launcher.java:5209:onStart()]onStart
I/[LGHome]EVENT( 1418): [Launcher.java:776:onResume()]onResume
I/[MALI][Gralloc](  169): usage: 0xf02, format: 1 stride: 480 vertical_stride: 38 size: 72960
I/art     ( 3539): CheckpointMarkThreadRoots callback created = 0xb042d7e0
W/art     ( 3539): Suspending all threads took: 19.967ms
I/ActivityManager(  708): Start proc com.android.vending for broadcast com.android.vending/com.google.android.finsky.receivers.PackageMonitorReceiver$RegisteredReceiver: pid=3613 uid=10033 gids={50033, 9997, 3003, 1028, 1015} abi=armeabi-v7a
I/ActivityManager(  708): Killing 3314:com.lge.bnr/1000 (adj 15): empty #11
I/[LGHome]LGActivityUtil( 1418): [LGActivityUtil.java:319:notifyToWeatherWidget()]broadcast to weather widget, intent: Intent { act=com.lge.launcher2.RESUME }
W/libprocessgroup(  708): failed to open /acct/uid_1000/pid_3314/cgroup.procs: No such file or directory
I/[LGHome]EVENT( 1418): [Launcher.java:929:onResume()]onResume end
D/BubblePopupHelper( 1418): isShowingBubblePopup : false
D/SplitWindow(  708): check instance of lgWin Window{10c11cef u0 com.lge.launcher2/com.lge.launcher2.Launcher}
I/Choreographer( 1418): Skipped 36 frames!  The application may be doing too much work on its main thread.
I/[LGHome]LGAppsCustomizeTabHost( 1418): [LGMenuTabHost.java:1785:onAttachedToWindow()]onAttachedToWindow()
I/Choreographer( 1137): Skipped 37 frames!  The application may be doing too much work on its main thread.
D/WallpaperManager( 1418): suggestDesiredDimensions(480, 854) by package(com.lge.launcher2)
D/InputDispatcher(  708): Focus entered window: Window{10c11cef u0 com.lge.launcher2/com.lge.launcher2.Launcher}
I/[MALI][Gralloc](  169): usage: 0xf02, format: 1 stride: 480 vertical_stride: 854 size: 1639680
I/MaliEGL ( 1418): [Mali]window_type=1, is_framebuffer=0, errnum = 0
I/MaliEGL ( 1418): [Mali]surface->num_buffers=4, surface->num_frames=3, win_min_undequeued=1
I/MaliEGL ( 1418): [Mali]max_allowed_dequeued_buffers=3
I/[MALI][Gralloc](  169): usage: 0xf02, format: 1 stride: 480 vertical_stride: 854 size: 1639680
I/[MALI][Gralloc](  169): usage: 0xf02, format: 1 stride: 480 vertical_stride: 854 size: 1639680
I/[MALI][Gralloc](  169): usage: 0xf02, format: 1 stride: 480 vertical_stride: 854 size: 1639680
I/[MALI][Gralloc](  169): usage: 0xf02, format: 1 stride: 480 vertical_stride: 854 size: 1639680
D/BubblePopupHelper( 1418): isShowingBubblePopup : false
D/BubblePopupHelper( 1418): isShowingBubblePopup : false
I/[LGHome]EVENT( 1418): [LauncherModel.java:1142:onReceive()]onReceive intent=Intent { act=android.intent.action.CONFIGURATION_CHANGED flg=0x70000010 }
I/[LGHome]EVENT( 1418): [LauncherModel.java:1215:onReceive()]Configuration Changed: {1.0 260mcc6mnc pl_PL ldltr sw320dp w320dp h498dp 240dpi nrml port finger -keyb/v/h -nav/h s.293fontTypeIndex0 defclr=0xff000000}
I/[LGHome]EVENT( 1418): [LauncherModel.java:1220:onReceive()]Previous Configuration: {1.0 260mcc6mnc pl_PL ldltr sw320dp w524dp h294dp 240dpi nrml land finger -keyb/v/h -nav/h s.292fontTypeIndex0 defclr=0xff000000}
I/[LGHome]NumberBadge.LGUnreadLgeEmailsBadge( 1418): [LGUnreadLgeEmailsBadge.java:107:countUnreadItems()]setTotalCount : 0
I/[LGHome]NumberBadge.LGUnreadLgeEmailsBadge( 1418): [LGUnreadLgeEmailsBadge.java:108:countUnreadItems()]countUnreadItems() ended..
I/[LGHome]EVENT( 1418): [Launcher.java:5704:onWindowFocusChanged()]onWindowFocusChanged() hasFocus true
I/PhoneWindow( 1418): [setNavigationBarColor] color=0x 0
I/[MALI][Gralloc](  169): usage: 0xf02, format: 1 stride: 864 vertical_stride: 854 size: 2951424
I/MaliEGL (  993): [Mali]window_type=1, is_framebuffer=0, errnum = 0
I/MaliEGL (  993): [Mali]surface->num_buffers=4, surface->num_frames=3, win_min_undequeued=1
I/MaliEGL (  993): [Mali]max_allowed_dequeued_buffers=3
I/[MALI][Gralloc](  169): usage: 0xf02, format: 1 stride: 864 vertical_stride: 854 size: 2951424
I/ActivityManager(  708): Start proc com.google.process.gapps for content provider com.google.android.gsf/.gservices.GservicesProvider: pid=3633 uid=10004 gids={50004, 9997, 2001, 3003, 1007, 3006, 1028, 1015, 3002, 3001, 1005, 3007} abi=armeabi-v7a
V/ILGDrmService(  200): eDRM_IsDRMByHnd +++
V/ILGDrmService(  200): eDRM_IsDRMByHnd ---#2
I/Timeline(  708): Timeline: Activity_windows_visible id: ActivityRecord{18c00288 u0 com.lge.launcher2/.Launcher t85} time:297362947
I/[LGHome]Launcher.Model( 1418): [LauncherModel.java:2270:run()] LauncherModel bind current page shortcut
I/GservicesProvider( 3633): Gservices pushing to system: true; secure/global: true
I/[LGHome]EVENT( 1418): [Workspace.java:917:addInScreen()]Add Shortcut [Internet] in screen 1 [1, 3]
I/[LGHome]EVENT( 1418): [Workspace.java:917:addInScreen()]Add Shortcut [Sklep Play] in screen 1 [2, 3]
I/[LGHome]EVENT( 1418): [Workspace.java:917:addInScreen()]Add Shortcut [Aparat] in screen 1 [3, 3]
I/[LGHome]EVENT( 1418): [Workspace.java:917:addInScreen()]Add Shortcut [Terminal Emulator] in screen 1 [1, 1]
I/ImageWallpaper(  993): updateWallpaperLocked() mBackground = android.graphics.Bitmap@466f6cb, width = 480, height = 854
I/[LGHome]EVENT( 1418): [Workspace.java:917:addInScreen()]Add Shortcut [Age of Civilizations Lite] in screen 1 [0, 2]
I/[MALI][Gralloc](  169): usage: 0xf02, format: 1 stride: 480 vertical_stride: 854 size: 1639680
I/[LGHome]EVENT( 1418): [Workspace.java:917:addInScreen()]Add Shortcut [Age of Civilizations Asia Lite] in screen 1 [3, 1]
I/MaliEGL (  993): [Mali]window_type=1, is_framebuffer=0, errnum = 0
I/MaliEGL (  993): [Mali]surface->num_buffers=4, surface->num_frames=3, win_min_undequeued=1
I/MaliEGL (  993): [Mali]max_allowed_dequeued_buffers=3
I/[MALI][Gralloc](  169): usage: 0xf02, format: 1 stride: 480 vertical_stride: 854 size: 1639680
I/[LGHome]EVENT( 1418): [Workspace.java:917:addInScreen()]Add Shortcut [Sowotok] in screen 1 [2, 2]
I/[LGHome]EVENT( 1418): [Workspace.java:917:addInScreen()]Add Shortcut [Pogoda] in screen 1 [0, 3]
I/[LGHome]EVENT( 1418): [Workspace.java:917:addInScreen()]Add Shortcut [NSS] in screen 1 [0, 1]
I/[LGHome]EVENT( 1418): [Workspace.java:917:addInScreen()]Add Shortcut [Cube Rubik] in screen 1 [2, 1]
I/[LGHome]EVENT( 1418): [Workspace.java:917:addInScreen()]Add Folder [Google] in screen 1 [1, 2]
I/[LGHome]Launcher.Model( 1418): [LauncherModel.java:2277:run()] LauncherModel bind current page widget
I/WindowManager(  708): Screen frozen for +955ms due to Window{7e04da0 u0 com.android.systemui.ImageWallpaper}
I/[LGHome]EVENT( 1418): [Workspace.java:917:addInScreen()]Add AppWidget [com.google.android.googlequicksearchbox.SearchWidgetProvider] in screen 1 [0, 0]
I/[LGHome]EVENT( 1418): [Workspace.java:917:addInScreen()]Add Shortcut [Galeria] in screen 2 [0, 3]
D/InputDispatcher(  708): setInputDispatchMode: enabled=1, frozen=0
I/[LGHome]EVENT( 1418): [Workspace.java:917:addInScreen()]Add Shortcut [Kalendarz] in screen 2 [1, 3]
I/[LGHome]EVENT( 1418): [Workspace.java:917:addInScreen()]Add Shortcut [E-mail] in screen 2 [2, 3]
I/[LGHome]EVENT( 1418): [Workspace.java:917:addInScreen()]Add Shortcut [Ustawienia] in screen 2 [3, 3]
I/[LGHome]EVENT( 1418): [Workspace.java:917:addInScreen()]Add Shortcut [Radio FM] in screen 2 [1, 0]
I/[LGHome]EVENT( 1418): [Workspace.java:917:addInScreen()]Add Shortcut [Zgadnij co to?] in screen 0 [2, 2]
I/[LGHome]EVENT( 1418): [Workspace.java:917:addInScreen()]Add Shortcut [Duolingo] in screen 0 [1, 3]
I/[LGHome]EVENT( 1418): [Workspace.java:917:addInScreen()]Add Shortcut [Messenger] in screen 0 [0, 3]
I/[LGHome]EVENT( 1418): [Workspace.java:917:addInScreen()]Add Shortcut [Tumacz] in screen 2 [3, 0]
I/[LGHome]NumberBadge.LGUnreadLgeEmailsBadge( 1418): [LGUnreadLgeEmailsBadge.java:107:countUnreadItems()]setTotalCount : 0
I/[LGHome]EVENT( 1418): [Workspace.java:917:addInScreen()]Add Shortcut [Square] in screen 0 [0, 2]
I/[LGHome]NumberBadge.LGUnreadLgeEmailsBadge( 1418): [LGUnreadLgeEmailsBadge.java:108:countUnreadItems()]countUnreadItems() ended..
I/[LGHome]EVENT( 1418): [Workspace.java:917:addInScreen()]Add Shortcut [Hi-Q MP3 Rec (Free)] in screen 2 [0, 0]
I/[LGHome]EVENT( 1418): [Workspace.java:917:addInScreen()]Add Shortcut [Flick Shoot 2] in screen 0 [1, 2]
I/WindowManager(  708): Rotation completion time: 165579617ms
I/GoogleHttpClient( 3633): GMS http client unavailable, use old client
W/Resources( 1418): Converting to float: TypedValue{t=0x3/d=0xf74 "0.6f" a=4 r=0x7f0c017c}
W/Resources( 1418): Converting to float: TypedValue{t=0x3/d=0xf7c "0.72f" a=4 r=0x7f0c017d}
W/Resources( 1418): Converting to float: TypedValue{t=0x3/d=0xf7a "0.51f" a=4 r=0x7f0c017e}
W/Resources( 1418): Converting to float: TypedValue{t=0x3/d=0xf76 "0.3f" a=4 r=0x7f0c017f}
W/Resources( 1418): Converting to float: TypedValue{t=0x3/d=0xf77 "0.7f" a=4 r=0x7f0c0180}
I/GoogleHttpClient( 3633): GMS http client unavailable, use old client
W/Resources( 1418): Converting to float: TypedValue{t=0x3/d=0xf7b "0.49f" a=4 r=0x7f0c0181}
W/Resources( 1418): Converting to float: TypedValue{t=0x3/d=0xf72 "0.69f" a=4 r=0x7f0c0182}
W/Resources( 1418): Converting to float: TypedValue{t=0x3/d=0xf73 "0.31f" a=4 r=0x7f0c0183}
W/Resources( 1418): Converting to float: TypedValue{t=0x3/d=0xf7d "0.28f" a=4 r=0x7f0c0184}
W/Resources( 1418): Converting to float: TypedValue{t=0x3/d=0xf6e "0.5f" a=4 r=0x7f0c0185}
W/Resources( 1418): Converting to float: TypedValue{t=0x3/d=0xf6e "0.5f" a=4 r=0x7f0c0186}
W/Resources( 1418): Converting to float: TypedValue{t=0x3/d=0xf75 "0.4f" a=4 r=0x7f0c0187}
I/[LgeWidgetLib]LgeAppWidgetHostView( 1418): [LgeAppWidgetHostView.java:147:initExtManager()]mExtViewHost created
I/PlayCommon( 3613): [33024] g.e: Preparing logs for uploading
E/[LgeWidgetLib]LgeAppWidgetHostView( 1418): [LgeAppWidgetHostView.java:150:initExtManager()]Cannot setExtViewHost, mExtViewHost --> null
I/[LGHome]EVENT( 1418): [Workspace.java:917:addInScreen()]Add AppWidget [com.lge.sizechangable.weather.layout.Weather4x2] in screen 0 [0, 0]
I/NotificationManager(  708): android: cancelAsUser(2) by android
D/BubblePopupHelper( 1418): isShowingBubblePopup : false
I/PlayCommon( 3613): [33024] com.google.android.play.a.g.a(1040): Connecting to server: https://play.googleapis.com/play/log?format=raw&proto_v2=true
I/Timeline( 1418): Timeline: Activity_idle id: android.os.BinderProxy@cb2d08a time:297363440
D/libc-netbsd( 3613): [getaddrinfo]: hostname=xxxxx; servname=(null); cache_mode=(null), netid=0; mark=0
D/libc-netbsd( 3613): [getaddrinfo]: ai_addrlen=0; ai_canonname=xxxxx; ai_flags=4; ai_family=0
D/libc-netbsd( 3613): [getaddrinfo]: hostname=xxxxx; servname=(null); cache_mode=(null), netid=0; mark=0
D/libc-netbsd( 3613): [getaddrinfo]: ai_addrlen=0; ai_canonname=xxxxx; ai_flags=1024; ai_family=0
E/BandwidthController(  192): [LG DATA] No such appUid: 10033
D/DnsProxyListener(  192): App 10033 tries DNS query. Accept family:0 protocol:0
D/libc-netbsd(  192): [getaddrinfo]: hostname=xxxxx; servname=(null); cache_mode=local, netid=0; mark=917504
D/libc-netbsd(  192): [getaddrinfo]: ai_addrlen=0; ai_canonname=xxxxx; ai_flags=1024; ai_family=0
D/libc-netbsd(  192): default dns: query_ipv6=0, query_ipv4=0
D/DSQN    (  708): DNSproblemNotiEnabled is disabled ignore DNS fail CB
I/System.out( 3613): [CDS][DNS]Unable to resolve host "play.googleapis.com": No address associated with hostname
E/PlayCommon( 3613): [33024] com.google.android.play.a.g.a(1051): Failed to connect to server: java.net.UnknownHostException: Unable to resolve host "play.googleapis.com": No address associated with hostname
I/Finsky  ( 3613): [1] com.google.android.finsky.dailyhygiene.DailyHygiene.a(285): No recent hygiene success, needs more hygiene.
W/Settings( 3613): Setting download_manager_max_bytes_over_mobile has moved from android.provider.Settings.Secure to android.provider.Settings.Global.
W/Settings( 3613): Setting download_manager_recommended_max_bytes_over_mobile has moved from android.provider.Settings.Secure to android.provider.Settings.Global.
I/NotificationManager( 3613): com.android.vending: cancel(-1050172287) by com.android.vending
I/Finsky  ( 3613): [1] com.google.android.finsky.v.a.a(187): Enabling bucket experiment: factor=1.000, zeroDelta=0ms, forceNetwork=true
V/DownloadManager( 2307): starting query, database is not null; projection[0] is _id; projection[1] is entity; projection[2] is _data; projection[3] is mimetype; projection[4] is visibility; projection[5] is destination; projection[6] is control; projection[7] is status; projection[8] is lastmod; projection[9] is notificationpackage; projection[10] is notificationclass; projection[11] is total_bytes; projection[12] is current_bytes; projection[13] is title; projection[14] is description; projection[15] is uri; projection[16] is is_visible_in_downloads_ui; projection[17] is hint; projection[18] is mediaprovider_uri; projection[19] is deleted; projection[20] is title AS _display_name; projection[21] is total_bytes AS _size; projection[22] is drm_status; projection[23] is external_control; projection[24] is cid; projection[25] is multi; projection[26] is retryinsinglemode; projection[27] is type_sort_index; selection is notificationclass=?; selectionArgs[0] is com.google.android.finsky.download.DownloadBroadcastReceiver; sort is null.
V/DownloadManager( 2307): created cursor android.database.sqlite.SQLiteCursor@371bf911 on behalf of 3613
I/NotificationManager( 3613): com.android.vending: cancel(-1050172287) by com.android.vending
I/ActivityManager(  708): Start proc com.google.android.apps.plus for broadcast com.google.android.apps.plus/.service.PhotosAppTransitionMonitor: pid=3689 uid=10077 gids={50077, 9997, 3003, 3002, 1028, 1015} abi=armeabi-v7a
D/BubblePopupHelper( 1418): isShowingBubblePopup : false
D/BubblePopupHelper( 1418): isShowingBubblePopup : false
W/OpenGLRenderer( 1418): Incorrectly called buildLayer on View: ShortcutAndWidgetContainer, destroying layer...
W/OpenGLRenderer( 1418): Incorrectly called buildLayer on View: ShortcutAndWidgetContainer, destroying layer...
W/OpenGLRenderer( 1418): Incorrectly called buildLayer on View: ShortcutAndWidgetContainer, destroying layer...
I/Finsky  ( 3613): [1] com.google.android.finsky.s.i.run(207): Loaded library for account: [c848h1Wlcdr8HeVW3izWBnWrIcI]
I/Finsky  ( 3613): [1] com.google.android.finsky.s.i.run(213): Finished loading 1 libraries.
I/Finsky  ( 3613): [1] com.google.android.finsky.d.a.a.a(240): result=false type=4
I/WearableService( 1673): Wear is not allowed to run on this device. Not starting Wear service.
W/ResourcesManager( 3689): Asset path '/system/framework/com.google.android.maps.jar' does not exist or contains no resources.
I/ActivityManager(  708): Killing 3406:com.lge.appbox.client/u0a9 (adj 15): empty #11
I/NotificationManager( 3613): com.android.vending: cancel(-555892993) by com.android.vending
I/Finsky  ( 3613): [1] com.google.android.finsky.services.az.a(928): Restore complete with 0 success and 0 failed.
W/libprocessgroup(  708): failed to open /acct/uid_10009/pid_3406/cgroup.procs: No such file or directory
E/Finsky  ( 3613): [1] com.google.android.finsky.wear.bl.a(847): onConnectionFailed: ConnectionResult{statusCode=API_UNAVAILABLE, resolution=null, message=null}
I/Finsky  ( 3613): [1] com.google.android.finsky.wear.aj.run(2402): Dropping command=send_installed_apps due to Gms not connected
I/ActivityManager(  708): Killing 3440:com.android.contacts/u0a15 (adj 15): empty #11
W/libprocessgroup(  708): failed to open /acct/uid_10015/pid_3440/cgroup.procs: No such file or directory
D/AudioSpeechEnhanceInfo(  195): SetOutputStreamRunning 0, SPELayer 0
E/        (  195): AudioCloseDumpPCMFile file== NULL
E/        (  195): AudioCloseDumpPCMFile file== NULL
E/        (  195): AudioCloseDumpPCMFile file== NULL
E/        (  195): AudioCloseDumpPCMFile file== NULL
D/MtkAudioLoud(  195): +ResetBuffer()
D/MtkAudioLoud(  195): -ResetBuffer()
W/art     ( 3689): Suspending all threads took: 6.737ms
I/Finsky  ( 3613): [1] com.google.android.finsky.dailyhygiene.DailyHygiene$DailyHygieneService.onStartCommand(2375): Beginning daily hygiene, foreground = false
I/Finsky  ( 3613): [1] com.google.android.finsky.dailyhygiene.DailyHygiene.a(435): Probe [c848h1Wlcdr8HeVW3izWBnWrIcI] for daily hygiene pass
I/[LGHome]NumberBadge.LGUnreadLgeEmailsBadge( 1418): [LGUnreadLgeEmailsBadge.java:107:countUnreadItems()]setTotalCount : 0
I/[LGHome]NumberBadge.LGUnreadLgeEmailsBadge( 1418): [LGUnreadLgeEmailsBadge.java:108:countUnreadItems()]countUnreadItems() ended..
I/[LGHome]NumberBadge.LGBroadCastBadge( 1418): [LGBroadCastBadge.java:53:updateBadgeIcon()][updateClassList : com.android.contacts.activities.DialtactsActivity = 0
I/[LGHome]NumberBadge.LGBroadCastBadge( 1418): [LGBroadCastBadge.java:53:updateBadgeIcon()][updateClassList : com.facebook.orca.auth.StartScreenActivity = 8
I/[LGHome]NumberBadge.LGBroadCastBadge( 1418): [LGBroadCastBadge.java:53:updateBadgeIcon()][updateClassList : com.duolingo.app.LoginActivity = 1
I/[LGHome]NumberBadge.LGBroadCastBadge( 1418): [LGBroadCastBadge.java:53:updateBadgeIcon()][updateClassList : com.android.mms.ui.ConversationList = 0
I/[LGHome]NumberBadge.LGBroadCastBadge( 1418): [LGBroadCastBadge.java:53:updateBadgeIcon()][updateClassList : com.lge.updatecenter.UpdateCenterPrfActivity = 0
I/NotificationManager(  708): android: cancelAsUser(2) by android
I/art     ( 3689): CheckpointMarkThreadRoots callback created = 0xb042d620
I/NotificationManager(  708): android: cancelAsUser(2) by android
I/art     ( 3689): CheckpointMarkThreadRoots callback created = 0xb042d600
I/libPerfService( 1376): 1: set: 1
I/libPerfService( 1376): 1: set freq: 0
W/ActivityManager(  708): getRunningAppProcesses: caller 10077 does not hold REAL_GET_TASKS; limiting output
D/libc-netbsd( 3613): [getaddrinfo]: hostname=xxxxx; servname=(null); cache_mode=(null), netid=0; mark=0
D/libc-netbsd( 3613): [getaddrinfo]: ai_addrlen=0; ai_canonname=xxxxx; ai_flags=4; ai_family=0
D/libc-netbsd( 3613): [getaddrinfo]: hostname=xxxxx; servname=(null); cache_mode=(null), netid=0; mark=0
D/libc-netbsd( 3613): [getaddrinfo]: ai_addrlen=0; ai_canonname=xxxxx; ai_flags=1024; ai_family=0
E/BandwidthController(  192): [LG DATA] No such appUid: 10033
D/DnsProxyListener(  192): App 10033 tries DNS query. Accept family:0 protocol:0
D/libc-netbsd(  192): [getaddrinfo]: hostname=xxxxx; servname=(null); cache_mode=local, netid=0; mark=917504
D/libc-netbsd(  192): [getaddrinfo]: ai_addrlen=0; ai_canonname=xxxxx; ai_flags=1024; ai_family=0
D/libc-netbsd(  192): default dns: query_ipv6=0, query_ipv4=0
D/DSQN    (  708): DNSproblemNotiEnabled is disabled ignore DNS fail CB
I/System.out( 3613): [CDS][DNS]Unable to resolve host "android.clients.google.com": No address associated with hostname
W/Finsky  ( 3613): [1] com.google.android.finsky.dailyhygiene.c.a(533): Unable to preload experiments: com.android.volley.NoConnectionError: java.net.UnknownHostException: Unable to resolve host "android.clients.google.com": No address associated with hostname
I/NotificationManager(  708): android: cancelAsUser(2) by android
I/NotificationManager(  708): android: cancelAsUser(2) by android
D/libc-netbsd( 3613): [getaddrinfo]: hostname=xxxxx; servname=(null); cache_mode=(null), netid=0; mark=0
D/libc-netbsd( 3613): [getaddrinfo]: ai_addrlen=0; ai_canonname=xxxxx; ai_flags=4; ai_family=0
W/Finsky  ( 3613): [1] com.google.android.finsky.dailyhygiene.d.a(617): Self-update check failed with error: com.android.volley.NoConnectionError: java.net.UnknownHostException: Unable to resolve host "android.clients.google.com": No address associated with hostname
I/ActivityManager(  708): Start proc com.google.android.gms:car for service com.google.android.gms/.car.CarService: pid=3722 uid=10004 gids={50004, 9997, 2001, 3003, 1007, 3006, 1028, 1015, 3002, 3001, 1005, 3007} abi=armeabi-v7a
I/NotificationManager(  708): android: cancelAsUser(2) by android
I/art     (  708): Explicit concurrent mark sweep GC freed 27330(1411KB) AllocSpace objects, 2(32KB) LOS objects, 15% free, 22MB/26MB, paused 2.119ms total 136.554ms
W/ResourcesManager( 3722): Asset path '/system/framework/com.android.media.remotedisplay.jar' does not exist or contains no resources.
W/ResourcesManager( 3722): Asset path '/system/framework/com.android.location.provider.jar' does not exist or contains no resources.
I/NotificationManager(  708): android: cancelAsUser(2) by android
D/libc-netbsd( 3613): [getaddrinfo]: hostname=xxxxx; servname=(null); cache_mode=(null), netid=0; mark=0
D/libc-netbsd( 3613): [getaddrinfo]: ai_addrlen=0; ai_canonname=xxxxx; ai_flags=4; ai_family=0
W/Finsky  ( 3613): [1] com.google.android.finsky.s.ad.a(565): Library replication failed: com.android.volley.NoConnectionError: java.net.UnknownHostException: Unable to resolve host "android.clients.google.com": No address associated with hostname
I/ActivityManager(  708): Start proc com.lge.bnr for broadcast com.lge.bnr/.receiver.BNRAppInstallReceiver: pid=3760 uid=1000 gids={41000, 9997, 1000, 1028, 1015, 2001, 3003, 1023, 1004, 2002, 3002, 3001, 3008, 1007, 1026, 3005, 1009, 1027, 1003, 1014, 1010, 4002, 1002, 3006} abi=armeabi
V/JNIHelp ( 3722): Registering com/google/android/gms/org/conscrypt/NativeCrypto's 235 native methods...
I/art     ( 3722): Rejecting re-init on previously-failed class java.lang.Class<com.google.android.gms.org.conscrypt.OpenSSLExtendedSessionImpl>
I/art     ( 3722): Rejecting re-init on previously-failed class java.lang.Class<com.google.android.gms.org.conscrypt.OpenSSLExtendedSessionImpl>
D/[BNRAppListMgrReceiver]( 3760): android.intent.action.PACKAGE_REMOVED : com.chaos.example.basic
W/MainApplication( 3760): onReceive intent : Intent { act=android.intent.action.BATTERY_CHANGED flg=0x60000010 (has extras) }
W/ActivityThread( 3722): ClassLoader.loadClass: The class loader returned by Thread.getContextClassLoader() may fail for processes that host multiple applications. You should explicitly specify a context class loader. For example: Thread.setContextClassLoader(getClass().getClassLoader());
W/System  ( 3722): Could not create com.google.android.gms.org.conscrypt.OpenSSLSocketFactoryImpl with ClassLoader android.app.LoadedApk$WarningContextClassLoader@225c68b8: com.google.android.gms.org.conscrypt.OpenSSLSocketFactoryImpl
I/ProviderInstaller( 3722): Installed default security provider GmsCore_OpenSSL
I/NotificationManager( 3722): com.google.android.gms: cancel(10436) by com.google.android.gms
I/NotificationManager( 3722): com.google.android.gms: cancel(39789) by com.google.android.gms
E/NetworkScheduler.SR( 1673): Invalid parameter app
E/NetworkScheduler.SR( 1673): Invalid package name : Perhaps you didn't include a PendingIntent in the extras?
I/art     ( 3722): CheckpointMarkThreadRoots callback created = 0xb042d4a0
I/ActivityManager(  708): Start proc com.google.android.googlequicksearchbox:search for broadcast com.google.android.googlequicksearchbox/com.google.android.apps.gsa.search.core.icingsync.IcingCorporaChangedReceiver: pid=3790 uid=10037 gids={50037, 9997, 3003, 3001, 1028, 3002, 1015, 1005} abi=armeabi-v7a
E/Drive.UninstallOperation( 1464): Package still installed com.chaos.example.basic
I/art     ( 3722): CheckpointMarkThreadRoots callback created = 0xb042d480
I/art     (  708): Explicit concurrent mark sweep GC freed 6276(288KB) AllocSpace objects, 0(0B) LOS objects, 15% free, 22MB/26MB, paused 2.076ms total 144.306ms
I/art     (  708): WaitForGcToComplete blocked for 98.858ms for cause HeapTrim
I/art     ( 3722): Rejecting re-init on previously-failed class java.lang.Class<kss>
I/art     ( 3722): Rejecting re-init on previously-failed class java.lang.Class<kss>
D/CAR.SERVICE( 3722): onBind
D/CAR.SERVICE( 3722): CSB onClientsConnected
D/CAR.TEL.Service( 3722): Binding to InCallService
W/ActivityManager(  708): Unable to start service Intent { act=local_action cmp=com.google.android.gms/.car.InCallService2 } U=0: not found
E/CAR.TEL.Service( 3722): Failed to bind to InCallService
I/DynamiteModule( 3722): Considering local module com.google.android.gms.googlecertificates:2 and remote module com.google.android.gms.googlecertificates:2
I/DynamiteModule( 3722): Selected remote version of com.google.android.gms.googlecertificates, version >= 2
I/art     ( 3722): DexFile_isDexOptNeeded failed to open oat file '/data/dalvik-cache/arm/data@data@com.google.android.gms@app_chimera@m@00000010@DynamiteModulesA_GmsCore_prodlmp_hdpi_release.apk@classes.dex' for file location '/data/data/com.google.android.gms/app_chimera/m/00000010/DynamiteModulesA_GmsCore_prodlmp_hdpi_release.apk': Failed to open oat filename for reading: No such file or directory
D/CAR.SERVICE( 3722): Package validated; name: com.android.vending
D/CAR.SERVICE( 3722): Android Auto doesn't have car home but we  have at least on alias in default or enabled state. Nothing to do.
I/ActivityManager(  708): Start proc com.google.android.partnersetup for broadcast com.google.android.partnersetup/.RlzPingBroadcastReceiver: pid=3817 uid=10007 gids={50007, 9997, 3003} abi=armeabi-v7a
I/ActivityManager(  708): Killing 3292:com.lge.email/u0a18 (adj 15): empty #11
W/libprocessgroup(  708): failed to open /acct/uid_10018/pid_3292/cgroup.procs: No such file or directory
D/CAR.SERVICE( 3722): Registering android.os.BinderProxy@369a8ca6
I/NotificationManager( 3613): com.android.vending: cancel(10436) by com.android.vending
D/CAR.SERVICE( 3722): Removing android.os.BinderProxy@369a8ca6
I/art     ( 3613): CheckpointMarkThreadRoots callback created = 0xb042db00
I/ActivityManager(  708): Start proc com.lge.appbox.client for broadcast com.lge.appbox.client/com.lge.appbox.manager.PreloadListManagerHelper: pid=3839 uid=10009 gids={50009, 9997, 3003, 1028, 1015, 2001} abi=armeabi-v7a
I/ActivityManager(  708): Killing 3465:com.android.gallery3d/u0a21 (adj 15): empty #11
I/art     ( 3613): CheckpointMarkThreadRoots callback created = 0xb042dad0
I/art     (  223): Explicit concurrent mark sweep GC freed 709(30KB) AllocSpace objects, 0(0B) LOS objects, 50% free, 3MB/7MB, paused 294us total 19.274ms
I/art     (  223): Explicit concurrent mark sweep GC freed 5(160B) AllocSpace objects, 0(0B) LOS objects, 50% free, 3MB/7MB, paused 241us total 18.515ms
I/art     (  223): Explicit concurrent mark sweep GC freed 5(160B) AllocSpace objects, 0(0B) LOS objects, 50% free, 3MB/7MB, paused 247us total 18.589ms
W/libprocessgroup(  708): failed to open /acct/uid_10021/pid_3465/cgroup.procs: No such file or directory
I/AppUp4:AppBoxCP( 3839): onCreate
W/AppUp4:DB( 3839):  [AppBoxDatabaseHelper] construct
I/AppUp4:DB( 3839):  setFingerPrint start
I/AppUp4:DB( 3839):  newfinger = lge/my50_global_com/my50:5.0.1/LRX21Y/153492133a01f:user/release-keys SDK version = 21
I/AppUp4:DB( 3839):  beforefinger = lge/my50_global_com/my50:5.0.1/LRX21Y/153492133a01f:user/release-keys
I/AppUp4:DB( 3839):  SDK version = 21
I/AppUp4:DB( 3839):  beforefinger == newfinger no write in DB
D/AppUp4:AppBoxApplication( 3839): AppBoxApplication onCreate()
I/ActivityManager(  708): Start proc com.android.contacts for broadcast com.android.contacts/.quickcontact.PackageIntentReceiver: pid=3857 uid=10015 gids={50015, 9997, 3003, 1028, 1015, 1023, 4002} abi=armeabi-v7a
I/ActivityManager(  708): Killing 3484:com.android.settings/1000 (adj 15): empty #11
W/libprocessgroup(  708): failed to open /acct/uid_1000/pid_3484/cgroup.procs: No such file or directory
I/NotificationManager(  708): android: cancelAsUser(2) by android
W/ResourcesManager( 3857): Asset path '/system/framework/com.google.android.maps.jar' does not exist or contains no resources.
W/ResourcesManager( 3857): Asset path '/system/framework/com.lge.mdm.jar' does not exist or contains no resources.
W/ResourcesManager( 3857): Asset path '/system/framework/com.lge.telephony.sms.jar' does not exist or contains no resources.
W/ResourcesManager( 3857): Asset path '/system/framework/lghiddenlibs.jar' does not exist or contains no resources.
I/NotificationManager(  708): android: cancelAsUser(2) by android
D/libc-netbsd( 3613): [getaddrinfo]: hostname=xxxxx; servname=(null); cache_mode=(null), netid=0; mark=0
D/libc-netbsd( 3613): [getaddrinfo]: ai_addrlen=0; ai_canonname=xxxxx; ai_flags=4; ai_family=0
W/Finsky  ( 3613): [1] com.google.android.finsky.autoupdate.w.a(261): Update check failed: com.android.volley.NoConnectionError: java.net.UnknownHostException: Unable to resolve host "android.clients.google.com": No address associated with hostname
I/Finsky  ( 3613): [1] com.google.android.finsky.dailyhygiene.DailyHygiene.c(824): Logging device features
I/Finsky  ( 3613): [1] com.google.android.finsky.selfupdate.SelfUpdateCheckerScheduler.a(53): Cancelling accelerated self-Update check
W/InstanceID/Rpc( 3613): Found 10004
I/Finsky  ( 3613): [1] com.google.android.finsky.dailyhygiene.DailyHygiene.a(1283): Scheduling new run in 9 minutes (failures=1)
I/SystemConfig( 3857): BUILD Country: EU
I/SystemConfig( 3857): BUILD Operator: OPEN
E/Finsky  ( 3613): [1] com.google.android.finsky.wear.bl.a(847): onConnectionFailed: ConnectionResult{statusCode=API_UNAVAILABLE, resolution=null, message=null}
I/Finsky  ( 3613): [1] com.google.android.finsky.wear.aj.run(2402): Dropping command=hygiene due to Gms not connected
I/ActivityManager(  708): Killing 3422:com.lge.lockscreensettings/u0a62 (adj 15): empty #11
I/ActivityManager(  708): Killing 3502:com.android.keychain/1000 (adj 15): empty #12
W/libprocessgroup(  708): failed to open /acct/uid_10062/pid_3422/cgroup.procs: No such file or directory
W/libprocessgroup(  708): failed to open /acct/uid_1000/pid_3502/cgroup.procs: No such file or directory
I/NameIDHelper( 3857): NameIDHelper static init called
D/NameIDHelper( 3857): error trying to detect package -- we are probably not installed
I/ActivityManager(  708): Killing 3539:com.google.android.apps.docs/u0a47 (adj 15): empty #11
I/SystemConfig( 3857): pm.hasSystemFeature(com.lge.ims.rcs) = false
I/SystemConfig( 3857): existFile = false
I/SystemConfig( 3857): canReadFile = false
I/SystemConfig( 3857): systemFeature RCS result false
D/SystemConfig( 3857): refreshRcsSupport() :false
I/ActivityManager(  708): Start proc com.lge.email for broadcast com.lge.email/.receiver.PackageChangeReceiver: pid=3876 uid=10018 gids={50018, 9997, 3003, 4002, 1023, 1028, 1015, 3001, 3002} abi=armeabi-v7a
W/libprocessgroup(  708): failed to open /acct/uid_10047/pid_3539/cgroup.procs: No such file or directory
W/ResourcesManager( 3876): Asset path '/system/framework/com.google.android.maps.jar' does not exist or contains no resources.
W/ResourcesManager( 3876): Asset path '/system/framework/com.lge.mdm.jar' does not exist or contains no resources.
I/LGEmail ( 3876): [lifecycle]--onCreate() (at EmailMainApp.java onCreate 179)[v:null]
D/LGEmail ( 3876): user build Type == true (at Util.java isUserModeBuildType 3516)[v:6.41.26]
W/ActivityManager(  708): getRunningAppProcesses: caller 10018 is using old GET_TASKS but privileged; allowing
I/PackageChangeReceiver( 3876): intent action : android.intent.action.PACKAGE_ADDED (at PackageChangeReceiver.java onReceive 20)
I/ActivityManager(  708): Start proc com.android.gallery3d for broadcast com.android.gallery3d/.app.PackagesMonitor: pid=3897 uid=10021 gids={50021, 9997, 3003, 1028, 1015, 1023, 4002, 4003} abi=armeabi-v7a
I/ActivityManager(  708): Killing 3689:com.google.android.apps.plus/u0a77 (adj 15): empty #11
W/libprocessgroup(  708): failed to open /acct/uid_10077/pid_3689/cgroup.procs: No such file or directory
D/PhoneUtils( 1300): getSubIdUsingSlotId() slotId:0 -> subId:1
I/[SystemUI]StatusBar.NetworkController(  993): onSignalStrengthsChanged signalStrength=SignalStrength: 14 99 -120 -160 -120 0 -1 99 2147483647 2147483647 2147483647 2147483647 2147483647 gsm|lte 11 level=5
D/TelephonyIcons(  993): updateDataType sub=0, type=10, inetCondition=0 showAtLeast3G=false show4GforLte=true hspaDistinguishable=true
D/TelephonyIcons(  993): data type item name: array/telephony_data_type_sim1
V/TelecomServiceImpl( 1300): getCallState : 0
D/TelephonyIcons(  993): data type item id: 2131230724
D/TelephonyIcons(  993): updateDataType mSelectedDataTypeIcon[0]=2130839081, mSelectedDataActivityIndex=6
D/PhoneInterfaceManager( 1300): [PhoneIntfMgr] mSigLevel = 5
W/ResourcesManager( 3897): Asset path '/system/framework/com.google.android.maps.jar' does not exist or contains no resources.
W/ResourcesManager( 3897): Asset path '/system/framework/com.google.android.media.effects.jar' does not exist or contains no resources.
W/ResourcesManager( 3897): Asset path '/system/framework/com.lge.divx.jar' does not exist or contains no resources.
I/[SystemUI]StatusBar.NetworkController(  993): refreshViews 1 connected={ } level=5 mobileLabel=PLAY wifiLabel= emergencyOnly=false
I/AppConfig( 3897): Total System Memory = 1011826688
I/GalleryUtils( 3897): Application Heap = 128 MB
I/AppConfig( 3897): App Tier : MID_LOW
I/ActivityManager(  708): Start proc com.lge.lockscreensettings for broadcast com.lge.lockscreensettings/.PackageIntentReceiver: pid=3916 uid=10062 gids={50062, 9997, 1028, 1015} abi=armeabi-v7a
I/ActivityManager(  708): Killing 3633:com.google.process.gapps/u0a4 (adj 15): empty #11
W/libprocessgroup(  708): failed to open /acct/uid_10004/pid_3633/cgroup.procs: No such file or directory
I/LockScreenSettings( 3916): Wallpaper base directory = /data/data/com.lge.lockscreensettings/files/
